Archive member included because of file (symbol)

build/sky/contiki-ng-sky.a(sht11-sensor.o)
                              udp-server.o (sht11_sensor)
build/sky/contiki-ng-sky.a(uart1-putchar.o)
                              udp-server.o (putchar)
build/sky/contiki-ng-sky.a(platform.o)
                              build/sky/obj/contiki-main.o (platform_init_stage_one)
build/sky/contiki-ng-sky.a(msp430.o)
                              build/sky/contiki-ng-sky.a(platform.o) (msp430_dco_required)
build/sky/contiki-ng-sky.a(clock.o)
                              build/sky/obj/contiki-main.o (clock_init)
build/sky/contiki-ng-sky.a(leds.o)
                              build/sky/contiki-ng-sky.a(platform.o) (leds_init)
build/sky/contiki-ng-sky.a(leds-arch.o)
                              build/sky/contiki-ng-sky.a(leds.o) (leds_arch_init)
build/sky/contiki-ng-sky.a(watchdog.o)
                              build/sky/obj/contiki-main.o (watchdog_start)
build/sky/contiki-ng-sky.a(rtimer-arch.o)
                              build/sky/contiki-ng-sky.a(sht11-sensor.o) (rtimer_arch_now)
build/sky/contiki-ng-sky.a(autostart.o)
                              build/sky/obj/contiki-main.o (autostart_start)
build/sky/contiki-ng-sky.a(energest.o)
                              build/sky/obj/contiki-main.o (energest_init)
build/sky/contiki-ng-sky.a(etimer.o)
                              build/sky/contiki-ng-sky.a(clock.o) (etimer_request_poll)
build/sky/contiki-ng-sky.a(log.o)
                              udp-server.o (log_6addr)
build/sky/contiki-ng-sky.a(ctimer.o)
                              build/sky/obj/contiki-main.o (ctimer_init)
build/sky/contiki-ng-sky.a(rtimer.o)
                              build/sky/obj/contiki-main.o (rtimer_init)
build/sky/contiki-ng-sky.a(node-id.o)
                              build/sky/obj/contiki-main.o (node_id_init)
build/sky/contiki-ng-sky.a(process.o)
                              build/sky/contiki-ng-sky.a(etimer.o) (process_current)
build/sky/contiki-ng-sky.a(timer.o)
                              build/sky/contiki-ng-sky.a(platform.o) (timer_set)
build/sky/contiki-ng-sky.a(list.o)
                              build/sky/contiki-ng-sky.a(ctimer.o) (list_init)
build/sky/contiki-ng-sky.a(random.o)
                              build/sky/contiki-ng-sky.a(platform.o) (random_init)
build/sky/contiki-ng-sky.a(queuebuf.o)
                              build/sky/obj/contiki-main.o (queuebuf_init)
build/sky/contiki-ng-sky.a(packetbuf.o)
                              build/sky/contiki-ng-sky.a(queuebuf.o) (packetbuf_copyto)
build/sky/contiki-ng-sky.a(netstack.o)
                              build/sky/obj/contiki-main.o (netstack_init)
build/sky/contiki-ng-sky.a(linkaddr.o)
                              build/sky/contiki-ng-sky.a(platform.o) (linkaddr_copy)
build/sky/contiki-ng-sky.a(csma.o)
                              build/sky/obj/contiki-main.o (csma_driver)
build/sky/contiki-ng-sky.a(csma-output.o)
                              build/sky/contiki-ng-sky.a(csma.o) (csma_output_packet)
build/sky/contiki-ng-sky.a(uip-ds6.o)
                              build/sky/obj/contiki-main.o (uip_ds6_get_link_local)
build/sky/contiki-ng-sky.a(uip-ds6-route.o)
                              build/sky/contiki-ng-sky.a(uip-ds6.o) (uip_ds6_route_init)
build/sky/contiki-ng-sky.a(uip-ds6-nbr.o)
                              build/sky/contiki-ng-sky.a(uip-ds6.o) (uip_ds6_neighbors_init)
build/sky/contiki-ng-sky.a(tcpip.o)
                              build/sky/obj/contiki-main.o (tcpip_process)
build/sky/contiki-ng-sky.a(uip6.o)
                              build/sky/contiki-ng-sky.a(tcpip.o) (uip_aligned_buf)
build/sky/contiki-ng-sky.a(uip-nd6.o)
                              build/sky/contiki-ng-sky.a(uip6.o) (uip_nd6_init)
build/sky/contiki-ng-sky.a(simple-udp.o)
                              udp-server.o (simple_udp_sendto)
build/sky/contiki-ng-sky.a(sicslowpan.o)
                              build/sky/obj/contiki-main.o (sicslowpan_driver)
build/sky/contiki-ng-sky.a(uiplib.o)
                              build/sky/contiki-ng-sky.a(log.o) (uiplib_ipaddr_snprint)
build/sky/contiki-ng-sky.a(rpl.o)
                              udp-server.o (rpl_lite_driver)
build/sky/contiki-ng-sky.a(rpl-icmp6.o)
                              build/sky/contiki-ng-sky.a(rpl.o) (rpl_icmp6_init)
build/sky/contiki-ng-sky.a(rpl-dag-root.o)
                              build/sky/contiki-ng-sky.a(rpl.o) (rpl_dag_root_set_prefix)
build/sky/contiki-ng-sky.a(contiki-sky-pla)
                              build/sky/contiki-ng-sky.a(platform.o) (init_platform)
build/sky/contiki-ng-sky.a(sht11.o)
                              build/sky/contiki-ng-sky.a(sht11-sensor.o) (sht11_init)
build/sky/contiki-ng-sky.a(button-sensor.o)
                              build/sky/contiki-ng-sky.a(contiki-sky-pla) (button_sensor)
build/sky/contiki-ng-sky.a(ds2411.o)
[...]
Memory Configuration

Name             Origin             Length             Attributes
sfr              0x0000000000000000 0x0000000000000010
peripheral_8bit  0x0000000000000010 0x00000000000000f0
peripheral_16bit 0x0000000000000100 0x0000000000000100
ram_mirror       0x0000000000000200 0x0000000000000800 xw
infomem          0x0000000000001000 0x0000000000000100
infob            0x0000000000001000 0x0000000000000080
infoa            0x0000000000001080 0x0000000000000080
ram              0x0000000000001100 0x0000000000002800 xw
rom              0x0000000000004000 0x000000000000bfe0 xr
vectors          0x000000000000ffe0 0x0000000000000020
bsl              0x0000000000000000 0x0000000000000000
infoc            0x0000000000000000 0x0000000000000000
infod            0x0000000000000000 0x0000000000000000
ram2             0x0000000000000000 0x0000000000000000 xw
usbram           0x0000000000000000 0x0000000000000000 xw
far_rom          0x0000000000000000 0x0000000000000000
*default*        0x0000000000000000 0xffffffffffffffff

Linker script and memory map

LOAD /usr/lib/gcc/msp430/4.6.3/mmpy-16/crt0ivtbl16.o
                0x0000000000002d7a                _stack = _end
LOAD udp-server.o
LOAD build/sky/obj/contiki-main.o
LOAD build/sky/contiki-ng-sky.a
LOAD /usr/lib/gcc/msp430/4.6.3/mmpy-16/libgcc.a
LOAD /usr/lib/gcc/msp430/4.6.3/../../../../msp430/lib/mmpy-16/libc.a
LOAD /usr/lib/gcc/msp430/4.6.3/mmpy-16/libgcc.a
LOAD /usr/lib/gcc/msp430/4.6.3/mmpy-16/libcrt0.a
                0x0000000000000080                PROVIDE (__info_segment_size, 0x80)
                0x0000000000001000                PROVIDE (__infob, 0x1000)
                0x0000000000001080                PROVIDE (__infoa, 0x1080)
                0x0000000000000000                __IE1 = 0x0
                0x0000000000000002                __IFG1 = 0x2
                0x0000000000000004                __ME1 = 0x4
                0x0000000000000001                __IE2 = 0x1
                0x0000000000000003                __IFG2 = 0x3
                0x0000000000000005                __ME2 = 0x5
                0x0000000000000120                __WDTCTL = 0x120
                0x0000000000000130                __MPY = 0x130
                0x0000000000000132                __MPYS = 0x132
                0x0000000000000134                __MAC = 0x134
                0x0000000000000136                __MACS = 0x136
                0x0000000000000138                __OP2 = 0x138
                0x000000000000013a                __RESLO = 0x13a
                0x000000000000013c                __RESHI = 0x13c
                0x000000000000013e                __SUMEXT = 0x13e
                0x0000000000000020                __P1IN = 0x20
                0x0000000000000021                __P1OUT = 0x21
                0x0000000000000022                __P1DIR = 0x22
                0x0000000000000023                __P1IFG = 0x23
                0x0000000000000024                __P1IES = 0x24
                0x0000000000000025                __P1IE = 0x25
                0x0000000000000026                __P1SEL = 0x26
                0x0000000000000028                __P2IN = 0x28
                0x0000000000000029                __P2OUT = 0x29
                0x000000000000002a                __P2DIR = 0x2a
                0x000000000000002b                __P2IFG = 0x2b
                0x000000000000002c                __P2IES = 0x2c
                0x000000000000002d                __P2IE = 0x2d
                0x000000000000002e                __P2SEL = 0x2e
                0x0000000000000018                __P3IN = 0x18
                0x0000000000000019                __P3OUT = 0x19
                0x000000000000001a                __P3DIR = 0x1a
                0x000000000000001b                __P3SEL = 0x1b
                0x000000000000001c                __P4IN = 0x1c
                0x000000000000001d                __P4OUT = 0x1d
                0x000000000000001e                __P4DIR = 0x1e
                0x000000000000001f                __P4SEL = 0x1f
                0x0000000000000030                __P5IN = 0x30
                0x0000000000000031                __P5OUT = 0x31
                0x0000000000000032                __P5DIR = 0x32
                0x0000000000000033                __P5SEL = 0x33
                0x0000000000000034                __P6IN = 0x34
                0x0000000000000035                __P6OUT = 0x35
                0x0000000000000036                __P6DIR = 0x36
                0x0000000000000037                __P6SEL = 0x37
                0x0000000000000070                __U0CTL = 0x70
                0x0000000000000071                __U0TCTL = 0x71
                0x0000000000000072                __U0RCTL = 0x72
                0x0000000000000073                __U0MCTL = 0x73
                0x0000000000000074                __U0BR0 = 0x74
                0x0000000000000075                __U0BR1 = 0x75
                0x0000000000000076                __U0RXBUF = 0x76
                0x0000000000000077                __U0TXBUF = 0x77
                0x0000000000000078                __U1CTL = 0x78
                0x0000000000000079                __U1TCTL = 0x79
                0x000000000000007a                __U1RCTL = 0x7a
                0x000000000000007b                __U1MCTL = 0x7b
                0x000000000000007c                __U1BR0 = 0x7c
                0x000000000000007d                __U1BR1 = 0x7d
                0x000000000000007e                __U1RXBUF = 0x7e
                0x000000000000007f                __U1TXBUF = 0x7f
                0x0000000000000050                __I2CIE = 0x50
                0x0000000000000051                __I2CIFG = 0x51
                0x0000000000000052                __I2CNDAT = 0x52
                0x0000000000000071                __I2CTCTL = 0x71
                0x0000000000000072                __I2CDCTL = 0x72
                0x0000000000000073                __I2CPSC = 0x73
                0x0000000000000074                __I2CSCLH = 0x74
                0x0000000000000075                __I2CSCLL = 0x75
                0x0000000000000076                __I2CDRB = 0x76
                0x0000000000000076                __I2CDRW = 0x76
                0x0000000000000118                __I2COA = 0x118
                0x000000000000011a                __I2CSA = 0x11a
                0x000000000000011c                __I2CIV = 0x11c
                0x000000000000012e                __TAIV = 0x12e
                0x0000000000000160                __TACTL = 0x160
                0x0000000000000162                __TACCTL0 = 0x162
                0x0000000000000164                __TACCTL1 = 0x164
                0x0000000000000166                __TACCTL2 = 0x166
                0x0000000000000170                __TAR = 0x170
                0x0000000000000172                __TACCR0 = 0x172
                0x0000000000000174                __TACCR1 = 0x174
                0x0000000000000176                __TACCR2 = 0x176
                0x000000000000011e                __TBIV = 0x11e
                0x0000000000000180                __TBCTL = 0x180
                0x0000000000000182                __TBCCTL0 = 0x182
                0x0000000000000184                __TBCCTL1 = 0x184
                0x0000000000000186                __TBCCTL2 = 0x186
                0x0000000000000188                __TBCCTL3 = 0x188
                0x000000000000018a                __TBCCTL4 = 0x18a
                0x000000000000018c                __TBCCTL5 = 0x18c
                0x000000000000018e                __TBCCTL6 = 0x18e
                0x0000000000000190                __TBR = 0x190
                0x0000000000000192                __TBCCR0 = 0x192
                0x0000000000000194                __TBCCR1 = 0x194
                0x0000000000000196                __TBCCR2 = 0x196
                0x0000000000000198                __TBCCR3 = 0x198
                0x000000000000019a                __TBCCR4 = 0x19a
                0x000000000000019c                __TBCCR5 = 0x19c
                0x000000000000019e                __TBCCR6 = 0x19e
                0x0000000000000056                __DCOCTL = 0x56
                0x0000000000000057                __BCSCTL1 = 0x57
                0x0000000000000058                __BCSCTL2 = 0x58
                0x0000000000000055                __SVSCTL = 0x55
                0x0000000000000128                __FCTL1 = 0x128
                0x000000000000012a                __FCTL2 = 0x12a
                0x000000000000012c                __FCTL3 = 0x12c
                0x0000000000000059                __CACTL1 = 0x59
                0x000000000000005a                __CACTL2 = 0x5a
                0x000000000000005b                __CAPD = 0x5b
                0x00000000000001a0                __ADC12CTL0 = 0x1a0
                0x00000000000001a2                __ADC12CTL1 = 0x1a2
                0x00000000000001a4                __ADC12IFG = 0x1a4
                0x00000000000001a6                __ADC12IE = 0x1a6
                0x00000000000001a8                __ADC12IV = 0x1a8
                0x0000000000000140                __ADC12MEM0 = 0x140
                0x0000000000000142                __ADC12MEM1 = 0x142
                0x0000000000000144                __ADC12MEM2 = 0x144
                0x0000000000000146                __ADC12MEM3 = 0x146
                0x0000000000000148                __ADC12MEM4 = 0x148
                0x000000000000014a                __ADC12MEM5 = 0x14a
                0x000000000000014c                __ADC12MEM6 = 0x14c
                0x000000000000014e                __ADC12MEM7 = 0x14e
                0x0000000000000150                __ADC12MEM8 = 0x150
                0x0000000000000152                __ADC12MEM9 = 0x152
                0x0000000000000154                __ADC12MEM10 = 0x154
                0x0000000000000156                __ADC12MEM11 = 0x156
                0x0000000000000158                __ADC12MEM12 = 0x158
                0x000000000000015a                __ADC12MEM13 = 0x15a
                0x000000000000015c                __ADC12MEM14 = 0x15c
                0x000000000000015e                __ADC12MEM15 = 0x15e
                0x0000000000000080                __ADC12MCTL0 = 0x80
                0x0000000000000081                __ADC12MCTL1 = 0x81
                0x0000000000000082                __ADC12MCTL2 = 0x82
                0x0000000000000083                __ADC12MCTL3 = 0x83
                0x0000000000000084                __ADC12MCTL4 = 0x84
                0x0000000000000085                __ADC12MCTL5 = 0x85
                0x0000000000000086                __ADC12MCTL6 = 0x86
                0x0000000000000087                __ADC12MCTL7 = 0x87
                0x0000000000000088                __ADC12MCTL8 = 0x88
                0x0000000000000089                __ADC12MCTL9 = 0x89
                0x000000000000008a                __ADC12MCTL10 = 0x8a
                0x000000000000008b                __ADC12MCTL11 = 0x8b
                0x000000000000008c                __ADC12MCTL12 = 0x8c
                0x000000000000008d                __ADC12MCTL13 = 0x8d
                0x000000000000008e                __ADC12MCTL14 = 0x8e
                0x000000000000008f                __ADC12MCTL15 = 0x8f
                0x00000000000001c0                __DAC12_0CTL = 0x1c0
                0x00000000000001c2                __DAC12_1CTL = 0x1c2
                0x00000000000001c8                __DAC12_0DAT = 0x1c8
                0x00000000000001ca                __DAC12_1DAT = 0x1ca
                0x0000000000000122                __DMACTL0 = 0x122
                0x0000000000000124                __DMACTL1 = 0x124
                0x00000000000001e0                __DMA0CTL = 0x1e0
                0x00000000000001e8                __DMA1CTL = 0x1e8
                0x00000000000001f0                __DMA2CTL = 0x1f0
                0x00000000000001e2                __DMA0SA = 0x1e2
                0x00000000000001e4                __DMA0DA = 0x1e4
                0x00000000000001e6                __DMA0SZ = 0x1e6
                0x00000000000001ea                __DMA1SA = 0x1ea
                0x00000000000001ec                __DMA1DA = 0x1ec
                0x00000000000001ee                __DMA1SZ = 0x1ee
                0x00000000000001f2                __DMA2SA = 0x1f2
                0x00000000000001f4                __DMA2DA = 0x1f4
                0x00000000000001f6                __DMA2SZ = 0x1f6

.hash
 *(.hash)

.dynsym
 *(.dynsym)

.dynstr
 *(.dynstr)

.gnu.version
 *(.gnu.version)

.gnu.version_d
 *(.gnu.version_d)

.gnu.version_r
 *(.gnu.version_r)

.rel.init
 *(.rel.init)

.rela.init
 *(.rela.init)

.rel.fini
 *(.rel.fini)

.rela.fini
 *(.rela.fini)

.rel.text
 *(.rel.text .rel.text.* .rel.gnu.linkonce.t.*)

.rela.text
 *(.rela.text .rela.text.* .rela.gnu.linkonce.t.*)

.rel.rodata
 *(.rel.rodata .rel.rodata.* .rel.gnu.linkonce.r.*)

.rela.rodata
 *(.rela.rodata .rela.rodata.* .rela.gnu.linkonce.r.*)

.rel.data
 *(.rel.data .rel.data.* .rel.gnu.linkonce.d.*)

.rela.data
 *(.rela.data .rela.data.* .rela.gnu.linkonce.d.*)

.rel.bss
 *(.rel.bss .rel.bss.* .rel.gnu.linkonce.b.*)

.rela.bss
 *(.rela.bss .rela.bss.* .rela.gnu.linkonce.b.*)

.rel.ctors
 *(.rel.ctors)

.rela.ctors
 *(.rela.ctors)

.rel.dtors
 *(.rel.dtors)

.rela.dtors
 *(.rela.dtors)

.rel.got
 *(.rel.got)

.rela.got
 *(.rela.got)

.rel.plt
 *(.rel.plt)

.rela.plt
 *(.rela.plt)

.text           0x0000000000004000     0xaaea
                0x0000000000004000                . = ALIGN (0x2)
 *(.init .init.*)
 *(.init0)
 .init0         0x0000000000004000        0x0 /usr/lib/gcc/msp430/4.6.3/mmpy-16/libcrt0.a(_reset_vector__.o)
                0x0000000000004000                _reset_vector__
 *(.init1)
 .init1         0x0000000000004000        0xc /usr/lib/gcc/msp430/4.6.3/mmpy-16/libcrt0.a(__watchdog_support.o)
                0x0000000000004000                __watchdog_support
 *(.init2)
 .init2         0x000000000000400c        0x4 /usr/lib/gcc/msp430/4.6.3/mmpy-16/libcrt0.a(__init_stack.o)
                0x000000000000400c                __init_stack
 *(.init3)
 .init3         0x0000000000004010        0x0 /usr/lib/gcc/msp430/4.6.3/mmpy-16/libcrt0.a(__low_level_init.o)
                0x0000000000004010                __low_level_init
 *(.init4)
 .init4         0x0000000000004010       0x18 /usr/lib/gcc/msp430/4.6.3/mmpy-16/libcrt0.a(_copy_data.o)
                0x0000000000004010                __do_copy_data
 .init4         0x0000000000004028       0x16 /usr/lib/gcc/msp430/4.6.3/mmpy-16/libcrt0.a(_clear_bss.o)
                0x0000000000004028                __do_clear_bss
 *(.init5)
 *(.init6)
 *(.init7)
 *(.init8)
 *(.init9)
 .init9         0x000000000000403e      0x22e build/sky/obj/contiki-main.o
                0x000000000000403e                main
 *(.fini9)
 .fini9         0x000000000000426c        0x0 /usr/lib/gcc/msp430/4.6.3/mmpy-16/libcrt0.a(__stop_progExec__.o)
                0x000000000000426c                __stop_progExec__
 *(.fini8)
 *(.fini7)
 *(.fini6)
 *(.fini5)
 *(.fini4)
 *(.fini3)
 *(.fini2)
 *(.fini1)
 *(.fini0)
 .fini0         0x000000000000426c        0x6 /usr/lib/gcc/msp430/4.6.3/mmpy-16/libcrt0.a(_endless_loop__.o)
                0x000000000000426c                _endless_loop__
 *(.fini .fini.*)
                0x0000000000004272                . = ALIGN (0x2)
                0x0000000000004272                __ctors_start = .
 *(.ctors)
                0x0000000000004272                __ctors_end = .
                0x0000000000004272                __dtors_start = .
 *(.dtors)
                0x0000000000004272                __dtors_end = .
                0x0000000000004272                . = ALIGN (0x2)
 *(.text .text.* .gnu.linkonce.t.*)
 .text          0x0000000000004272        0x4 /usr/lib/gcc/msp430/4.6.3/mmpy-16/crt0ivtbl16.o
                0x0000000000004272                __isr_14
                0x0000000000004272                __isr_11
                0x0000000000004272                __isr_2
                0x0000000000004272                __isr_7
                0x0000000000004272                __isr_0
                0x0000000000004272                __isr_8
                0x0000000000004272                __isr_3
                0x0000000000004272                __isr_12
                0x0000000000004272                __isr_13
                0x0000000000004272                __isr_9
 .text.udp_rx_callback
                0x0000000000004276       0x74 udp-server.o
 .text.get_temperature
                0x00000000000042ea       0x1c udp-server.o
                0x00000000000042ea                get_temperature
 .text.process_thread_udp_server_process
                0x0000000000004306       0x56 udp-server.o
 .text.status   0x000000000000435c       0x18 build/sky/contiki-ng-sky.a(sht11-sensor.o)
 .text.configure
                0x0000000000004374       0x40 build/sky/contiki-ng-sky.a(sht11-sensor.o)
 .text.value    0x00000000000043b4       0x2e build/sky/contiki-ng-sky.a(sht11-sensor.o)
 .text.putchar  0x00000000000043e2       0x10 build/sky/contiki-ng-sky.a(uart1-putchar.o)
                0x00000000000043e2                putchar
 .text.platform_init_stage_one
                0x00000000000043f2       0x12 build/sky/contiki-ng-sky.a(platform.o)
                0x00000000000043f2                platform_init_stage_one
 .text.platform_init_stage_two
                0x0000000000004404       0x66 build/sky/contiki-ng-sky.a(platform.o)
                0x0000000000004404                platform_init_stage_two
 .text.platform_init_stage_three
                0x000000000000446a       0x7a build/sky/contiki-ng-sky.a(platform.o)
                0x000000000000446a                platform_init_stage_three
 .text.platform_idle
                0x00000000000044e4       0x54 build/sky/contiki-ng-sky.a(platform.o)
                0x00000000000044e4                platform_idle
 .text.msp430_init_dco
                0x0000000000004538       0x84 build/sky/contiki-ng-sky.a(msp430.o)
                0x0000000000004538                msp430_init_dco
 .text.msp430_add_lpm_req
                0x00000000000045bc        0xc build/sky/contiki-ng-sky.a(msp430.o)
                0x00000000000045bc                msp430_add_lpm_req
 .text.msp430_cpu_init
                0x00000000000045c8       0x2a build/sky/contiki-ng-sky.a(msp430.o)
                0x00000000000045c8                msp430_cpu_init
 .text.splhigh_
                0x00000000000045f2        0x8 build/sky/contiki-ng-sky.a(msp430.o)
                0x00000000000045f2                splhigh_
 .text.msp430_sync_dco
                0x00000000000045fa       0x68 build/sky/contiki-ng-sky.a(msp430.o)
                0x00000000000045fa                msp430_sync_dco
 .text.timera1  0x0000000000004662       0xdc build/sky/contiki-ng-sky.a(clock.o)
                0x0000000000004662                __isr_5
                0x0000000000004662                timera1
 .text.clock_time
                0x000000000000473e       0x1a build/sky/contiki-ng-sky.a(clock.o)
                0x000000000000473e                clock_time
 .text.clock_init
                0x0000000000004758       0x28 build/sky/contiki-ng-sky.a(clock.o)
                0x0000000000004758                clock_init
 .text.clock_delay
                0x0000000000004780        0xc build/sky/contiki-ng-sky.a(clock.o)
                0x0000000000004780                clock_delay
 .text.clock_wait
                0x000000000000478c       0x34 build/sky/contiki-ng-sky.a(clock.o)
                0x000000000000478c                clock_wait
 .text.clock_seconds
                0x00000000000047c0       0x1a build/sky/contiki-ng-sky.a(clock.o)
                0x00000000000047c0                clock_seconds
 .text.leds_init
                0x00000000000047da        0x6 build/sky/contiki-ng-sky.a(leds.o)
                0x00000000000047da                leds_init
 .text.leds_on  0x00000000000047e0       0x12 build/sky/contiki-ng-sky.a(leds.o)
                0x00000000000047e0                leds_on
 .text.leds_off
                0x00000000000047f2       0x12 build/sky/contiki-ng-sky.a(leds.o)
                0x00000000000047f2                leds_off
 .text.leds_arch_init
                0x0000000000004804        0xe build/sky/contiki-ng-sky.a(leds-arch.o)
                0x0000000000004804                leds_arch_init
 .text.leds_arch_get
                0x0000000000004812       0x36 build/sky/contiki-ng-sky.a(leds-arch.o)
                0x0000000000004812                leds_arch_get
 .text.leds_arch_set
                0x0000000000004848       0x40 build/sky/contiki-ng-sky.a(leds-arch.o)
                0x0000000000004848                leds_arch_set
 .text.watchdog_interrupt
                0x0000000000004888        0x6 build/sky/contiki-ng-sky.a(watchdog.o)
                0x0000000000004888                __isr_10
                0x0000000000004888                watchdog_interrupt
 .text.watchdog_start
                0x000000000000488e       0x14 build/sky/contiki-ng-sky.a(watchdog.o)
                0x000000000000488e                watchdog_start
 .text.watchdog_periodic
                0x00000000000048a2       0x12 build/sky/contiki-ng-sky.a(watchdog.o)
                0x00000000000048a2                watchdog_periodic
 .text.watchdog_stop
                0x00000000000048b4       0x16 build/sky/contiki-ng-sky.a(watchdog.o)
                0x00000000000048b4                watchdog_stop
 .text.watchdog_init
                0x00000000000048ca       0x14 build/sky/contiki-ng-sky.a(watchdog.o)
                0x00000000000048ca                watchdog_init
 .text.timera0  0x00000000000048de       0x2e build/sky/contiki-ng-sky.a(rtimer-arch.o)
                0x00000000000048de                __isr_6
                0x00000000000048de                timera0
 .text.rtimer_arch_init
                0x000000000000490c        0xe build/sky/contiki-ng-sky.a(rtimer-arch.o)
                0x000000000000490c                rtimer_arch_init
 .text.rtimer_arch_now
                0x000000000000491a        0xe build/sky/contiki-ng-sky.a(rtimer-arch.o)
                0x000000000000491a                rtimer_arch_now
 .text.rtimer_arch_schedule
                0x0000000000004928        0x6 build/sky/contiki-ng-sky.a(rtimer-arch.o)
                0x0000000000004928                rtimer_arch_schedule
 .text.autostart_start
                0x000000000000492e       0x16 build/sky/contiki-ng-sky.a(autostart.o)
                0x000000000000492e                autostart_start
 .text.energest_init
                0x0000000000004944        0x2 build/sky/contiki-ng-sky.a(energest.o)
                0x0000000000004944                energest_init
 .text.energest_flush
                0x0000000000004946        0x2 build/sky/contiki-ng-sky.a(energest.o)
                0x0000000000004946                energest_flush
 .text.update_time
                0x0000000000004948       0x78 build/sky/contiki-ng-sky.a(etimer.o)
 .text.etimer_request_poll
                0x00000000000049c0        0xa build/sky/contiki-ng-sky.a(etimer.o)
                0x00000000000049c0                etimer_request_poll
 .text.process_thread_etimer_process
                0x00000000000049ca       0xc8 build/sky/contiki-ng-sky.a(etimer.o)
 .text.add_timer
                0x0000000000004a92       0x40 build/sky/contiki-ng-sky.a(etimer.o)
 .text.etimer_set
                0x0000000000004ad2       0x12 build/sky/contiki-ng-sky.a(etimer.o)
                0x0000000000004ad2                etimer_set
 .text.etimer_reset
                0x0000000000004ae4       0x12 build/sky/contiki-ng-sky.a(etimer.o)
                0x0000000000004ae4                etimer_reset
 .text.etimer_expired
                0x0000000000004af6        0xe build/sky/contiki-ng-sky.a(etimer.o)
                0x0000000000004af6                etimer_expired
 .text.etimer_pending
                0x0000000000004b04        0xc build/sky/contiki-ng-sky.a(etimer.o)
                0x0000000000004b04                etimer_pending
 .text.etimer_next_expiration_time
                0x0000000000004b10       0x16 build/sky/contiki-ng-sky.a(etimer.o)
                0x0000000000004b10                etimer_next_expiration_time
 .text.etimer_stop
                0x0000000000004b26       0x3c build/sky/contiki-ng-sky.a(etimer.o)
                0x0000000000004b26                etimer_stop
 .text.log_6addr
                0x0000000000004b62       0x32 build/sky/contiki-ng-sky.a(log.o)
                0x0000000000004b62                log_6addr
 .text.log_lladdr
                0x0000000000004b94       0x44 build/sky/contiki-ng-sky.a(log.o)
                0x0000000000004b94                log_lladdr
 .text.process_thread_ctimer_process
                0x0000000000004bd8       0xa4 build/sky/contiki-ng-sky.a(ctimer.o)
 .text.ctimer_init
                0x0000000000004c7c       0x18 build/sky/contiki-ng-sky.a(ctimer.o)
                0x0000000000004c7c                ctimer_init
 .text.ctimer_set_with_process
                0x0000000000004c94       0x4e build/sky/contiki-ng-sky.a(ctimer.o)
                0x0000000000004c94                ctimer_set_with_process
 .text.ctimer_set
                0x0000000000004ce2       0x10 build/sky/contiki-ng-sky.a(ctimer.o)
                0x0000000000004ce2                ctimer_set
 .text.ctimer_reset
                0x0000000000004cf2       0x30 build/sky/contiki-ng-sky.a(ctimer.o)
                0x0000000000004cf2                ctimer_reset
 .text.ctimer_stop
                0x0000000000004d22       0x28 build/sky/contiki-ng-sky.a(ctimer.o)
                0x0000000000004d22                ctimer_stop
 .text.ctimer_expired
                0x0000000000004d4a       0x32 build/sky/contiki-ng-sky.a(ctimer.o)
                0x0000000000004d4a                ctimer_expired
 .text.rtimer_init
                0x0000000000004d7c        0x6 build/sky/contiki-ng-sky.a(rtimer.o)
                0x0000000000004d7c                rtimer_init
 .text.rtimer_run_next
                0x0000000000004d82       0x26 build/sky/contiki-ng-sky.a(rtimer.o)
                0x0000000000004d82                rtimer_run_next
 .text.node_id_init
                0x0000000000004da8       0x14 build/sky/contiki-ng-sky.a(node-id.o)
                0x0000000000004da8                node_id_init
 .text.call_process
                0x0000000000004dbc       0x4a build/sky/contiki-ng-sky.a(process.o)
 .text.exit_process
                0x0000000000004e06       0x96 build/sky/contiki-ng-sky.a(process.o)
 .text.do_poll  0x0000000000004e9c       0x30 build/sky/contiki-ng-sky.a(process.o)
 .text.process_alloc_event
                0x0000000000004ecc        0xe build/sky/contiki-ng-sky.a(process.o)
                0x0000000000004ecc                process_alloc_event
 .text.process_init
                0x0000000000004eda       0x18 build/sky/contiki-ng-sky.a(process.o)
                0x0000000000004eda                process_init
 .text.process_run
                0x0000000000004ef2       0x92 build/sky/contiki-ng-sky.a(process.o)
                0x0000000000004ef2                process_run
 .text.process_nevents
                0x0000000000004f84        0xe build/sky/contiki-ng-sky.a(process.o)
                0x0000000000004f84                process_nevents
 .text.process_post
                0x0000000000004f92       0x42 build/sky/contiki-ng-sky.a(process.o)
                0x0000000000004f92                process_post
 .text.process_post_synch
                0x0000000000004fd4       0x12 build/sky/contiki-ng-sky.a(process.o)
                0x0000000000004fd4                process_post_synch
 .text.process_start
                0x0000000000004fe6       0x32 build/sky/contiki-ng-sky.a(process.o)
                0x0000000000004fe6                process_start
 .text.process_poll
                0x0000000000005018       0x18 build/sky/contiki-ng-sky.a(process.o)
                0x0000000000005018                process_poll
 .text.timer_set
                0x0000000000005030       0x1c build/sky/contiki-ng-sky.a(timer.o)
                0x0000000000005030                timer_set
 .text.timer_expired
                0x000000000000504c       0x2a build/sky/contiki-ng-sky.a(timer.o)
                0x000000000000504c                timer_expired
 .text.timer_reset
                0x0000000000005076       0x1c build/sky/contiki-ng-sky.a(timer.o)
                0x0000000000005076                timer_reset
 .text.list_init
                0x0000000000005092        0x6 build/sky/contiki-ng-sky.a(list.o)
                0x0000000000005092                list_init
 .text.list_head
                0x0000000000005098        0x4 build/sky/contiki-ng-sky.a(list.o)
                0x0000000000005098                list_head
 .text.list_tail
                0x000000000000509c       0x12 build/sky/contiki-ng-sky.a(list.o)
                0x000000000000509c                list_tail
 .text.list_remove
                0x00000000000050ae       0x34 build/sky/contiki-ng-sky.a(list.o)
                0x00000000000050ae                list_remove
 .text.list_push
                0x00000000000050e2       0x1a build/sky/contiki-ng-sky.a(list.o)
                0x00000000000050e2                list_push
 .text.list_add
                0x00000000000050fc       0x2a build/sky/contiki-ng-sky.a(list.o)
                0x00000000000050fc                list_add
 .text.list_length
                0x0000000000005126       0x10 build/sky/contiki-ng-sky.a(list.o)
                0x0000000000005126                list_length
 .text.list_item_next
                0x0000000000005136        0xc build/sky/contiki-ng-sky.a(list.o)
                0x0000000000005136                list_item_next
 .text.random_init
                0x0000000000005142        0x6 build/sky/contiki-ng-sky.a(random.o)
                0x0000000000005142                random_init
 .text.random_rand
                0x0000000000005148        0x6 build/sky/contiki-ng-sky.a(random.o)
                0x0000000000005148                random_rand
 .text.queuebuf_init
                0x000000000000514e       0x12 build/sky/contiki-ng-sky.a(queuebuf.o)
                0x000000000000514e                queuebuf_init
 .text.queuebuf_numfree
                0x0000000000005160        0xa build/sky/contiki-ng-sky.a(queuebuf.o)
                0x0000000000005160                queuebuf_numfree
 .text.queuebuf_new_from_packetbuf
                0x000000000000516a       0x52 build/sky/contiki-ng-sky.a(queuebuf.o)
                0x000000000000516a                queuebuf_new_from_packetbuf
 .text.queuebuf_update_attr_from_packetbuf
                0x00000000000051bc       0x12 build/sky/contiki-ng-sky.a(queuebuf.o)
                0x00000000000051bc                queuebuf_update_attr_from_packetbuf
 .text.queuebuf_free
                0x00000000000051ce       0x2a build/sky/contiki-ng-sky.a(queuebuf.o)
                0x00000000000051ce                queuebuf_free
 .text.queuebuf_to_packetbuf
                0x00000000000051f8       0x32 build/sky/contiki-ng-sky.a(queuebuf.o)
                0x00000000000051f8                queuebuf_to_packetbuf
 .text.packetbuf_hdrreduce
                0x000000000000522a       0x1a build/sky/contiki-ng-sky.a(packetbuf.o)
                0x000000000000522a                packetbuf_hdrreduce
 .text.packetbuf_set_datalen
                0x0000000000005244        0x6 build/sky/contiki-ng-sky.a(packetbuf.o)
                0x0000000000005244                packetbuf_set_datalen
 .text.packetbuf_hdrptr
                0x000000000000524a        0x6 build/sky/contiki-ng-sky.a(packetbuf.o)
                0x000000000000524a                packetbuf_hdrptr
 .text.packetbuf_datalen
                0x0000000000005250        0x6 build/sky/contiki-ng-sky.a(packetbuf.o)
                0x0000000000005250                packetbuf_datalen
 .text.packetbuf_hdrlen
                0x0000000000005256        0xa build/sky/contiki-ng-sky.a(packetbuf.o)
                0x0000000000005256                packetbuf_hdrlen
 .text.packetbuf_dataptr
                0x0000000000005260        0xc build/sky/contiki-ng-sky.a(packetbuf.o)
                0x0000000000005260                packetbuf_dataptr
 .text.packetbuf_copyto
                0x000000000000526c       0x46 build/sky/contiki-ng-sky.a(packetbuf.o)
                0x000000000000526c                packetbuf_copyto
 .text.packetbuf_totlen
                0x00000000000052b2        0xc build/sky/contiki-ng-sky.a(packetbuf.o)
                0x00000000000052b2                packetbuf_totlen
 .text.packetbuf_hdralloc
                0x00000000000052be       0x3a build/sky/contiki-ng-sky.a(packetbuf.o)
                0x00000000000052be                packetbuf_hdralloc
 .text.packetbuf_attr_clear
                0x00000000000052f8       0x28 build/sky/contiki-ng-sky.a(packetbuf.o)
                0x00000000000052f8                packetbuf_attr_clear
 .text.packetbuf_clear
                0x0000000000005320       0x12 build/sky/contiki-ng-sky.a(packetbuf.o)
                0x0000000000005320                packetbuf_clear
 .text.packetbuf_copyfrom
                0x0000000000005332       0x2e build/sky/contiki-ng-sky.a(packetbuf.o)
                0x0000000000005332                packetbuf_copyfrom
 .text.packetbuf_attr_copyto
                0x0000000000005360       0x22 build/sky/contiki-ng-sky.a(packetbuf.o)
                0x0000000000005360                packetbuf_attr_copyto
 .text.packetbuf_attr_copyfrom
                0x0000000000005382       0x24 build/sky/contiki-ng-sky.a(packetbuf.o)
                0x0000000000005382                packetbuf_attr_copyfrom
 .text.packetbuf_set_attr
                0x00000000000053a6        0xc build/sky/contiki-ng-sky.a(packetbuf.o)
                0x00000000000053a6                packetbuf_set_attr
 .text.packetbuf_attr
                0x00000000000053b2        0xa build/sky/contiki-ng-sky.a(packetbuf.o)
                0x00000000000053b2                packetbuf_attr
 .text.packetbuf_set_addr
                0x00000000000053bc       0x18 build/sky/contiki-ng-sky.a(packetbuf.o)
                0x00000000000053bc                packetbuf_set_addr
 .text.packetbuf_addr
                0x00000000000053d4       0x12 build/sky/contiki-ng-sky.a(packetbuf.o)
                0x00000000000053d4                packetbuf_addr
 .text.packetbuf_holds_broadcast
                0x00000000000053e6        0xe build/sky/contiki-ng-sky.a(packetbuf.o)
                0x00000000000053e6                packetbuf_holds_broadcast
 .text.netstack_process_ip_callback
                0x00000000000053f4       0x52 build/sky/contiki-ng-sky.a(netstack.o)
                0x00000000000053f4                netstack_process_ip_callback
 .text.netstack_init
                0x0000000000005446        0xe build/sky/contiki-ng-sky.a(netstack.o)
                0x0000000000005446                netstack_init
 .text.linkaddr_copy
                0x0000000000005454        0x8 build/sky/contiki-ng-sky.a(linkaddr.o)
                0x0000000000005454                linkaddr_copy
 .text.linkaddr_cmp
                0x000000000000545c       0x12 build/sky/contiki-ng-sky.a(linkaddr.o)
                0x000000000000545c                linkaddr_cmp
 .text.linkaddr_set_node_addr
                0x000000000000546e        0xc build/sky/contiki-ng-sky.a(linkaddr.o)
                0x000000000000546e                linkaddr_set_node_addr
 .text.on       0x000000000000547a        0x6 build/sky/contiki-ng-sky.a(csma.o)
 .text.off      0x0000000000005480        0x6 build/sky/contiki-ng-sky.a(csma.o)
 .text.max_payload
                0x0000000000005486       0x38 build/sky/contiki-ng-sky.a(csma.o)
 .text.send_packet
                0x00000000000054be        0x6 build/sky/contiki-ng-sky.a(csma.o)
 .text.input_packet
                0x00000000000054c4       0x54 build/sky/contiki-ng-sky.a(csma.o)
 .text.init     0x0000000000005518       0x1c build/sky/contiki-ng-sky.a(csma.o)
 .text.schedule_transmission
                0x0000000000005534       0x72 build/sky/contiki-ng-sky.a(csma-output.o)
 .text.tx_done  0x00000000000055a6       0x9a build/sky/contiki-ng-sky.a(csma-output.o)
 .text.transmit_from_queue
                0x0000000000005640      0x1ae build/sky/contiki-ng-sky.a(csma-output.o)
 .text.csma_output_packet
                0x00000000000057ee      0x180 build/sky/contiki-ng-sky.a(csma-output.o)
                0x00000000000057ee                csma_output_packet
 .text.csma_output_init
                0x000000000000596e       0x1a build/sky/contiki-ng-sky.a(csma-output.o)
                0x000000000000596e                csma_output_init
 .text.uip_ds6_default_prefix
                0x0000000000005988        0x6 build/sky/contiki-ng-sky.a(uip-ds6.o)
                0x0000000000005988                uip_ds6_default_prefix
 .text.uip_ds6_list_loop
                0x000000000000598e       0x92 build/sky/contiki-ng-sky.a(uip-ds6.o)
                0x000000000000598e                uip_ds6_list_loop
 .text.uip_ds6_prefix_add
                0x0000000000005a20       0x80 build/sky/contiki-ng-sky.a(uip-ds6.o)
                0x0000000000005a20                uip_ds6_prefix_add
 .text.uip_ds6_is_addr_onlink
                0x0000000000005aa0       0x54 build/sky/contiki-ng-sky.a(uip-ds6.o)
                0x0000000000005aa0                uip_ds6_is_addr_onlink
 .text.uip_ds6_addr_lookup
                0x0000000000005af4       0x2a build/sky/contiki-ng-sky.a(uip-ds6.o)
                0x0000000000005af4                uip_ds6_addr_lookup
 .text.uip_ds6_get_link_local
                0x0000000000005b1e       0x3e build/sky/contiki-ng-sky.a(uip-ds6.o)
                0x0000000000005b1e                uip_ds6_get_link_local
 .text.uip_ds6_maddr_add
                0x0000000000005b5c       0x4c build/sky/contiki-ng-sky.a(uip-ds6.o)
                0x0000000000005b5c                uip_ds6_maddr_add
 .text.uip_ds6_addr_add
                0x0000000000005ba8       0xc4 build/sky/contiki-ng-sky.a(uip-ds6.o)
                0x0000000000005ba8                uip_ds6_addr_add
 .text.uip_ds6_maddr_lookup
                0x0000000000005c6c       0x2a build/sky/contiki-ng-sky.a(uip-ds6.o)
                0x0000000000005c6c                uip_ds6_maddr_lookup
 .text.uip_ds6_addr_rm
                0x0000000000005c96       0x54 build/sky/contiki-ng-sky.a(uip-ds6.o)
                0x0000000000005c96                uip_ds6_addr_rm
 .text.uip_ds6_periodic
                0x0000000000005cea       0x46 build/sky/contiki-ng-sky.a(uip-ds6.o)
                0x0000000000005cea                uip_ds6_periodic
 .text.uip_ds6_set_addr_iid
                0x0000000000005d30       0x14 build/sky/contiki-ng-sky.a(uip-ds6.o)
                0x0000000000005d30                uip_ds6_set_addr_iid
 .text.uip_ds6_set_lladdr_from_iid
                0x0000000000005d44       0x14 build/sky/contiki-ng-sky.a(uip-ds6.o)
                0x0000000000005d44                uip_ds6_set_lladdr_from_iid
 .text.get_match_length
                0x0000000000005d58       0x3e build/sky/contiki-ng-sky.a(uip-ds6.o)
                0x0000000000005d58                get_match_length
 .text.uip_ds6_select_src
                0x0000000000005d96       0xaa build/sky/contiki-ng-sky.a(uip-ds6.o)
                0x0000000000005d96                uip_ds6_select_src
 .text.uip_ds6_compute_reachable_time
                0x0000000000005e40       0x3e build/sky/contiki-ng-sky.a(uip-ds6.o)
                0x0000000000005e40                uip_ds6_compute_reachable_time
 .text.uip_ds6_init
                0x0000000000005e7e      0x164 build/sky/contiki-ng-sky.a(uip-ds6.o)
                0x0000000000005e7e                uip_ds6_init
 .text.uip_ds6_route_init
                0x0000000000005fe2       0x12 build/sky/contiki-ng-sky.a(uip-ds6-route.o)
                0x0000000000005fe2                uip_ds6_route_init
 .text.uip_ds6_route_nexthop
                0x0000000000005ff4        0x4 build/sky/contiki-ng-sky.a(uip-ds6-route.o)
                0x0000000000005ff4                uip_ds6_route_nexthop
 .text.uip_ds6_route_lookup
                0x0000000000005ff8        0x4 build/sky/contiki-ng-sky.a(uip-ds6-route.o)
                0x0000000000005ff8                uip_ds6_route_lookup
 .text.uip_ds6_route_rm
                0x0000000000005ffc        0x2 build/sky/contiki-ng-sky.a(uip-ds6-route.o)
                0x0000000000005ffc                uip_ds6_route_rm
 .text.uip_ds6_defrt_rm
                0x0000000000005ffe       0x3c build/sky/contiki-ng-sky.a(uip-ds6-route.o)
                0x0000000000005ffe                uip_ds6_defrt_rm
 .text.uip_ds6_defrt_lookup
                0x000000000000603a       0x3e build/sky/contiki-ng-sky.a(uip-ds6-route.o)
                0x000000000000603a                uip_ds6_defrt_lookup
 .text.uip_ds6_defrt_add
                0x0000000000006078       0x72 build/sky/contiki-ng-sky.a(uip-ds6-route.o)
                0x0000000000006078                uip_ds6_defrt_add
 .text.uip_ds6_defrt_choose
                0x00000000000060ea       0x3a build/sky/contiki-ng-sky.a(uip-ds6-route.o)
                0x00000000000060ea                uip_ds6_defrt_choose
 .text.uip_ds6_defrt_periodic
                0x0000000000006124       0x38 build/sky/contiki-ng-sky.a(uip-ds6-route.o)
                0x0000000000006124                uip_ds6_defrt_periodic
 .text.uip_ds6_nbr_rm
                0x000000000000615c       0x1e build/sky/contiki-ng-sky.a(uip-ds6-nbr.o)
                0x000000000000615c                uip_ds6_nbr_rm
 .text.uip_ds6_neighbors_init
                0x000000000000617a       0x12 build/sky/contiki-ng-sky.a(uip-ds6-nbr.o)
                0x000000000000617a                uip_ds6_neighbors_init
 .text.uip_ds6_nbr_add
                0x000000000000618c       0x3e build/sky/contiki-ng-sky.a(uip-ds6-nbr.o)
                0x000000000000618c                uip_ds6_nbr_add
 .text.uip_ds6_nbr_get_ll
                0x00000000000061ca        0xc build/sky/contiki-ng-sky.a(uip-ds6-nbr.o)
                0x00000000000061ca                uip_ds6_nbr_get_ll
 .text.uip_ds6_nbr_head
                0x00000000000061d6        0xa build/sky/contiki-ng-sky.a(uip-ds6-nbr.o)
                0x00000000000061d6                uip_ds6_nbr_head
 .text.uip_ds6_nbr_next
                0x00000000000061e0        0xc build/sky/contiki-ng-sky.a(uip-ds6-nbr.o)
                0x00000000000061e0                uip_ds6_nbr_next
 .text.uip_ds6_nbr_lookup
                0x00000000000061ec       0x38 build/sky/contiki-ng-sky.a(uip-ds6-nbr.o)
                0x00000000000061ec                uip_ds6_nbr_lookup
 .text.uip_ds6_nbr_ll_lookup
                0x0000000000006224        0xc build/sky/contiki-ng-sky.a(uip-ds6-nbr.o)
                0x0000000000006224                uip_ds6_nbr_ll_lookup
 .text.uip_ds6_nbr_update_ll
                0x0000000000006230       0x76 build/sky/contiki-ng-sky.a(uip-ds6-nbr.o)
                0x0000000000006230                uip_ds6_nbr_update_ll
 .text.uip_ds6_nbr_ipaddr_from_lladdr
                0x00000000000062a6        0x6 build/sky/contiki-ng-sky.a(uip-ds6-nbr.o)
                0x00000000000062a6                uip_ds6_nbr_ipaddr_from_lladdr
 .text.uip_ds6_nbr_lladdr_from_ipaddr
                0x00000000000062ac       0x12 build/sky/contiki-ng-sky.a(uip-ds6-nbr.o)
                0x00000000000062ac                uip_ds6_nbr_lladdr_from_ipaddr
 .text.uip_ds6_link_callback
                0x00000000000062be        0x2 build/sky/contiki-ng-sky.a(uip-ds6-nbr.o)
                0x00000000000062be                uip_ds6_link_callback
 .text.tcpip_output
                0x00000000000062c0       0x22 build/sky/contiki-ng-sky.a(tcpip.o)
                0x00000000000062c0                tcpip_output
 .text.udp_new  0x00000000000062e2       0x1a build/sky/contiki-ng-sky.a(tcpip.o)
                0x00000000000062e2                udp_new
 .text.tcpip_input
                0x00000000000062fc       0x1e build/sky/contiki-ng-sky.a(tcpip.o)
                0x00000000000062fc                tcpip_input
 .text.tcpip_ipv6_output
                0x000000000000631a      0x10a build/sky/contiki-ng-sky.a(tcpip.o)
                0x000000000000631a                tcpip_ipv6_output
 .text.packet_input.part.4
                0x0000000000006424       0x12 build/sky/contiki-ng-sky.a(tcpip.o)
 .text.process_thread_tcpip_process
                0x0000000000006436       0xc8 build/sky/contiki-ng-sky.a(tcpip.o)
 .text.tcpip_uipcall
                0x00000000000064fe       0x2a build/sky/contiki-ng-sky.a(tcpip.o)
                0x00000000000064fe                tcpip_uipcall
 .text.chksum   0x0000000000006528       0x32 build/sky/contiki-ng-sky.a(uip6.o)
 .text.upper_layer_chksum
                0x000000000000655a       0x5a build/sky/contiki-ng-sky.a(uip6.o)
 .text.unlikely.ext_hdr_options_process
                0x00000000000065b4       0xb4 build/sky/contiki-ng-sky.a(uip6.o)
 .text.unlikely.uip_update_ttl
                0x0000000000006668       0x24 build/sky/contiki-ng-sky.a(uip6.o)
 .text.uip_icmp6chksum
                0x000000000000668c        0xa build/sky/contiki-ng-sky.a(uip6.o)
                0x000000000000668c                uip_icmp6chksum
 .text.uip_udpchksum
                0x0000000000006696        0xa build/sky/contiki-ng-sky.a(uip6.o)
                0x0000000000006696                uip_udpchksum
 .text.uip_init
                0x00000000000066a0       0x3c build/sky/contiki-ng-sky.a(uip6.o)
                0x00000000000066a0                uip_init
 .text.uip_remove_ext_hdr
                0x00000000000066dc       0x5e build/sky/contiki-ng-sky.a(uip6.o)
                0x00000000000066dc                uip_remove_ext_hdr
 .text.uip_udp_new
                0x000000000000673a       0xaa build/sky/contiki-ng-sky.a(uip6.o)
                0x000000000000673a                uip_udp_new
 .text.uip_process
                0x00000000000067e4      0x514 build/sky/contiki-ng-sky.a(uip6.o)
                0x00000000000067e4                uip_process
 .text.uip_htonl
                0x0000000000006cf8       0x2e build/sky/contiki-ng-sky.a(uip6.o)
                0x0000000000006cf8                uip_htonl
 .text.ns_input
                0x0000000000006d26      0x284 build/sky/contiki-ng-sky.a(uip-nd6.o)
 .text.uip_nd6_init
                0x0000000000006faa        0xa build/sky/contiki-ng-sky.a(uip-nd6.o)
                0x0000000000006faa                uip_nd6_init
 .text.process_thread_simple_udp_process
                0x0000000000006fb4       0xba build/sky/contiki-ng-sky.a(simple-udp.o)
 .text.simple_udp_sendto
                0x000000000000706e       0x30 build/sky/contiki-ng-sky.a(simple-udp.o)
                0x000000000000706e                simple_udp_sendto
 .text.simple_udp_register
                0x000000000000709e       0x9e build/sky/contiki-ng-sky.a(simple-udp.o)
                0x000000000000709e                simple_udp_register
 .text.clear_fragments
                0x000000000000713c       0x42 build/sky/contiki-ng-sky.a(sicslowpan.o)
 .text.addr_context_lookup_by_number
                0x000000000000717e       0x1a build/sky/contiki-ng-sky.a(sicslowpan.o)
 .text.sicslowpan_init
                0x0000000000007198       0x18 build/sky/contiki-ng-sky.a(sicslowpan.o)
                0x0000000000007198                sicslowpan_init
 .text.set_packet_attrs
                0x00000000000071b0       0x66 build/sky/contiki-ng-sky.a(sicslowpan.o)
 .text.compress_addr_64
                0x0000000000007216       0xae build/sky/contiki-ng-sky.a(sicslowpan.o)
 .text.addr_context_lookup_by_prefix
                0x00000000000072c4       0x24 build/sky/contiki-ng-sky.a(sicslowpan.o)
 .text.send_packet
                0x00000000000072e8       0x1a build/sky/contiki-ng-sky.a(sicslowpan.o)
 .text.packet_sent
                0x0000000000007302       0x56 build/sky/contiki-ng-sky.a(sicslowpan.o)
 .text.store_fragment
                0x0000000000007358       0xba build/sky/contiki-ng-sky.a(sicslowpan.o)
 .text.add_fragment
                0x0000000000007412      0x200 build/sky/contiki-ng-sky.a(sicslowpan.o)
 .text.uncompress_addr
                0x0000000000007612       0xb4 build/sky/contiki-ng-sky.a(sicslowpan.o)
 .text.fragment_copy_payload_and_send
                0x00000000000076c6       0x64 build/sky/contiki-ng-sky.a(sicslowpan.o)
 .text.output   0x000000000000772a      0x806 build/sky/contiki-ng-sky.a(sicslowpan.o)
 .text.input    0x0000000000007f30      0x9a4 build/sky/contiki-ng-sky.a(sicslowpan.o)
 .text.uiplib_ipaddr_snprint
                0x00000000000088d4      0x12a build/sky/contiki-ng-sky.a(uiplib.o)
                0x00000000000088d4                uiplib_ipaddr_snprint
 .text.rpl_has_joined
                0x00000000000089fe       0x16 build/sky/contiki-ng-sky.a(rpl.o)
                0x00000000000089fe                rpl_has_joined
 .text.rpl_is_reachable
                0x0000000000008a14       0x16 build/sky/contiki-ng-sky.a(rpl.o)
                0x0000000000008a14                rpl_is_reachable
 .text.neighbor_state_changed
                0x0000000000008a2a        0x2 build/sky/contiki-ng-sky.a(rpl.o)
 .text.drop_route
                0x0000000000008a2c        0x2 build/sky/contiki-ng-sky.a(rpl.o)
 .text.rpl_get_leaf_only
                0x0000000000008a2e        0x6 build/sky/contiki-ng-sky.a(rpl.o)
                0x0000000000008a2e                rpl_get_leaf_only
 .text.get_sr_node_ipaddr
                0x0000000000008a34       0x34 build/sky/contiki-ng-sky.a(rpl.o)
 .text.init     0x0000000000008a68       0x42 build/sky/contiki-ng-sky.a(rpl.o)
 .text.set_ip_from_prefix
                0x0000000000008aaa       0x38 build/sky/contiki-ng-sky.a(rpl.o)
 .text.rpl_link_callback
                0x0000000000008ae2       0x1e build/sky/contiki-ng-sky.a(rpl.o)
                0x0000000000008ae2                rpl_link_callback
 .text.rpl_lollipop_greater_than
                0x0000000000008b00       0x44 build/sky/contiki-ng-sky.a(rpl.o)
                0x0000000000008b00                rpl_lollipop_greater_than
 .text.rpl_get_global_address
                0x0000000000008b44       0xba build/sky/contiki-ng-sky.a(rpl.o)
                0x0000000000008b44                rpl_get_global_address
 .text.rpl_reset_prefix
                0x0000000000008bfe       0x24 build/sky/contiki-ng-sky.a(rpl.o)
                0x0000000000008bfe                rpl_reset_prefix
 .text.rpl_set_prefix_from_addr
                0x0000000000008c22       0x92 build/sky/contiki-ng-sky.a(rpl.o)
                0x0000000000008c22                rpl_set_prefix_from_addr
 .text.get32    0x0000000000008cb4       0x46 build/sky/contiki-ng-sky.a(rpl-icmp6.o)
 .text.set32    0x0000000000008cfa       0x2a build/sky/contiki-ng-sky.a(rpl-icmp6.o)
 .text.get16    0x0000000000008d24        0xe build/sky/contiki-ng-sky.a(rpl-icmp6.o)
 .text.set16    0x0000000000008d32       0x10 build/sky/contiki-ng-sky.a(rpl-icmp6.o)
 .text.dao_ack_input
                0x0000000000008d42       0x2a build/sky/contiki-ng-sky.a(rpl-icmp6.o)
 .text.dao_input
                0x0000000000008d6c      0x14c build/sky/contiki-ng-sky.a(rpl-icmp6.o)
 .text.dio_input
                0x0000000000008eb8      0x2a0 build/sky/contiki-ng-sky.a(rpl-icmp6.o)
 .text.dis_input
                0x0000000000009158       0x1e build/sky/contiki-ng-sky.a(rpl-icmp6.o)
 .text.rpl_icmp6_update_nbr_table
                0x0000000000009176       0x36 build/sky/contiki-ng-sky.a(rpl-icmp6.o)
                0x0000000000009176                rpl_icmp6_update_nbr_table
 .text.rpl_icmp6_dis_output
                0x00000000000091ac       0x34 build/sky/contiki-ng-sky.a(rpl-icmp6.o)
                0x00000000000091ac                rpl_icmp6_dis_output
 .text.rpl_icmp6_dio_output
                0x00000000000091e0      0x232 build/sky/contiki-ng-sky.a(rpl-icmp6.o)
                0x00000000000091e0                rpl_icmp6_dio_output
 .text.rpl_icmp6_dao_output
                0x0000000000009412       0xe4 build/sky/contiki-ng-sky.a(rpl-icmp6.o)
                0x0000000000009412                rpl_icmp6_dao_output
 .text.rpl_icmp6_dao_ack_output
                0x00000000000094f6       0x44 build/sky/contiki-ng-sky.a(rpl-icmp6.o)
                0x00000000000094f6                rpl_icmp6_dao_ack_output
 .text.rpl_icmp6_init
                0x000000000000953a       0x22 build/sky/contiki-ng-sky.a(rpl-icmp6.o)
                0x000000000000953a                rpl_icmp6_init
 .text.rpl_dag_root_set_prefix
                0x000000000000955c       0x62 build/sky/contiki-ng-sky.a(rpl-dag-root.o)
                0x000000000000955c                rpl_dag_root_set_prefix
 .text.rpl_dag_root_start
                0x00000000000095be       0x8c build/sky/contiki-ng-sky.a(rpl-dag-root.o)
                0x00000000000095be                rpl_dag_root_start
 .text.rpl_dag_root_is_root
                0x000000000000964a       0x18 build/sky/contiki-ng-sky.a(rpl-dag-root.o)
                0x000000000000964a                rpl_dag_root_is_root
 .text.init_platform
                0x0000000000009662        0xc build/sky/contiki-ng-sky.a(contiki-sky-pla)
                0x0000000000009662                init_platform
 .text.crc8_add
                0x000000000000966e       0x1c build/sky/contiki-ng-sky.a(sht11.o)
 .text.sstart   0x000000000000968a       0x3e build/sky/contiki-ng-sky.a(sht11.o)
 .text.swrite   0x00000000000096c8       0x52 build/sky/contiki-ng-sky.a(sht11.o)
 .text.sread    0x000000000000971a       0x4e build/sky/contiki-ng-sky.a(sht11.o)
 .text.sreset   0x0000000000009768       0x2a build/sky/contiki-ng-sky.a(sht11.o)
 .text.scmd.part.0
                0x0000000000009792       0xb0 build/sky/contiki-ng-sky.a(sht11.o)
 .text.sht11_init
                0x0000000000009842       0x1a build/sky/contiki-ng-sky.a(sht11.o)
                0x0000000000009842                sht11_init
 .text.sht11_off
                0x000000000000985c       0x14 build/sky/contiki-ng-sky.a(sht11.o)
                0x000000000000985c                sht11_off
 .text.sht11_temp
                0x0000000000009870        0xa build/sky/contiki-ng-sky.a(sht11.o)
                0x0000000000009870                sht11_temp
 .text.sht11_humidity
                0x000000000000987a        0xa build/sky/contiki-ng-sky.a(sht11.o)
                0x000000000000987a                sht11_humidity
 .text.sht11_sreg
                0x0000000000009884       0x7a build/sky/contiki-ng-sky.a(sht11.o)
                0x0000000000009884                sht11_sreg
 .text.status   0x00000000000098fe       0x16 build/sky/contiki-ng-sky.a(button-sensor.o)
 .text.configure
                0x0000000000009914       0x52 build/sky/contiki-ng-sky.a(button-sensor.o)
 .text.value    0x0000000000009966       0x22 build/sky/contiki-ng-sky.a(button-sensor.o)
 .text.irq_p2   0x0000000000009988       0x48 build/sky/contiki-ng-sky.a(button-sensor.o)
                0x0000000000009988                irq_p2
                0x0000000000009988                __isr_1
 .text.owreadb  0x00000000000099d0       0x52 build/sky/contiki-ng-sky.a(ds2411.o)
 .text.ds2411_init
                0x0000000000009a22      0x122 build/sky/contiki-ng-sky.a(ds2411.o)
                0x0000000000009a22                ds2411_init
 .text.xmem_init
                0x0000000000009b44       0x3e build/sky/contiki-ng-sky.a(xmem.o)
                0x0000000000009b44                xmem_init
 .text.process_thread_sensors_process
                0x0000000000009b82       0xbe build/sky/contiki-ng-sky.a(sensors.o)
 .text.sensors_changed
                0x0000000000009c40       0x2a build/sky/contiki-ng-sky.a(sensors.o)
                0x0000000000009c40                sensors_changed
 .text.get_object
                0x0000000000009c6a        0x4 build/sky/contiki-ng-sky.a(cc2420.o)
 .text.set_object
                0x0000000000009c6e        0x4 build/sky/contiki-ng-sky.a(cc2420.o)
 .text.strobe   0x0000000000009c72       0x20 build/sky/contiki-ng-sky.a(cc2420.o)
 .text.getreg   0x0000000000009c92       0x54 build/sky/contiki-ng-sky.a(cc2420.o)
 .text.setreg   0x0000000000009ce6       0x52 build/sky/contiki-ng-sky.a(cc2420.o)
 .text.write_ram
                0x0000000000009d38       0x80 build/sky/contiki-ng-sky.a(cc2420.o)
 .text.write_fifo_buf
                0x0000000000009db8       0x40 build/sky/contiki-ng-sky.a(cc2420.o)
 .text.get_status
                0x0000000000009df8       0x24 build/sky/contiki-ng-sky.a(cc2420.o)
 .text.on       0x0000000000009e1c       0x1a build/sky/contiki-ng-sky.a(cc2420.o)
 .text.cc2420_receiving_packet
                0x0000000000009e36        0xe build/sky/contiki-ng-sky.a(cc2420.o)
 .text.pending_packet
                0x0000000000009e44        0x8 build/sky/contiki-ng-sky.a(cc2420.o)
 .text.wait_for_transmission
                0x0000000000009e4c       0x22 build/sky/contiki-ng-sky.a(cc2420.o)
 .text.wait_for_status
                0x0000000000009e6e       0x2a build/sky/contiki-ng-sky.a(cc2420.o)
 .text.getrxdata
                0x0000000000009e98       0x56 build/sky/contiki-ng-sky.a(cc2420.o)
 .text.flushrx  0x0000000000009eee       0x1a build/sky/contiki-ng-sky.a(cc2420.o)
 .text.off      0x0000000000009f08       0x2c build/sky/contiki-ng-sky.a(cc2420.o)
 .text.RELEASE_LOCK
                0x0000000000009f34       0x28 build/sky/contiki-ng-sky.a(cc2420.o)
 .text.set_key  0x0000000000009f5c       0x18 build/sky/contiki-ng-sky.a(cc2420.o)
 .text.set_frame_filtering
                0x0000000000009f74       0x30 build/sky/contiki-ng-sky.a(cc2420.o)
 .text.set_auto_ack
                0x0000000000009fa4       0x30 build/sky/contiki-ng-sky.a(cc2420.o)
 .text.set_poll_mode
                0x0000000000009fd4       0x36 build/sky/contiki-ng-sky.a(cc2420.o)
 .text.cc2420_prepare
                0x000000000000a00a       0x46 build/sky/contiki-ng-sky.a(cc2420.o)
 .text.cc2420_on
                0x000000000000a050       0x22 build/sky/contiki-ng-sky.a(cc2420.o)
                0x000000000000a050                cc2420_on
 .text.cc2420_transmit
                0x000000000000a072       0x66 build/sky/contiki-ng-sky.a(cc2420.o)
 .text.cc2420_send
                0x000000000000a0d8       0x12 build/sky/contiki-ng-sky.a(cc2420.o)
 .text.cc2420_off
                0x000000000000a0ea       0x30 build/sky/contiki-ng-sky.a(cc2420.o)
                0x000000000000a0ea                cc2420_off
 .text.cc2420_cca
                0x000000000000a11a       0x5e build/sky/contiki-ng-sky.a(cc2420.o)
 .text.cc2420_read
                0x000000000000a178       0xc2 build/sky/contiki-ng-sky.a(cc2420.o)
 .text.process_thread_cc2420_process
                0x000000000000a23a       0x5e build/sky/contiki-ng-sky.a(cc2420.o)
 .text.encrypt  0x000000000000a298       0x8e build/sky/contiki-ng-sky.a(cc2420.o)
 .text.cc2420_set_channel
                0x000000000000a326       0x3c build/sky/contiki-ng-sky.a(cc2420.o)
                0x000000000000a326                cc2420_set_channel
 .text.cc2420_set_pan_addr
                0x000000000000a362       0x4c build/sky/contiki-ng-sky.a(cc2420.o)
                0x000000000000a362                cc2420_set_pan_addr
 .text.cc2420_interrupt
                0x000000000000a3ae       0x18 build/sky/contiki-ng-sky.a(cc2420.o)
                0x000000000000a3ae                cc2420_interrupt
 .text.cc2420_set_txpower
                0x000000000000a3c6       0x2e build/sky/contiki-ng-sky.a(cc2420.o)
                0x000000000000a3c6                cc2420_set_txpower
 .text.cc2420_get_txpower
                0x000000000000a3f4       0x1e build/sky/contiki-ng-sky.a(cc2420.o)
                0x000000000000a3f4                cc2420_get_txpower
 .text.cc2420_rssi
                0x000000000000a412       0x4c build/sky/contiki-ng-sky.a(cc2420.o)
                0x000000000000a412                cc2420_rssi
 .text.get_value
                0x000000000000a45e      0x122 build/sky/contiki-ng-sky.a(cc2420.o)
 .text.cc2420_set_cca_threshold
                0x000000000000a580       0x16 build/sky/contiki-ng-sky.a(cc2420.o)
                0x000000000000a580                cc2420_set_cca_threshold
 .text.set_value
                0x000000000000a596      0x152 build/sky/contiki-ng-sky.a(cc2420.o)
 .text.cc2420_init
                0x000000000000a6e8       0xf0 build/sky/contiki-ng-sky.a(cc2420.o)
                0x000000000000a6e8                cc2420_init
 .text.cc2420_port1_interrupt
                0x000000000000a7d8       0x20 build/sky/contiki-ng-sky.a(cc2420-arch.o)
                0x000000000000a7d8                __isr_4
                0x000000000000a7d8                cc2420_port1_interrupt
 .text.cc2420_arch_init
                0x000000000000a7f8       0x1a build/sky/contiki-ng-sky.a(cc2420-arch.o)
                0x000000000000a7f8                cc2420_arch_init
 .text.uart1_active
                0x000000000000a812       0x1a build/sky/contiki-ng-sky.a(uart1.o)
                0x000000000000a812                uart1_active
 .text.uart1_writeb
                0x000000000000a82c       0x1a build/sky/contiki-ng-sky.a(uart1.o)
                0x000000000000a82c                uart1_writeb
 .text.uart1_init
                0x000000000000a846       0xf6 build/sky/contiki-ng-sky.a(uart1.o)
                0x000000000000a846                uart1_init
 .text.stimer_set
                0x000000000000a93c       0x1c build/sky/contiki-ng-sky.a(stimer.o)
                0x000000000000a93c                stimer_set
 .text.stimer_expired
                0x000000000000a958       0x30 build/sky/contiki-ng-sky.a(stimer.o)
                0x000000000000a958                stimer_expired
 .text.memb_init
                0x000000000000a988       0x36 build/sky/contiki-ng-sky.a(memb.o)
                0x000000000000a988                memb_init
 .text.memb_alloc
                0x000000000000a9be       0x3e build/sky/contiki-ng-sky.a(memb.o)
                0x000000000000a9be                memb_alloc
 .text.memb_free
                0x000000000000a9fc       0x32 build/sky/contiki-ng-sky.a(memb.o)
                0x000000000000a9fc                memb_free
 .text.memb_inmemb
                0x000000000000aa2e       0x2e build/sky/contiki-ng-sky.a(memb.o)
                0x000000000000aa2e                memb_inmemb
 .text.memb_numfree
                0x000000000000aa5c       0x26 build/sky/contiki-ng-sky.a(memb.o)
                0x000000000000aa5c                memb_numfree
 .text.index_from_key
                0x000000000000aa82       0x48 build/sky/contiki-ng-sky.a(nbr-table.o)
 .text.item_from_key
                0x000000000000aaca       0x34 build/sky/contiki-ng-sky.a(nbr-table.o)
 .text.nbr_set_bit
                0x000000000000aafe       0x8e build/sky/contiki-ng-sky.a(nbr-table.o)
 .text.index_from_lladdr
                0x000000000000ab8c       0x42 build/sky/contiki-ng-sky.a(nbr-table.o)
 .text.nbr_get_bit.constprop.0
                0x000000000000abce       0x62 build/sky/contiki-ng-sky.a(nbr-table.o)
 .text.nbr_table_is_registered
                0x000000000000ac30       0x26 build/sky/contiki-ng-sky.a(nbr-table.o)
                0x000000000000ac30                nbr_table_is_registered
 .text.nbr_table_register
                0x000000000000ac56       0x42 build/sky/contiki-ng-sky.a(nbr-table.o)
                0x000000000000ac56                nbr_table_register
 .text.nbr_table_next
                0x000000000000ac98       0x90 build/sky/contiki-ng-sky.a(nbr-table.o)
                0x000000000000ac98                nbr_table_next
 .text.nbr_table_head
                0x000000000000ad28       0x36 build/sky/contiki-ng-sky.a(nbr-table.o)
                0x000000000000ad28                nbr_table_head
 .text.nbr_table_add_lladdr
                0x000000000000ad5e      0x180 build/sky/contiki-ng-sky.a(nbr-table.o)
                0x000000000000ad5e                nbr_table_add_lladdr
 .text.nbr_table_get_from_lladdr
                0x000000000000aede       0x48 build/sky/contiki-ng-sky.a(nbr-table.o)
                0x000000000000aede                nbr_table_get_from_lladdr
 .text.nbr_table_remove
                0x000000000000af26       0x32 build/sky/contiki-ng-sky.a(nbr-table.o)
                0x000000000000af26                nbr_table_remove
 .text.nbr_table_lock
                0x000000000000af58       0x10 build/sky/contiki-ng-sky.a(nbr-table.o)
                0x000000000000af58                nbr_table_lock
 .text.nbr_table_unlock
                0x000000000000af68       0x10 build/sky/contiki-ng-sky.a(nbr-table.o)
                0x000000000000af68                nbr_table_unlock
 .text.nbr_table_get_lladdr
                0x000000000000af78       0x5a build/sky/contiki-ng-sky.a(nbr-table.o)
                0x000000000000af78                nbr_table_get_lladdr
 .text.periodic
                0x000000000000afd2       0x28 build/sky/contiki-ng-sky.a(link-stats.o)
 .text.link_stats_from_lladdr
                0x000000000000affa        0xc build/sky/contiki-ng-sky.a(link-stats.o)
                0x000000000000affa                link_stats_from_lladdr
 .text.link_stats_is_fresh
                0x000000000000b006       0x2e build/sky/contiki-ng-sky.a(link-stats.o)
                0x000000000000b006                link_stats_is_fresh
 .text.guess_etx_from_rssi
                0x000000000000b034       0x42 build/sky/contiki-ng-sky.a(link-stats.o)
                0x000000000000b034                guess_etx_from_rssi
 .text.link_stats_packet_sent
                0x000000000000b076       0xde build/sky/contiki-ng-sky.a(link-stats.o)
                0x000000000000b076                link_stats_packet_sent
 .text.link_stats_input_callback
                0x000000000000b154       0xb6 build/sky/contiki-ng-sky.a(link-stats.o)
                0x000000000000b154                link_stats_input_callback
 .text.link_stats_reset
                0x000000000000b20a       0x2a build/sky/contiki-ng-sky.a(link-stats.o)
                0x000000000000b20a                link_stats_reset
 .text.link_stats_init
                0x000000000000b234       0x22 build/sky/contiki-ng-sky.a(link-stats.o)
                0x000000000000b234                link_stats_init
 .text.mac_sequence_is_duplicate
                0x000000000000b256       0x78 build/sky/contiki-ng-sky.a(mac-sequence.o)
                0x000000000000b256                mac_sequence_is_duplicate
 .text.mac_sequence_register_seqno
                0x000000000000b2ce       0x98 build/sky/contiki-ng-sky.a(mac-sequence.o)
                0x000000000000b2ce                mac_sequence_register_seqno
 .text.mac_call_sent_callback
                0x000000000000b366       0x14 build/sky/contiki-ng-sky.a(mac.o)
                0x000000000000b366                mac_call_sent_callback
 .text.parse    0x000000000000b37a       0xa0 build/sky/contiki-ng-sky.a(framer-802154.o)
 .text.framer_802154_setup_params
                0x000000000000b41a       0xb8 build/sky/contiki-ng-sky.a(framer-802154.o)
                0x000000000000b41a                framer_802154_setup_params
 .text.create_frame
                0x000000000000b4d2       0xde build/sky/contiki-ng-sky.a(framer-802154.o)
 .text.create   0x000000000000b5b0        0x8 build/sky/contiki-ng-sky.a(framer-802154.o)
 .text.hdr_length
                0x000000000000b5b8        0x8 build/sky/contiki-ng-sky.a(framer-802154.o)
 .text.frame802154_get_pan_id
                0x000000000000b5c0        0x6 build/sky/contiki-ng-sky.a(frame802154.o)
                0x000000000000b5c0                frame802154_get_pan_id
 .text.frame802154_has_panid
                0x000000000000b5c6       0xdc build/sky/contiki-ng-sky.a(frame802154.o)
                0x000000000000b5c6                frame802154_has_panid
 .text.field_len
                0x000000000000b6a2       0xb2 build/sky/contiki-ng-sky.a(frame802154.o)
 .text.frame802154_is_broadcast_addr
                0x000000000000b754       0x24 build/sky/contiki-ng-sky.a(frame802154.o)
                0x000000000000b754                frame802154_is_broadcast_addr
 .text.frame802154_hdrlen
                0x000000000000b778       0x32 build/sky/contiki-ng-sky.a(frame802154.o)
                0x000000000000b778                frame802154_hdrlen
 .text.frame802154_create_fcf
                0x000000000000b7aa       0x96 build/sky/contiki-ng-sky.a(frame802154.o)
                0x000000000000b7aa                frame802154_create_fcf
 .text.frame802154_create
                0x000000000000b840       0xe4 build/sky/contiki-ng-sky.a(frame802154.o)
                0x000000000000b840                frame802154_create
 .text.frame802154_parse_fcf
                0x000000000000b924       0xbe build/sky/contiki-ng-sky.a(frame802154.o)
                0x000000000000b924                frame802154_parse_fcf
 .text.frame802154_parse
                0x000000000000b9e2      0x18c build/sky/contiki-ng-sky.a(frame802154.o)
                0x000000000000b9e2                frame802154_parse
 .text.csma_security_create_frame
                0x000000000000bb6e       0x10 build/sky/contiki-ng-sky.a(csma-security.o)
                0x000000000000bb6e                csma_security_create_frame
 .text.csma_security_parse_frame
                0x000000000000bb7e        0x6 build/sky/contiki-ng-sky.a(csma-security.o)
                0x000000000000bb7e                csma_security_parse_frame
 .text.uipbuf_add_ext_hdr
                0x000000000000bb84       0x1c build/sky/contiki-ng-sky.a(uipbuf.o)
                0x000000000000bb84                uipbuf_add_ext_hdr
 .text.uipbuf_set_len
                0x000000000000bba0       0x12 build/sky/contiki-ng-sky.a(uipbuf.o)
                0x000000000000bba0                uipbuf_set_len
 .text.uipbuf_set_len_field
                0x000000000000bbb2        0xe build/sky/contiki-ng-sky.a(uipbuf.o)
                0x000000000000bbb2                uipbuf_set_len_field
 .text.uipbuf_get_len_field
                0x000000000000bbc0        0xe build/sky/contiki-ng-sky.a(uipbuf.o)
                0x000000000000bbc0                uipbuf_get_len_field
 .text.uipbuf_get_next_header
                0x000000000000bbce       0x62 build/sky/contiki-ng-sky.a(uipbuf.o)
                0x000000000000bbce                uipbuf_get_next_header
 .text.uipbuf_get_last_header
                0x000000000000bc30       0x7a build/sky/contiki-ng-sky.a(uipbuf.o)
                0x000000000000bc30                uipbuf_get_last_header
 .text.uipbuf_search_header
                0x000000000000bcaa       0x88 build/sky/contiki-ng-sky.a(uipbuf.o)
                0x000000000000bcaa                uipbuf_search_header
 .text.uipbuf_get_attr
                0x000000000000bd32       0x14 build/sky/contiki-ng-sky.a(uipbuf.o)
                0x000000000000bd32                uipbuf_get_attr
 .text.uipbuf_clear_attr
                0x000000000000bd46       0x12 build/sky/contiki-ng-sky.a(uipbuf.o)
                0x000000000000bd46                uipbuf_clear_attr
 .text.uipbuf_clear
                0x000000000000bd58       0x12 build/sky/contiki-ng-sky.a(uipbuf.o)
                0x000000000000bd58                uipbuf_clear
 .text.uipbuf_init
                0x000000000000bd6a       0x1a build/sky/contiki-ng-sky.a(uipbuf.o)
                0x000000000000bd6a                uipbuf_init
 .text.echo_reply_input
                0x000000000000bd84       0x68 build/sky/contiki-ng-sky.a(uip-icmp6.o)
 .text.echo_request_input
                0x000000000000bdec       0x86 build/sky/contiki-ng-sky.a(uip-icmp6.o)
 .text.uip_icmp6_input
                0x000000000000be72       0x44 build/sky/contiki-ng-sky.a(uip-icmp6.o)
                0x000000000000be72                uip_icmp6_input
 .text.uip_icmp6_register_input_handler
                0x000000000000beb6        0xc build/sky/contiki-ng-sky.a(uip-icmp6.o)
                0x000000000000beb6                uip_icmp6_register_input_handler
 .text.uip_icmp6_error_output
                0x000000000000bec2      0x146 build/sky/contiki-ng-sky.a(uip-icmp6.o)
                0x000000000000bec2                uip_icmp6_error_output
 .text.uip_icmp6_send
                0x000000000000c008       0x8e build/sky/contiki-ng-sky.a(uip-icmp6.o)
                0x000000000000c008                uip_icmp6_send
 .text.uip_icmp6_init
                0x000000000000c096       0x12 build/sky/contiki-ng-sky.a(uip-icmp6.o)
                0x000000000000c096                uip_icmp6_init
 .text.uip_sr_get_node
                0x000000000000c0a8       0x54 build/sky/contiki-ng-sky.a(uip-sr.o)
                0x000000000000c0a8                uip_sr_get_node
 .text.uip_sr_is_addr_reachable
                0x000000000000c0fc       0x4e build/sky/contiki-ng-sky.a(uip-sr.o)
                0x000000000000c0fc                uip_sr_is_addr_reachable
 .text.uip_sr_expire_parent
                0x000000000000c14a       0x56 build/sky/contiki-ng-sky.a(uip-sr.o)
                0x000000000000c14a                uip_sr_expire_parent
 .text.uip_sr_update_node
                0x000000000000c1a0       0xbc build/sky/contiki-ng-sky.a(uip-sr.o)
                0x000000000000c1a0                uip_sr_update_node
 .text.uip_sr_init
                0x000000000000c25c       0x16 build/sky/contiki-ng-sky.a(uip-sr.o)
                0x000000000000c25c                uip_sr_init
 .text.uip_sr_periodic
                0x000000000000c272       0x9a build/sky/contiki-ng-sky.a(uip-sr.o)
                0x000000000000c272                uip_sr_periodic
 .text.uip_sr_free_all
                0x000000000000c30c       0x3c build/sky/contiki-ng-sky.a(uip-sr.o)
                0x000000000000c30c                uip_sr_free_all
 .text.uip_udp_packet_send
                0x000000000000c348       0x2a build/sky/contiki-ng-sky.a(uip-udp-packet.)
                0x000000000000c348                uip_udp_packet_send
 .text.uip_udp_packet_sendto
                0x000000000000c372       0x66 build/sky/contiki-ng-sky.a(uip-udp-packet.)
                0x000000000000c372                uip_udp_packet_sendto
 .text.init_dag
                0x000000000000c3d8       0x80 build/sky/contiki-ng-sky.a(rpl-dag.o)
 .text.init_dag_from_dio
                0x000000000000c458       0x94 build/sky/contiki-ng-sky.a(rpl-dag.o)
 .text.rpl_dag_get_root_ipaddr
                0x000000000000c4ec       0x22 build/sky/contiki-ng-sky.a(rpl-dag.o)
                0x000000000000c4ec                rpl_dag_get_root_ipaddr
 .text.rpl_dag_leave
                0x000000000000c50e       0x4c build/sky/contiki-ng-sky.a(rpl-dag.o)
                0x000000000000c50e                rpl_dag_leave
 .text.rpl_dag_poison_and_leave
                0x000000000000c55a        0xc build/sky/contiki-ng-sky.a(rpl-dag.o)
                0x000000000000c55a                rpl_dag_poison_and_leave
 .text.rpl_dag_periodic
                0x000000000000c566       0x6a build/sky/contiki-ng-sky.a(rpl-dag.o)
                0x000000000000c566                rpl_dag_periodic
 .text.rpl_is_addr_in_our_dag
                0x000000000000c5d0       0x34 build/sky/contiki-ng-sky.a(rpl-dag.o)
                0x000000000000c5d0                rpl_is_addr_in_our_dag
 .text.rpl_local_repair
                0x000000000000c604       0x2a build/sky/contiki-ng-sky.a(rpl-dag.o)
                0x000000000000c604                rpl_local_repair
 .text.rpl_global_repair
                0x000000000000c62e       0x2e build/sky/contiki-ng-sky.a(rpl-dag.o)
                0x000000000000c62e                rpl_global_repair
 .text.rpl_dag_ready_to_advertise
                0x000000000000c65c       0x26 build/sky/contiki-ng-sky.a(rpl-dag.o)
                0x000000000000c65c                rpl_dag_ready_to_advertise
 .text.rpl_dag_update_state
                0x000000000000c682      0x140 build/sky/contiki-ng-sky.a(rpl-dag.o)
                0x000000000000c682                rpl_dag_update_state
 .text.rpl_process_dio
                0x000000000000c7c2      0x1ea build/sky/contiki-ng-sky.a(rpl-dag.o)
                0x000000000000c7c2                rpl_process_dio
 .text.rpl_process_dis
                0x000000000000c9ac       0x2a build/sky/contiki-ng-sky.a(rpl-dag.o)
                0x000000000000c9ac                rpl_process_dis
 .text.rpl_process_dao
                0x000000000000c9d6       0x66 build/sky/contiki-ng-sky.a(rpl-dag.o)
                0x000000000000c9d6                rpl_process_dao
 .text.rpl_process_dao_ack
                0x000000000000ca3c       0x54 build/sky/contiki-ng-sky.a(rpl-dag.o)
                0x000000000000ca3c                rpl_process_dao_ack
 .text.rpl_process_hbh
                0x000000000000ca90       0x2e build/sky/contiki-ng-sky.a(rpl-dag.o)
                0x000000000000ca90                rpl_process_hbh
 .text.rpl_dag_init_root
                0x000000000000cabe       0xbc build/sky/contiki-ng-sky.a(rpl-dag.o)
                0x000000000000cabe                rpl_dag_init_root
 .text.rpl_dag_init
                0x000000000000cb7a       0x10 build/sky/contiki-ng-sky.a(rpl-dag.o)
                0x000000000000cb7a                rpl_dag_init
 .text.acceptable_rank
                0x000000000000cb8a       0x3c build/sky/contiki-ng-sky.a(rpl-neighbor.o)
 .text.remove_neighbor
                0x000000000000cbc6       0x24 build/sky/contiki-ng-sky.a(rpl-neighbor.o)
 .text.rpl_neighbor_get_from_lladdr
                0x000000000000cbea        0xc build/sky/contiki-ng-sky.a(rpl-neighbor.o)
                0x000000000000cbea                rpl_neighbor_get_from_lladdr
 .text.rpl_neighbor_rank_via_nbr
                0x000000000000cbf6       0x1c build/sky/contiki-ng-sky.a(rpl-neighbor.o)
                0x000000000000cbf6                rpl_neighbor_rank_via_nbr
 .text.rpl_neighbor_get_lladdr
                0x000000000000cc12        0xc build/sky/contiki-ng-sky.a(rpl-neighbor.o)
                0x000000000000cc12                rpl_neighbor_get_lladdr
 .text.rpl_neighbor_get_ipaddr
                0x000000000000cc1e        0xa build/sky/contiki-ng-sky.a(rpl-neighbor.o)
                0x000000000000cc1e                rpl_neighbor_get_ipaddr
 .text.rpl_neighbor_get_link_stats
                0x000000000000cc28        0xa build/sky/contiki-ng-sky.a(rpl-neighbor.o)
                0x000000000000cc28                rpl_neighbor_get_link_stats
 .text.rpl_neighbor_is_fresh
                0x000000000000cc32        0xa build/sky/contiki-ng-sky.a(rpl-neighbor.o)
                0x000000000000cc32                rpl_neighbor_is_fresh
 .text.best_parent
                0x000000000000cc3c       0x72 build/sky/contiki-ng-sky.a(rpl-neighbor.o)
 .text.rpl_neighbor_is_parent
                0x000000000000ccae       0x18 build/sky/contiki-ng-sky.a(rpl-neighbor.o)
                0x000000000000ccae                rpl_neighbor_is_parent
 .text.rpl_neighbor_set_preferred_parent
                0x000000000000ccc6       0x48 build/sky/contiki-ng-sky.a(rpl-neighbor.o)
                0x000000000000ccc6                rpl_neighbor_set_preferred_parent
 .text.rpl_neighbor_remove_all
                0x000000000000cd0e       0x30 build/sky/contiki-ng-sky.a(rpl-neighbor.o)
                0x000000000000cd0e                rpl_neighbor_remove_all
 .text.rpl_neighbor_get_from_ipaddr
                0x000000000000cd3e       0x14 build/sky/contiki-ng-sky.a(rpl-neighbor.o)
                0x000000000000cd3e                rpl_neighbor_get_from_ipaddr
 .text.rpl_neighbor_select_best
                0x000000000000cd52       0x52 build/sky/contiki-ng-sky.a(rpl-neighbor.o)
                0x000000000000cd52                rpl_neighbor_select_best
 .text.rpl_neighbor_init
                0x000000000000cda4        0xe build/sky/contiki-ng-sky.a(rpl-neighbor.o)
                0x000000000000cda4                rpl_neighbor_init
 .text.handle_state_update
                0x000000000000cdb2        0x6 build/sky/contiki-ng-sky.a(rpl-timers.o)
 .text.handle_leaving_timer
                0x000000000000cdb8        0xc build/sky/contiki-ng-sky.a(rpl-timers.o)
 .text.schedule_dao_retransmission
                0x000000000000cdc4       0x34 build/sky/contiki-ng-sky.a(rpl-timers.o)
 .text.new_dio_interval
                0x000000000000cdf8       0x8a build/sky/contiki-ng-sky.a(rpl-timers.o)
 .text.handle_unicast_dio_timer
                0x000000000000ce82       0x12 build/sky/contiki-ng-sky.a(rpl-timers.o)
 .text.send_new_dao
                0x000000000000ce94       0x28 build/sky/contiki-ng-sky.a(rpl-timers.o)
 .text.resend_dao
                0x000000000000cebc       0x24 build/sky/contiki-ng-sky.a(rpl-timers.o)
 .text.handle_dao_ack_timer
                0x000000000000cee0       0x12 build/sky/contiki-ng-sky.a(rpl-timers.o)
 .text.handle_dio_timer
                0x000000000000cef2       0x6e build/sky/contiki-ng-sky.a(rpl-timers.o)
 .text.rpl_timers_schedule_periodic_dis
                0x000000000000cf60       0x40 build/sky/contiki-ng-sky.a(rpl-timers.o)
                0x000000000000cf60                rpl_timers_schedule_periodic_dis
 .text.handle_periodic_timer
                0x000000000000cfa0       0x3a build/sky/contiki-ng-sky.a(rpl-timers.o)
 .text.handle_dis_timer
                0x000000000000cfda       0x26 build/sky/contiki-ng-sky.a(rpl-timers.o)
 .text.rpl_timers_dio_reset
                0x000000000000d000       0x2e build/sky/contiki-ng-sky.a(rpl-timers.o)
                0x000000000000d000                rpl_timers_dio_reset
 .text.rpl_timers_schedule_unicast_dio
                0x000000000000d02e       0x20 build/sky/contiki-ng-sky.a(rpl-timers.o)
                0x000000000000d02e                rpl_timers_schedule_unicast_dio
 .text.rpl_timers_schedule_dao
                0x000000000000d04e       0x3a build/sky/contiki-ng-sky.a(rpl-timers.o)
                0x000000000000d04e                rpl_timers_schedule_dao
 .text.rpl_timers_schedule_dao_ack
                0x000000000000d088       0x34 build/sky/contiki-ng-sky.a(rpl-timers.o)
                0x000000000000d088                rpl_timers_schedule_dao_ack
 .text.rpl_timers_notify_dao_ack
                0x000000000000d0bc       0x74 build/sky/contiki-ng-sky.a(rpl-timers.o)
                0x000000000000d0bc                rpl_timers_notify_dao_ack
 .text.get_probing_delay
                0x000000000000d130       0x1c build/sky/contiki-ng-sky.a(rpl-timers.o)
                0x000000000000d130                get_probing_delay
 .text.get_probing_target
                0x000000000000d14c       0xec build/sky/contiki-ng-sky.a(rpl-timers.o)
                0x000000000000d14c                get_probing_target
 .text.rpl_schedule_probing
                0x000000000000d238       0x20 build/sky/contiki-ng-sky.a(rpl-timers.o)
                0x000000000000d238                rpl_schedule_probing
 .text.handle_probing_timer
                0x000000000000d258       0x2a build/sky/contiki-ng-sky.a(rpl-timers.o)
 .text.rpl_schedule_probing_now
                0x000000000000d282       0x32 build/sky/contiki-ng-sky.a(rpl-timers.o)
                0x000000000000d282                rpl_schedule_probing_now
 .text.rpl_timers_unschedule_leaving
                0x000000000000d2b4       0x1c build/sky/contiki-ng-sky.a(rpl-timers.o)
                0x000000000000d2b4                rpl_timers_unschedule_leaving
 .text.rpl_timers_schedule_leaving
                0x000000000000d2d0       0x2a build/sky/contiki-ng-sky.a(rpl-timers.o)
                0x000000000000d2d0                rpl_timers_schedule_leaving
 .text.rpl_timers_init
                0x000000000000d2fa       0x1c build/sky/contiki-ng-sky.a(rpl-timers.o)
                0x000000000000d2fa                rpl_timers_init
 .text.rpl_timers_stop_dag_timers
                0x000000000000d316       0x4c build/sky/contiki-ng-sky.a(rpl-timers.o)
                0x000000000000d316                rpl_timers_stop_dag_timers
 .text.rpl_timers_unschedule_state_update
                0x000000000000d362       0x10 build/sky/contiki-ng-sky.a(rpl-timers.o)
                0x000000000000d362                rpl_timers_unschedule_state_update
 .text.rpl_timers_schedule_state_update
                0x000000000000d372       0x1c build/sky/contiki-ng-sky.a(rpl-timers.o)
                0x000000000000d372                rpl_timers_schedule_state_update
 .text.update_hbh_header
                0x000000000000d38e       0x4e build/sky/contiki-ng-sky.a(rpl-ext-header.)
 .text.rpl_ext_header_srh_get_next_hop
                0x000000000000d3dc       0x86 build/sky/contiki-ng-sky.a(rpl-ext-header.)
                0x000000000000d3dc                rpl_ext_header_srh_get_next_hop
 .text.rpl_ext_header_srh_update
                0x000000000000d462      0x104 build/sky/contiki-ng-sky.a(rpl-ext-header.)
                0x000000000000d462                rpl_ext_header_srh_update
 .text.rpl_ext_header_hbh_update
                0x000000000000d566       0x98 build/sky/contiki-ng-sky.a(rpl-ext-header.)
                0x000000000000d566                rpl_ext_header_hbh_update
 .text.rpl_ext_header_remove
                0x000000000000d5fe      0x164 build/sky/contiki-ng-sky.a(rpl-ext-header.)
                0x000000000000d5fe                rpl_ext_header_remove
 .text.rpl_ext_header_update
                0x000000000000d762      0x2c8 build/sky/contiki-ng-sky.a(rpl-ext-header.)
                0x000000000000d762                rpl_ext_header_update
 .text.update_state
                0x000000000000da2a       0x78 build/sky/contiki-ng-sky.a(rpl-nbr-policy.)
 .text.rpl_nbr_policy_find_removable
                0x000000000000daa2       0x50 build/sky/contiki-ng-sky.a(rpl-nbr-policy.)
                0x000000000000daa2                rpl_nbr_policy_find_removable
 .text.reset    0x000000000000daf2        0x2 build/sky/contiki-ng-sky.a(rpl-mrhof.o)
 .text.update_metric_container
                0x000000000000daf4        0x6 build/sky/contiki-ng-sky.a(rpl-mrhof.o)
 .text.nbr_link_metric
                0x000000000000dafa       0x12 build/sky/contiki-ng-sky.a(rpl-mrhof.o)
 .text.nbr_has_usable_link
                0x000000000000db0c       0x14 build/sky/contiki-ng-sky.a(rpl-mrhof.o)
 .text.nbr_path_cost
                0x000000000000db20       0x38 build/sky/contiki-ng-sky.a(rpl-mrhof.o)
 .text.within_hysteresis
                0x000000000000db58       0x5a build/sky/contiki-ng-sky.a(rpl-mrhof.o)
 .text.nbr_is_acceptable_parent
                0x000000000000dbb2       0x2c build/sky/contiki-ng-sky.a(rpl-mrhof.o)
 .text.rank_via_nbr
                0x000000000000dbde       0x48 build/sky/contiki-ng-sky.a(rpl-mrhof.o)
 .text.best_parent
                0x000000000000dc26       0x7e build/sky/contiki-ng-sky.a(rpl-mrhof.o)
 .text.spi_init
                0x000000000000dca4       0x32 build/sky/contiki-ng-sky.a(spi-legacy.o)
                0x000000000000dca4                spi_init
 .text.libgcc   0x000000000000dcd6       0x2c /usr/lib/gcc/msp430/4.6.3/mmpy-16/libgcc.a(_mulsi3.o)
                0x000000000000dcd6                __mulsi3
 .text.libgcc   0x000000000000dd02       0x22 /usr/lib/gcc/msp430/4.6.3/mmpy-16/libgcc.a(_udivmod16.o)
                0x000000000000dd02                __udivhi3
                0x000000000000dd02                __ext_udivmod16
                0x000000000000dd1c                __umodhi3
 .text.libgcc   0x000000000000dd24       0x3a /usr/lib/gcc/msp430/4.6.3/mmpy-16/libgcc.a(_divmod16.o)
                0x000000000000dd24                __ext_divmod16
                0x000000000000dd24                __divhi3
                0x000000000000dd56                __modhi3
 .text.libgcc   0x000000000000dd5e       0x40 /usr/lib/gcc/msp430/4.6.3/mmpy-16/libgcc.a(_udivmod32.o)
                0x000000000000dd5e                __udivsi3
                0x000000000000dd5e                __ext_udivmod32
                0x000000000000dd94                __umodsi3
 .text.libgcc   0x000000000000dd9e       0x4c /usr/lib/gcc/msp430/4.6.3/mmpy-16/libgcc.a(_divmod32.o)
                0x000000000000dd9e                __ext_divmod32
                0x000000000000dd9e                __divsi3
                0x000000000000dde0                __modsi3
 .text          0x000000000000ddea       0x20 /usr/lib/gcc/msp430/4.6.3/../../../../msp430/lib/mmpy-16/libc.a(memcmp.o)
                0x000000000000ddea                memcmp
 .text          0x000000000000de0a       0xfa /usr/lib/gcc/msp430/4.6.3/../../../../msp430/lib/mmpy-16/libc.a(memcpy.o)
                0x000000000000de0a                memcpy
 .text          0x000000000000df04       0xfa /usr/lib/gcc/msp430/4.6.3/../../../../msp430/lib/mmpy-16/libc.a(memmove.o)
                0x000000000000df04                memmove
 .text          0x000000000000dffe       0x6a /usr/lib/gcc/msp430/4.6.3/../../../../msp430/lib/mmpy-16/libc.a(memset.o)
                0x000000000000dffe                memset
 .text          0x000000000000e068       0x1e /usr/lib/gcc/msp430/4.6.3/../../../../msp430/lib/mmpy-16/libc.a(printf.o)
                0x000000000000e068                printf
                0x000000000000e078                vprintf
 .text          0x000000000000e086       0xbc /usr/lib/gcc/msp430/4.6.3/../../../../msp430/lib/mmpy-16/libc.a(sprintf.o)
                0x000000000000e0e4                sprintf
                0x000000000000e100                snprintf
                0x000000000000e11a                vsprintf
                0x000000000000e130                vsnprintf
 .text          0x000000000000e142      0x836 /usr/lib/gcc/msp430/4.6.3/../../../../msp430/lib/mmpy-16/libc.a(vuprintf.o)
                0x000000000000e2da                vuprintf
 .text          0x000000000000e978       0x2c /usr/lib/gcc/msp430/4.6.3/../../../../msp430/lib/mmpy-16/libc.a(puts.o)
                0x000000000000e978                puts
 .text          0x000000000000e9a4       0x54 /usr/lib/gcc/msp430/4.6.3/../../../../msp430/lib/mmpy-16/libc.a(rand.o)
                0x000000000000e9a4                rand_r
                0x000000000000e9c8                rand
                0x000000000000e9ee                srand
 .text.libgcc   0x000000000000e9f8       0xf0 /usr/lib/gcc/msp430/4.6.3/mmpy-16/libgcc.a(_udivmod64.o)
                0x000000000000e9f8                __xabi_udivmod64
                0x000000000000ea56                __udivdi3
                0x000000000000ea7c                __umoddi3
                0x000000000000eaaa                __udivmoddi4
 .text.crt0     0x000000000000eae8        0x2 /usr/lib/gcc/msp430/4.6.3/mmpy-16/libcrt0.a(_unexpected_.o)
                0x000000000000eae8                _unexpected_
                0x000000000000eaea                . = ALIGN (0x2)

.rodata         0x000000000000eaea      0x4c2
                0x000000000000eaea                . = ALIGN (0x2)
 *(.rodata .rodata.* .gnu.linkonce.r.*)
 .rodata        0x000000000000eaea       0x6a udp-server.o
                0x000000000000eb44                autostart_processes
 .rodata        0x000000000000eb54       0xed build/sky/obj/contiki-main.o
 *fill*         0x000000000000ec41        0x1 00
 .rodata        0x000000000000ec42        0xe build/sky/contiki-ng-sky.a(sht11-sensor.o)
                0x000000000000ec48                sht11_sensor
 .rodata        0x000000000000ec50       0x31 build/sky/contiki-ng-sky.a(platform.o)
 .rodata        0x000000000000ec81        0xc build/sky/contiki-ng-sky.a(etimer.o)
 *fill*         0x000000000000ec8d        0x1 00
 .rodata        0x000000000000ec8e       0xb6 build/sky/contiki-ng-sky.a(log.o)
 .rodata        0x000000000000ed44        0xf build/sky/contiki-ng-sky.a(ctimer.o)
 *fill*         0x000000000000ed53        0x1 00
 .rodata        0x000000000000ed54        0x8 build/sky/contiki-ng-sky.a(linkaddr.o)
                0x000000000000ed54                linkaddr_null
 .rodata        0x000000000000ed5c       0x14 build/sky/contiki-ng-sky.a(csma.o)
                0x000000000000ed62                csma_driver
 .rodata        0x000000000000ed70        0xd build/sky/contiki-ng-sky.a(tcpip.o)
 .rodata        0x000000000000ed7d       0x13 build/sky/contiki-ng-sky.a(simple-udp.o)
 .rodata        0x000000000000ed90       0x26 build/sky/contiki-ng-sky.a(sicslowpan.o)
                0x000000000000ed9c                sicslowpan_driver
                0x000000000000eda4                llprefix
                0x000000000000eda6                unc_mxconf
                0x000000000000edaa                unc_ctxconf
                0x000000000000edae                unc_llconf
 .rodata        0x000000000000edb6       0x2d build/sky/contiki-ng-sky.a(uiplib.o)
 *fill*         0x000000000000ede3        0x1 00
 .rodata        0x000000000000ede4       0x34 build/sky/contiki-ng-sky.a(rpl.o)
                0x000000000000edee                rpl_lite_driver
 .rodata        0x000000000000ee18       0x10 build/sky/contiki-ng-sky.a(button-sensor.o)
                0x000000000000ee20                button_sensor
 .rodata        0x000000000000ee28        0x8 build/sky/contiki-ng-sky.a(sensors.o)
 .rodata        0x000000000000ee30       0x80 build/sky/contiki-ng-sky.a(cc2420.o)
                0x000000000000ee72                cc2420_aes_128_driver
                0x000000000000ee76                cc2420_driver
 .rodata        0x000000000000eeb0        0x6 build/sky/contiki-ng-sky.a(framer-802154.o)
                0x000000000000eeb0                framer_802154
 .rodata        0x000000000000eeb6        0x2 build/sky/contiki-ng-sky.a(frame802154.o)
 .rodata        0x000000000000eeb8       0xe0 build/sky/contiki-ng-sky.a(rpl-dag.o)
 .rodata        0x000000000000ef98        0xc build/sky/contiki-ng-sky.a(rpl-timers.o)
 .rodata        0x000000000000efa4        0x7 /usr/lib/gcc/msp430/4.6.3/../../../../msp430/lib/mmpy-16/libc.a(vuprintf.o)
                0x000000000000efac                . = ALIGN (0x2)
 *fill*         0x000000000000efab        0x1 00
                0x000000000000efac                _etext = .

.data           0x0000000000001100      0x13c load address 0x000000000000efac
                0x0000000000001100                . = ALIGN (0x2)
                0x0000000000001100                PROVIDE (__data_start, .)