Archive member included because of file (symbol)

build/sky/contiki-ng-sky.a(uart1-putchar.o)
                              udp-server.o (putchar)
build/sky/contiki-ng-sky.a(platform.o)
                              build/sky/obj/contiki-main.o (platform_init_stage_one)
build/sky/contiki-ng-sky.a(msp430.o)
                              build/sky/contiki-ng-sky.a(platform.o) (msp430_dco_required)
build/sky/contiki-ng-sky.a(clock.o)
                              build/sky/obj/contiki-main.o (clock_init)
build/sky/contiki-ng-sky.a(leds.o)
                              build/sky/contiki-ng-sky.a(platform.o) (leds_init)
build/sky/contiki-ng-sky.a(leds-arch.o)
                              build/sky/contiki-ng-sky.a(leds.o) (leds_arch_init)
build/sky/contiki-ng-sky.a(watchdog.o)
                              build/sky/obj/contiki-main.o (watchdog_start)
build/sky/contiki-ng-sky.a(lpm.o)
                              udp-server.o (lpm_on)
build/sky/contiki-ng-sky.a(autostart.o)
                              build/sky/obj/contiki-main.o (autostart_start)
build/sky/contiki-ng-sky.a(energest.o)
                              build/sky/obj/contiki-main.o (energest_init)
build/sky/contiki-ng-sky.a(etimer.o)
                              build/sky/contiki-ng-sky.a(clock.o) (etimer_request_poll)
build/sky/contiki-ng-sky.a(log.o)
                              udp-server.o (log_6addr)
build/sky/contiki-ng-sky.a(ctimer.o)
                              build/sky/obj/contiki-main.o (ctimer_init)
build/sky/contiki-ng-sky.a(rtimer.o)
                              build/sky/obj/contiki-main.o (rtimer_init)
build/sky/contiki-ng-sky.a(node-id.o)
                              build/sky/obj/contiki-main.o (node_id_init)
build/sky/contiki-ng-sky.a(process.o)
                              build/sky/contiki-ng-sky.a(etimer.o) (process_current)
build/sky/contiki-ng-sky.a(timer.o)
                              build/sky/contiki-ng-sky.a(platform.o) (timer_set)
build/sky/contiki-ng-sky.a(list.o)
                              build/sky/contiki-ng-sky.a(ctimer.o) (list_init)
build/sky/contiki-ng-sky.a(random.o)
                              build/sky/contiki-ng-sky.a(platform.o) (random_init)
build/sky/contiki-ng-sky.a(queuebuf.o)
                              build/sky/obj/contiki-main.o (queuebuf_init)
build/sky/contiki-ng-sky.a(packetbuf.o)
                              build/sky/contiki-ng-sky.a(queuebuf.o) (packetbuf_copyto)
build/sky/contiki-ng-sky.a(netstack.o)
                              build/sky/obj/contiki-main.o (netstack_init)
build/sky/contiki-ng-sky.a(linkaddr.o)
                              build/sky/contiki-ng-sky.a(platform.o) (linkaddr_copy)
build/sky/contiki-ng-sky.a(csma.o)
                              build/sky/obj/contiki-main.o (csma_driver)
build/sky/contiki-ng-sky.a(csma-output.o)
                              build/sky/contiki-ng-sky.a(csma.o) (csma_output_packet)
build/sky/contiki-ng-sky.a(uip-ds6.o)
                              build/sky/obj/contiki-main.o (uip_ds6_get_link_local)
build/sky/contiki-ng-sky.a(uip-ds6-route.o)
                              build/sky/contiki-ng-sky.a(uip-ds6.o) (uip_ds6_route_init)
build/sky/contiki-ng-sky.a(uip-ds6-nbr.o)
                              build/sky/contiki-ng-sky.a(uip-ds6.o) (uip_ds6_neighbors_init)
build/sky/contiki-ng-sky.a(tcpip.o)
                              build/sky/obj/contiki-main.o (tcpip_process)
build/sky/contiki-ng-sky.a(uip6.o)
                              build/sky/contiki-ng-sky.a(tcpip.o) (uip_aligned_buf)
build/sky/contiki-ng-sky.a(uip-nd6.o)
                              build/sky/contiki-ng-sky.a(uip6.o) (uip_nd6_init)
build/sky/contiki-ng-sky.a(simple-udp.o)
                              udp-server.o (simple_udp_sendto)
build/sky/contiki-ng-sky.a(sicslowpan.o)
                              build/sky/obj/contiki-main.o (sicslowpan_driver)
build/sky/contiki-ng-sky.a(uiplib.o)
                              build/sky/contiki-ng-sky.a(log.o) (uiplib_ipaddr_snprint)
build/sky/contiki-ng-sky.a(rpl.o)
                              udp-server.o (rpl_lite_driver)
build/sky/contiki-ng-sky.a(rpl-icmp6.o)
                              build/sky/contiki-ng-sky.a(rpl.o) (rpl_icmp6_init)
build/sky/contiki-ng-sky.a(rpl-dag-root.o)
                              build/sky/contiki-ng-sky.a(rpl.o) (rpl_dag_root_set_prefix)
build/sky/contiki-ng-sky.a(contiki-sky-pla)
                              build/sky/contiki-ng-sky.a(platform.o) (init_platform)
build/sky/contiki-ng-sky.a(button-sensor.o)
                              build/sky/contiki-ng-sky.a(contiki-sky-pla) (button_sensor)
build/sky/contiki-ng-sky.a(ds2411.o)
                              build/sky/contiki-ng-sky.a(platform.o) (ds2411_init)
build/sky/contiki-ng-sky.a(xmem.o)
                              build/sky/contiki-ng-sky.a(platform.o) (xmem_init)
build/sky/contiki-ng-sky.a(sensors.o)
                              build/sky/contiki-ng-sky.a(button-sensor.o) (sensors_changed)
[...]
Memory Configuration

Name             Origin             Length             Attributes
sfr              0x0000000000000000 0x0000000000000010
peripheral_8bit  0x0000000000000010 0x00000000000000f0
peripheral_16bit 0x0000000000000100 0x0000000000000100
ram_mirror       0x0000000000000200 0x0000000000000800 xw
infomem          0x0000000000001000 0x0000000000000100
infob            0x0000000000001000 0x0000000000000080
infoa            0x0000000000001080 0x0000000000000080
ram              0x0000000000001100 0x0000000000002800 xw
rom              0x0000000000004000 0x000000000000bfe0 xr
vectors          0x000000000000ffe0 0x0000000000000020
bsl              0x0000000000000000 0x0000000000000000
infoc            0x0000000000000000 0x0000000000000000
infod            0x0000000000000000 0x0000000000000000
ram2             0x0000000000000000 0x0000000000000000 xw
usbram           0x0000000000000000 0x0000000000000000 xw
far_rom          0x0000000000000000 0x0000000000000000
*default*        0x0000000000000000 0xffffffffffffffff

Linker script and memory map

LOAD /usr/lib/gcc/msp430/4.6.3/mmpy-16/crt0ivtbl16.o
                0x0000000000002d88                _stack = _end
LOAD udp-server.o
LOAD build/sky/obj/contiki-main.o
LOAD build/sky/contiki-ng-sky.a
LOAD /usr/lib/gcc/msp430/4.6.3/mmpy-16/libgcc.a
LOAD /usr/lib/gcc/msp430/4.6.3/../../../../msp430/lib/mmpy-16/libc.a
LOAD /usr/lib/gcc/msp430/4.6.3/mmpy-16/libgcc.a
LOAD /usr/lib/gcc/msp430/4.6.3/mmpy-16/libcrt0.a
                0x0000000000000080                PROVIDE (__info_segment_size, 0x80)
                0x0000000000001000                PROVIDE (__infob, 0x1000)
                0x0000000000001080                PROVIDE (__infoa, 0x1080)
                0x0000000000000000                __IE1 = 0x0
                0x0000000000000002                __IFG1 = 0x2
                0x0000000000000004                __ME1 = 0x4
                0x0000000000000001                __IE2 = 0x1
                0x0000000000000003                __IFG2 = 0x3
                0x0000000000000005                __ME2 = 0x5
                0x0000000000000120                __WDTCTL = 0x120
                0x0000000000000130                __MPY = 0x130
                0x0000000000000132                __MPYS = 0x132
                0x0000000000000134                __MAC = 0x134
                0x0000000000000136                __MACS = 0x136
                0x0000000000000138                __OP2 = 0x138
                0x000000000000013a                __RESLO = 0x13a
                0x000000000000013c                __RESHI = 0x13c
                0x000000000000013e                __SUMEXT = 0x13e
                0x0000000000000020                __P1IN = 0x20
                0x0000000000000021                __P1OUT = 0x21
                0x0000000000000022                __P1DIR = 0x22
                0x0000000000000023                __P1IFG = 0x23
                0x0000000000000024                __P1IES = 0x24
                0x0000000000000025                __P1IE = 0x25
                0x0000000000000026                __P1SEL = 0x26
                0x0000000000000028                __P2IN = 0x28
                0x0000000000000029                __P2OUT = 0x29
                0x000000000000002a                __P2DIR = 0x2a
                0x000000000000002b                __P2IFG = 0x2b
                0x000000000000002c                __P2IES = 0x2c
                0x000000000000002d                __P2IE = 0x2d
                0x000000000000002e                __P2SEL = 0x2e
                0x0000000000000018                __P3IN = 0x18
                0x0000000000000019                __P3OUT = 0x19
                0x000000000000001a                __P3DIR = 0x1a
                0x000000000000001b                __P3SEL = 0x1b
                0x000000000000001c                __P4IN = 0x1c
                0x000000000000001d                __P4OUT = 0x1d
                0x000000000000001e                __P4DIR = 0x1e
                0x000000000000001f                __P4SEL = 0x1f
                0x0000000000000030                __P5IN = 0x30
                0x0000000000000031                __P5OUT = 0x31
                0x0000000000000032                __P5DIR = 0x32
                0x0000000000000033                __P5SEL = 0x33
                0x0000000000000034                __P6IN = 0x34
                0x0000000000000035                __P6OUT = 0x35
                0x0000000000000036                __P6DIR = 0x36
                0x0000000000000037                __P6SEL = 0x37
                0x0000000000000070                __U0CTL = 0x70
                0x0000000000000071                __U0TCTL = 0x71
                0x0000000000000072                __U0RCTL = 0x72
                0x0000000000000073                __U0MCTL = 0x73
                0x0000000000000074                __U0BR0 = 0x74
                0x0000000000000075                __U0BR1 = 0x75
                0x0000000000000076                __U0RXBUF = 0x76
                0x0000000000000077                __U0TXBUF = 0x77
                0x0000000000000078                __U1CTL = 0x78
                0x0000000000000079                __U1TCTL = 0x79
                0x000000000000007a                __U1RCTL = 0x7a
                0x000000000000007b                __U1MCTL = 0x7b
                0x000000000000007c                __U1BR0 = 0x7c
                0x000000000000007d                __U1BR1 = 0x7d
                0x000000000000007e                __U1RXBUF = 0x7e
                0x000000000000007f                __U1TXBUF = 0x7f
                0x0000000000000050                __I2CIE = 0x50
                0x0000000000000051                __I2CIFG = 0x51
                0x0000000000000052                __I2CNDAT = 0x52
                0x0000000000000071                __I2CTCTL = 0x71
                0x0000000000000072                __I2CDCTL = 0x72
                0x0000000000000073                __I2CPSC = 0x73
                0x0000000000000074                __I2CSCLH = 0x74
                0x0000000000000075                __I2CSCLL = 0x75
                0x0000000000000076                __I2CDRB = 0x76
                0x0000000000000076                __I2CDRW = 0x76
                0x0000000000000118                __I2COA = 0x118
                0x000000000000011a                __I2CSA = 0x11a
                0x000000000000011c                __I2CIV = 0x11c
                0x000000000000012e                __TAIV = 0x12e
                0x0000000000000160                __TACTL = 0x160
                0x0000000000000162                __TACCTL0 = 0x162
                0x0000000000000164                __TACCTL1 = 0x164
                0x0000000000000166                __TACCTL2 = 0x166
                0x0000000000000170                __TAR = 0x170
                0x0000000000000172                __TACCR0 = 0x172
                0x0000000000000174                __TACCR1 = 0x174
                0x0000000000000176                __TACCR2 = 0x176
                0x000000000000011e                __TBIV = 0x11e
                0x0000000000000180                __TBCTL = 0x180
                0x0000000000000182                __TBCCTL0 = 0x182
                0x0000000000000184                __TBCCTL1 = 0x184
                0x0000000000000186                __TBCCTL2 = 0x186
                0x0000000000000188                __TBCCTL3 = 0x188
                0x000000000000018a                __TBCCTL4 = 0x18a
                0x000000000000018c                __TBCCTL5 = 0x18c
                0x000000000000018e                __TBCCTL6 = 0x18e
                0x0000000000000190                __TBR = 0x190
                0x0000000000000192                __TBCCR0 = 0x192
                0x0000000000000194                __TBCCR1 = 0x194
                0x0000000000000196                __TBCCR2 = 0x196
                0x0000000000000198                __TBCCR3 = 0x198
                0x000000000000019a                __TBCCR4 = 0x19a
                0x000000000000019c                __TBCCR5 = 0x19c
                0x000000000000019e                __TBCCR6 = 0x19e
                0x0000000000000056                __DCOCTL = 0x56
                0x0000000000000057                __BCSCTL1 = 0x57
                0x0000000000000058                __BCSCTL2 = 0x58
                0x0000000000000055                __SVSCTL = 0x55
                0x0000000000000128                __FCTL1 = 0x128
                0x000000000000012a                __FCTL2 = 0x12a
                0x000000000000012c                __FCTL3 = 0x12c
                0x0000000000000059                __CACTL1 = 0x59
                0x000000000000005a                __CACTL2 = 0x5a
                0x000000000000005b                __CAPD = 0x5b
                0x00000000000001a0                __ADC12CTL0 = 0x1a0
                0x00000000000001a2                __ADC12CTL1 = 0x1a2
                0x00000000000001a4                __ADC12IFG = 0x1a4
                0x00000000000001a6                __ADC12IE = 0x1a6
                0x00000000000001a8                __ADC12IV = 0x1a8
                0x0000000000000140                __ADC12MEM0 = 0x140
                0x0000000000000142                __ADC12MEM1 = 0x142
                0x0000000000000144                __ADC12MEM2 = 0x144
                0x0000000000000146                __ADC12MEM3 = 0x146
                0x0000000000000148                __ADC12MEM4 = 0x148
                0x000000000000014a                __ADC12MEM5 = 0x14a
                0x000000000000014c                __ADC12MEM6 = 0x14c
                0x000000000000014e                __ADC12MEM7 = 0x14e
                0x0000000000000150                __ADC12MEM8 = 0x150
                0x0000000000000152                __ADC12MEM9 = 0x152
                0x0000000000000154                __ADC12MEM10 = 0x154
                0x0000000000000156                __ADC12MEM11 = 0x156
                0x0000000000000158                __ADC12MEM12 = 0x158
                0x000000000000015a                __ADC12MEM13 = 0x15a
                0x000000000000015c                __ADC12MEM14 = 0x15c
                0x000000000000015e                __ADC12MEM15 = 0x15e
                0x0000000000000080                __ADC12MCTL0 = 0x80
                0x0000000000000081                __ADC12MCTL1 = 0x81
                0x0000000000000082                __ADC12MCTL2 = 0x82
                0x0000000000000083                __ADC12MCTL3 = 0x83
                0x0000000000000084                __ADC12MCTL4 = 0x84
                0x0000000000000085                __ADC12MCTL5 = 0x85
                0x0000000000000086                __ADC12MCTL6 = 0x86
                0x0000000000000087                __ADC12MCTL7 = 0x87
                0x0000000000000088                __ADC12MCTL8 = 0x88
                0x0000000000000089                __ADC12MCTL9 = 0x89
                0x000000000000008a                __ADC12MCTL10 = 0x8a
                0x000000000000008b                __ADC12MCTL11 = 0x8b
                0x000000000000008c                __ADC12MCTL12 = 0x8c
                0x000000000000008d                __ADC12MCTL13 = 0x8d
                0x000000000000008e                __ADC12MCTL14 = 0x8e
                0x000000000000008f                __ADC12MCTL15 = 0x8f
                0x00000000000001c0                __DAC12_0CTL = 0x1c0
                0x00000000000001c2                __DAC12_1CTL = 0x1c2
                0x00000000000001c8                __DAC12_0DAT = 0x1c8
                0x00000000000001ca                __DAC12_1DAT = 0x1ca
                0x0000000000000122                __DMACTL0 = 0x122
                0x0000000000000124                __DMACTL1 = 0x124
                0x00000000000001e0                __DMA0CTL = 0x1e0
                0x00000000000001e8                __DMA1CTL = 0x1e8
                0x00000000000001f0                __DMA2CTL = 0x1f0
                0x00000000000001e2                __DMA0SA = 0x1e2
                0x00000000000001e4                __DMA0DA = 0x1e4
                0x00000000000001e6                __DMA0SZ = 0x1e6
                0x00000000000001ea                __DMA1SA = 0x1ea
                0x00000000000001ec                __DMA1DA = 0x1ec
                0x00000000000001ee                __DMA1SZ = 0x1ee
                0x00000000000001f2                __DMA2SA = 0x1f2
                0x00000000000001f4                __DMA2DA = 0x1f4
                0x00000000000001f6                __DMA2SZ = 0x1f6

.hash
 *(.hash)

.dynsym
 *(.dynsym)

.dynstr
 *(.dynstr)

.gnu.version
 *(.gnu.version)

.gnu.version_d
 *(.gnu.version_d)

.gnu.version_r
 *(.gnu.version_r)

.rel.init
 *(.rel.init)

.rela.init
 *(.rela.init)

.rel.fini
 *(.rel.fini)

.rela.fini
 *(.rela.fini)

.rel.text
 *(.rel.text .rel.text.* .rel.gnu.linkonce.t.*)

.rela.text
 *(.rela.text .rela.text.* .rela.gnu.linkonce.t.*)

.rel.rodata
 *(.rel.rodata .rel.rodata.* .rel.gnu.linkonce.r.*)

.rela.rodata
 *(.rela.rodata .rela.rodata.* .rela.gnu.linkonce.r.*)

.rel.data
 *(.rel.data .rel.data.* .rel.gnu.linkonce.d.*)

.rela.data
 *(.rela.data .rela.data.* .rela.gnu.linkonce.d.*)

.rel.bss
 *(.rel.bss .rel.bss.* .rel.gnu.linkonce.b.*)

.rela.bss
 *(.rela.bss .rela.bss.* .rela.gnu.linkonce.b.*)

.rel.ctors
 *(.rel.ctors)

.rela.ctors
 *(.rela.ctors)

.rel.dtors
 *(.rel.dtors)

.rela.dtors
 *(.rela.dtors)

.rel.got
 *(.rel.got)

.rela.got
 *(.rela.got)

.rel.plt
 *(.rel.plt)

.rela.plt
 *(.rela.plt)

.text           0x0000000000004000     0xa7b8
                0x0000000000004000                . = ALIGN (0x2)
 *(.init .init.*)
 *(.init0)
 .init0         0x0000000000004000        0x0 /usr/lib/gcc/msp430/4.6.3/mmpy-16/libcrt0.a(_reset_vector__.o)
                0x0000000000004000                _reset_vector__
 *(.init1)
 .init1         0x0000000000004000        0xc /usr/lib/gcc/msp430/4.6.3/mmpy-16/libcrt0.a(__watchdog_support.o)
                0x0000000000004000                __watchdog_support
 *(.init2)
 .init2         0x000000000000400c        0x4 /usr/lib/gcc/msp430/4.6.3/mmpy-16/libcrt0.a(__init_stack.o)
                0x000000000000400c                __init_stack
 *(.init3)
 .init3         0x0000000000004010        0x0 /usr/lib/gcc/msp430/4.6.3/mmpy-16/libcrt0.a(__low_level_init.o)
                0x0000000000004010                __low_level_init
 *(.init4)
 .init4         0x0000000000004010       0x18 /usr/lib/gcc/msp430/4.6.3/mmpy-16/libcrt0.a(_copy_data.o)
                0x0000000000004010                __do_copy_data
 .init4         0x0000000000004028       0x16 /usr/lib/gcc/msp430/4.6.3/mmpy-16/libcrt0.a(_clear_bss.o)
                0x0000000000004028                __do_clear_bss
 *(.init5)
 *(.init6)
 *(.init7)
 *(.init8)
 *(.init9)
 .init9         0x000000000000403e      0x22e build/sky/obj/contiki-main.o
                0x000000000000403e                main
 *(.fini9)
 .fini9         0x000000000000426c        0x0 /usr/lib/gcc/msp430/4.6.3/mmpy-16/libcrt0.a(__stop_progExec__.o)
                0x000000000000426c                __stop_progExec__
 *(.fini8)
 *(.fini7)
 *(.fini6)
 *(.fini5)
 *(.fini4)
 *(.fini3)
 *(.fini2)
 *(.fini1)
 *(.fini0)
 .fini0         0x000000000000426c        0x6 /usr/lib/gcc/msp430/4.6.3/mmpy-16/libcrt0.a(_endless_loop__.o)
                0x000000000000426c                _endless_loop__
 *(.fini .fini.*)
                0x0000000000004272                . = ALIGN (0x2)
                0x0000000000004272                __ctors_start = .
 *(.ctors)
                0x0000000000004272                __ctors_end = .
                0x0000000000004272                __dtors_start = .
 *(.dtors)
                0x0000000000004272                __dtors_end = .
                0x0000000000004272                . = ALIGN (0x2)
 *(.text .text.* .gnu.linkonce.t.*)
 .text          0x0000000000004272        0x4 /usr/lib/gcc/msp430/4.6.3/mmpy-16/crt0ivtbl16.o
                0x0000000000004272                __isr_14
                0x0000000000004272                __isr_11
                0x0000000000004272                __isr_2
                0x0000000000004272                __isr_7
                0x0000000000004272                __isr_0
                0x0000000000004272                __isr_8
                0x0000000000004272                __isr_3
                0x0000000000004272                __isr_12
                0x0000000000004272                __isr_13
                0x0000000000004272                __isr_9
 .text.process_thread_udp_server_process
                0x0000000000004276       0x76 udp-server.o
 .text.udp_rx_callback
                0x00000000000042ec       0x64 udp-server.o
 .text.putchar  0x0000000000004350       0x10 build/sky/contiki-ng-sky.a(uart1-putchar.o)
                0x0000000000004350                putchar
 .text.platform_init_stage_one
                0x0000000000004360       0x12 build/sky/contiki-ng-sky.a(platform.o)
                0x0000000000004360                platform_init_stage_one
 .text.platform_init_stage_two
                0x0000000000004372       0x66 build/sky/contiki-ng-sky.a(platform.o)
                0x0000000000004372                platform_init_stage_two
 .text.platform_init_stage_three
                0x00000000000043d8       0x7a build/sky/contiki-ng-sky.a(platform.o)
                0x00000000000043d8                platform_init_stage_three
 .text.platform_idle
                0x0000000000004452       0x54 build/sky/contiki-ng-sky.a(platform.o)
                0x0000000000004452                platform_idle
 .text.msp430_init_dco
                0x00000000000044a6       0x84 build/sky/contiki-ng-sky.a(msp430.o)
                0x00000000000044a6                msp430_init_dco
 .text.msp430_add_lpm_req
                0x000000000000452a        0xc build/sky/contiki-ng-sky.a(msp430.o)
                0x000000000000452a                msp430_add_lpm_req
 .text.msp430_cpu_init
                0x0000000000004536       0x2a build/sky/contiki-ng-sky.a(msp430.o)
                0x0000000000004536                msp430_cpu_init
 .text.splhigh_
                0x0000000000004560        0x8 build/sky/contiki-ng-sky.a(msp430.o)
                0x0000000000004560                splhigh_
 .text.msp430_sync_dco
                0x0000000000004568       0x68 build/sky/contiki-ng-sky.a(msp430.o)
                0x0000000000004568                msp430_sync_dco
 .text.timera1  0x00000000000045d0       0xdc build/sky/contiki-ng-sky.a(clock.o)
                0x00000000000045d0                __isr_5
                0x00000000000045d0                timera1
 .text.clock_time
                0x00000000000046ac       0x1a build/sky/contiki-ng-sky.a(clock.o)
                0x00000000000046ac                clock_time
 .text.clock_init
                0x00000000000046c6       0x28 build/sky/contiki-ng-sky.a(clock.o)
                0x00000000000046c6                clock_init
 .text.clock_delay
                0x00000000000046ee        0xc build/sky/contiki-ng-sky.a(clock.o)
                0x00000000000046ee                clock_delay
 .text.clock_seconds
                0x00000000000046fa       0x1a build/sky/contiki-ng-sky.a(clock.o)
                0x00000000000046fa                clock_seconds
 .text.leds_init
                0x0000000000004714        0x6 build/sky/contiki-ng-sky.a(leds.o)
                0x0000000000004714                leds_init
 .text.leds_on  0x000000000000471a       0x12 build/sky/contiki-ng-sky.a(leds.o)
                0x000000000000471a                leds_on
 .text.leds_off
                0x000000000000472c       0x12 build/sky/contiki-ng-sky.a(leds.o)
                0x000000000000472c                leds_off
 .text.leds_arch_init
                0x000000000000473e        0xe build/sky/contiki-ng-sky.a(leds-arch.o)
                0x000000000000473e                leds_arch_init
 .text.leds_arch_get
                0x000000000000474c       0x36 build/sky/contiki-ng-sky.a(leds-arch.o)
                0x000000000000474c                leds_arch_get
 .text.leds_arch_set
                0x0000000000004782       0x40 build/sky/contiki-ng-sky.a(leds-arch.o)
                0x0000000000004782                leds_arch_set
 .text.watchdog_interrupt
                0x00000000000047c2        0x6 build/sky/contiki-ng-sky.a(watchdog.o)
                0x00000000000047c2                __isr_10
                0x00000000000047c2                watchdog_interrupt
 .text.watchdog_start
                0x00000000000047c8       0x14 build/sky/contiki-ng-sky.a(watchdog.o)
                0x00000000000047c8                watchdog_start
 .text.watchdog_periodic
                0x00000000000047dc       0x12 build/sky/contiki-ng-sky.a(watchdog.o)
                0x00000000000047dc                watchdog_periodic
 .text.watchdog_stop
                0x00000000000047ee       0x16 build/sky/contiki-ng-sky.a(watchdog.o)
                0x00000000000047ee                watchdog_stop
 .text.watchdog_init
                0x0000000000004804       0x14 build/sky/contiki-ng-sky.a(watchdog.o)
                0x0000000000004804                watchdog_init
 .text.lpm_on   0x0000000000004818        0x6 build/sky/contiki-ng-sky.a(lpm.o)
                0x0000000000004818                lpm_on
 .text.autostart_start
                0x000000000000481e       0x16 build/sky/contiki-ng-sky.a(autostart.o)
                0x000000000000481e                autostart_start
 .text.energest_init
                0x0000000000004834        0x2 build/sky/contiki-ng-sky.a(energest.o)
                0x0000000000004834                energest_init
 .text.energest_flush
                0x0000000000004836        0x2 build/sky/contiki-ng-sky.a(energest.o)
                0x0000000000004836                energest_flush
 .text.update_time
                0x0000000000004838       0x78 build/sky/contiki-ng-sky.a(etimer.o)
 .text.etimer_request_poll
                0x00000000000048b0        0xa build/sky/contiki-ng-sky.a(etimer.o)
                0x00000000000048b0                etimer_request_poll
 .text.process_thread_etimer_process
                0x00000000000048ba       0xc8 build/sky/contiki-ng-sky.a(etimer.o)
 .text.add_timer
                0x0000000000004982       0x40 build/sky/contiki-ng-sky.a(etimer.o)
 .text.etimer_set
                0x00000000000049c2       0x12 build/sky/contiki-ng-sky.a(etimer.o)
                0x00000000000049c2                etimer_set
 .text.etimer_reset
                0x00000000000049d4       0x12 build/sky/contiki-ng-sky.a(etimer.o)
                0x00000000000049d4                etimer_reset
 .text.etimer_expired
                0x00000000000049e6        0xe build/sky/contiki-ng-sky.a(etimer.o)
                0x00000000000049e6                etimer_expired
 .text.etimer_pending
                0x00000000000049f4        0xc build/sky/contiki-ng-sky.a(etimer.o)
                0x00000000000049f4                etimer_pending
 .text.etimer_next_expiration_time
                0x0000000000004a00       0x16 build/sky/contiki-ng-sky.a(etimer.o)
                0x0000000000004a00                etimer_next_expiration_time
 .text.etimer_stop
                0x0000000000004a16       0x3c build/sky/contiki-ng-sky.a(etimer.o)
                0x0000000000004a16                etimer_stop
 .text.log_6addr
                0x0000000000004a52       0x32 build/sky/contiki-ng-sky.a(log.o)
                0x0000000000004a52                log_6addr
 .text.log_lladdr
                0x0000000000004a84       0x44 build/sky/contiki-ng-sky.a(log.o)
                0x0000000000004a84                log_lladdr
 .text.process_thread_ctimer_process
                0x0000000000004ac8       0xa4 build/sky/contiki-ng-sky.a(ctimer.o)
 .text.ctimer_init
                0x0000000000004b6c       0x18 build/sky/contiki-ng-sky.a(ctimer.o)
                0x0000000000004b6c                ctimer_init
 .text.ctimer_set_with_process
                0x0000000000004b84       0x4e build/sky/contiki-ng-sky.a(ctimer.o)
                0x0000000000004b84                ctimer_set_with_process
 .text.ctimer_set
                0x0000000000004bd2       0x10 build/sky/contiki-ng-sky.a(ctimer.o)
                0x0000000000004bd2                ctimer_set
 .text.ctimer_reset
                0x0000000000004be2       0x30 build/sky/contiki-ng-sky.a(ctimer.o)
                0x0000000000004be2                ctimer_reset
 .text.ctimer_stop
                0x0000000000004c12       0x28 build/sky/contiki-ng-sky.a(ctimer.o)
                0x0000000000004c12                ctimer_stop
 .text.ctimer_expired
                0x0000000000004c3a       0x32 build/sky/contiki-ng-sky.a(ctimer.o)
                0x0000000000004c3a                ctimer_expired
 .text.rtimer_init
                0x0000000000004c6c        0x6 build/sky/contiki-ng-sky.a(rtimer.o)
                0x0000000000004c6c                rtimer_init
 .text.rtimer_run_next
                0x0000000000004c72       0x26 build/sky/contiki-ng-sky.a(rtimer.o)
                0x0000000000004c72                rtimer_run_next
 .text.node_id_init
                0x0000000000004c98       0x14 build/sky/contiki-ng-sky.a(node-id.o)
                0x0000000000004c98                node_id_init
 .text.call_process
                0x0000000000004cac       0x4a build/sky/contiki-ng-sky.a(process.o)
 .text.exit_process
                0x0000000000004cf6       0x96 build/sky/contiki-ng-sky.a(process.o)
 .text.do_poll  0x0000000000004d8c       0x30 build/sky/contiki-ng-sky.a(process.o)
 .text.process_alloc_event
                0x0000000000004dbc        0xe build/sky/contiki-ng-sky.a(process.o)
                0x0000000000004dbc                process_alloc_event
 .text.process_init
                0x0000000000004dca       0x18 build/sky/contiki-ng-sky.a(process.o)
                0x0000000000004dca                process_init
 .text.process_run
                0x0000000000004de2       0x92 build/sky/contiki-ng-sky.a(process.o)
                0x0000000000004de2                process_run
 .text.process_nevents
                0x0000000000004e74        0xe build/sky/contiki-ng-sky.a(process.o)
                0x0000000000004e74                process_nevents
 .text.process_post
                0x0000000000004e82       0x42 build/sky/contiki-ng-sky.a(process.o)
                0x0000000000004e82                process_post
 .text.process_post_synch
                0x0000000000004ec4       0x12 build/sky/contiki-ng-sky.a(process.o)
                0x0000000000004ec4                process_post_synch
 .text.process_start
                0x0000000000004ed6       0x32 build/sky/contiki-ng-sky.a(process.o)
                0x0000000000004ed6                process_start
 .text.process_poll
                0x0000000000004f08       0x18 build/sky/contiki-ng-sky.a(process.o)
                0x0000000000004f08                process_poll
 .text.timer_set
                0x0000000000004f20       0x1c build/sky/contiki-ng-sky.a(timer.o)
                0x0000000000004f20                timer_set
 .text.timer_expired
                0x0000000000004f3c       0x2a build/sky/contiki-ng-sky.a(timer.o)
                0x0000000000004f3c                timer_expired
 .text.timer_reset
                0x0000000000004f66       0x1c build/sky/contiki-ng-sky.a(timer.o)
                0x0000000000004f66                timer_reset
 .text.list_init
                0x0000000000004f82        0x6 build/sky/contiki-ng-sky.a(list.o)
                0x0000000000004f82                list_init
 .text.list_head
                0x0000000000004f88        0x4 build/sky/contiki-ng-sky.a(list.o)
                0x0000000000004f88                list_head
 .text.list_tail
                0x0000000000004f8c       0x12 build/sky/contiki-ng-sky.a(list.o)
                0x0000000000004f8c                list_tail
 .text.list_remove
                0x0000000000004f9e       0x34 build/sky/contiki-ng-sky.a(list.o)
                0x0000000000004f9e                list_remove
 .text.list_push
                0x0000000000004fd2       0x1a build/sky/contiki-ng-sky.a(list.o)
                0x0000000000004fd2                list_push
 .text.list_add
                0x0000000000004fec       0x2a build/sky/contiki-ng-sky.a(list.o)
                0x0000000000004fec                list_add
 .text.list_length
                0x0000000000005016       0x10 build/sky/contiki-ng-sky.a(list.o)
                0x0000000000005016                list_length
 .text.list_item_next
                0x0000000000005026        0xc build/sky/contiki-ng-sky.a(list.o)
                0x0000000000005026                list_item_next
 .text.random_init
                0x0000000000005032        0x6 build/sky/contiki-ng-sky.a(random.o)
                0x0000000000005032                random_init
 .text.random_rand
                0x0000000000005038        0x6 build/sky/contiki-ng-sky.a(random.o)
                0x0000000000005038                random_rand
 .text.queuebuf_init
                0x000000000000503e       0x12 build/sky/contiki-ng-sky.a(queuebuf.o)
                0x000000000000503e                queuebuf_init
 .text.queuebuf_numfree
                0x0000000000005050        0xa build/sky/contiki-ng-sky.a(queuebuf.o)
                0x0000000000005050                queuebuf_numfree
 .text.queuebuf_new_from_packetbuf
                0x000000000000505a       0x52 build/sky/contiki-ng-sky.a(queuebuf.o)
                0x000000000000505a                queuebuf_new_from_packetbuf
 .text.queuebuf_update_attr_from_packetbuf
                0x00000000000050ac       0x12 build/sky/contiki-ng-sky.a(queuebuf.o)
                0x00000000000050ac                queuebuf_update_attr_from_packetbuf
 .text.queuebuf_free
                0x00000000000050be       0x2a build/sky/contiki-ng-sky.a(queuebuf.o)
                0x00000000000050be                queuebuf_free
 .text.queuebuf_to_packetbuf
                0x00000000000050e8       0x32 build/sky/contiki-ng-sky.a(queuebuf.o)
                0x00000000000050e8                queuebuf_to_packetbuf
 .text.packetbuf_hdrreduce
                0x000000000000511a       0x1a build/sky/contiki-ng-sky.a(packetbuf.o)
                0x000000000000511a                packetbuf_hdrreduce
 .text.packetbuf_set_datalen
                0x0000000000005134        0x6 build/sky/contiki-ng-sky.a(packetbuf.o)
                0x0000000000005134                packetbuf_set_datalen
 .text.packetbuf_hdrptr
                0x000000000000513a        0x6 build/sky/contiki-ng-sky.a(packetbuf.o)
                0x000000000000513a                packetbuf_hdrptr
 .text.packetbuf_datalen
                0x0000000000005140        0x6 build/sky/contiki-ng-sky.a(packetbuf.o)
                0x0000000000005140                packetbuf_datalen
 .text.packetbuf_hdrlen
                0x0000000000005146        0xa build/sky/contiki-ng-sky.a(packetbuf.o)
                0x0000000000005146                packetbuf_hdrlen
 .text.packetbuf_dataptr
                0x0000000000005150        0xc build/sky/contiki-ng-sky.a(packetbuf.o)
                0x0000000000005150                packetbuf_dataptr
 .text.packetbuf_copyto
                0x000000000000515c       0x46 build/sky/contiki-ng-sky.a(packetbuf.o)
                0x000000000000515c                packetbuf_copyto
 .text.packetbuf_totlen
                0x00000000000051a2        0xc build/sky/contiki-ng-sky.a(packetbuf.o)
                0x00000000000051a2                packetbuf_totlen
 .text.packetbuf_hdralloc
                0x00000000000051ae       0x3a build/sky/contiki-ng-sky.a(packetbuf.o)
                0x00000000000051ae                packetbuf_hdralloc
 .text.packetbuf_attr_clear
                0x00000000000051e8       0x28 build/sky/contiki-ng-sky.a(packetbuf.o)
                0x00000000000051e8                packetbuf_attr_clear
 .text.packetbuf_clear
                0x0000000000005210       0x12 build/sky/contiki-ng-sky.a(packetbuf.o)
                0x0000000000005210                packetbuf_clear
 .text.packetbuf_copyfrom
                0x0000000000005222       0x2e build/sky/contiki-ng-sky.a(packetbuf.o)
                0x0000000000005222                packetbuf_copyfrom
 .text.packetbuf_attr_copyto
                0x0000000000005250       0x22 build/sky/contiki-ng-sky.a(packetbuf.o)
                0x0000000000005250                packetbuf_attr_copyto
 .text.packetbuf_attr_copyfrom
                0x0000000000005272       0x24 build/sky/contiki-ng-sky.a(packetbuf.o)
                0x0000000000005272                packetbuf_attr_copyfrom
 .text.packetbuf_set_attr
                0x0000000000005296        0xc build/sky/contiki-ng-sky.a(packetbuf.o)
                0x0000000000005296                packetbuf_set_attr
 .text.packetbuf_attr
                0x00000000000052a2        0xa build/sky/contiki-ng-sky.a(packetbuf.o)
                0x00000000000052a2                packetbuf_attr
 .text.packetbuf_set_addr
                0x00000000000052ac       0x18 build/sky/contiki-ng-sky.a(packetbuf.o)
                0x00000000000052ac                packetbuf_set_addr
 .text.packetbuf_addr
                0x00000000000052c4       0x12 build/sky/contiki-ng-sky.a(packetbuf.o)
                0x00000000000052c4                packetbuf_addr
 .text.packetbuf_holds_broadcast
                0x00000000000052d6        0xe build/sky/contiki-ng-sky.a(packetbuf.o)
                0x00000000000052d6                packetbuf_holds_broadcast
 .text.netstack_process_ip_callback
                0x00000000000052e4       0x52 build/sky/contiki-ng-sky.a(netstack.o)
                0x00000000000052e4                netstack_process_ip_callback
 .text.netstack_init
                0x0000000000005336        0xe build/sky/contiki-ng-sky.a(netstack.o)
                0x0000000000005336                netstack_init
 .text.linkaddr_copy
                0x0000000000005344        0x8 build/sky/contiki-ng-sky.a(linkaddr.o)
                0x0000000000005344                linkaddr_copy
 .text.linkaddr_cmp
                0x000000000000534c       0x12 build/sky/contiki-ng-sky.a(linkaddr.o)
                0x000000000000534c                linkaddr_cmp
 .text.linkaddr_set_node_addr
                0x000000000000535e        0xc build/sky/contiki-ng-sky.a(linkaddr.o)
                0x000000000000535e                linkaddr_set_node_addr
 .text.on       0x000000000000536a        0x6 build/sky/contiki-ng-sky.a(csma.o)
 .text.off      0x0000000000005370        0x6 build/sky/contiki-ng-sky.a(csma.o)
 .text.max_payload
                0x0000000000005376       0x38 build/sky/contiki-ng-sky.a(csma.o)
 .text.send_packet
                0x00000000000053ae        0x6 build/sky/contiki-ng-sky.a(csma.o)
 .text.input_packet
                0x00000000000053b4       0x54 build/sky/contiki-ng-sky.a(csma.o)
 .text.init     0x0000000000005408       0x1c build/sky/contiki-ng-sky.a(csma.o)
 .text.schedule_transmission
                0x0000000000005424       0x72 build/sky/contiki-ng-sky.a(csma-output.o)
 .text.tx_done  0x0000000000005496       0x9a build/sky/contiki-ng-sky.a(csma-output.o)
 .text.transmit_from_queue
                0x0000000000005530      0x1ae build/sky/contiki-ng-sky.a(csma-output.o)
 .text.csma_output_packet
                0x00000000000056de      0x180 build/sky/contiki-ng-sky.a(csma-output.o)
                0x00000000000056de                csma_output_packet
 .text.csma_output_init
                0x000000000000585e       0x1a build/sky/contiki-ng-sky.a(csma-output.o)
                0x000000000000585e                csma_output_init
 .text.uip_ds6_default_prefix
                0x0000000000005878        0x6 build/sky/contiki-ng-sky.a(uip-ds6.o)
                0x0000000000005878                uip_ds6_default_prefix
 .text.uip_ds6_list_loop
                0x000000000000587e       0x92 build/sky/contiki-ng-sky.a(uip-ds6.o)
                0x000000000000587e                uip_ds6_list_loop
 .text.uip_ds6_prefix_add
                0x0000000000005910       0x80 build/sky/contiki-ng-sky.a(uip-ds6.o)
                0x0000000000005910                uip_ds6_prefix_add
 .text.uip_ds6_is_addr_onlink
                0x0000000000005990       0x54 build/sky/contiki-ng-sky.a(uip-ds6.o)
                0x0000000000005990                uip_ds6_is_addr_onlink
 .text.uip_ds6_addr_lookup
                0x00000000000059e4       0x2a build/sky/contiki-ng-sky.a(uip-ds6.o)
                0x00000000000059e4                uip_ds6_addr_lookup
 .text.uip_ds6_get_link_local
                0x0000000000005a0e       0x3e build/sky/contiki-ng-sky.a(uip-ds6.o)
                0x0000000000005a0e                uip_ds6_get_link_local
 .text.uip_ds6_maddr_add
                0x0000000000005a4c       0x4c build/sky/contiki-ng-sky.a(uip-ds6.o)
                0x0000000000005a4c                uip_ds6_maddr_add
 .text.uip_ds6_addr_add
                0x0000000000005a98       0xc4 build/sky/contiki-ng-sky.a(uip-ds6.o)
                0x0000000000005a98                uip_ds6_addr_add
 .text.uip_ds6_maddr_lookup
                0x0000000000005b5c       0x2a build/sky/contiki-ng-sky.a(uip-ds6.o)
                0x0000000000005b5c                uip_ds6_maddr_lookup
 .text.uip_ds6_addr_rm
                0x0000000000005b86       0x54 build/sky/contiki-ng-sky.a(uip-ds6.o)
                0x0000000000005b86                uip_ds6_addr_rm
 .text.uip_ds6_periodic
                0x0000000000005bda       0x46 build/sky/contiki-ng-sky.a(uip-ds6.o)
                0x0000000000005bda                uip_ds6_periodic
 .text.uip_ds6_set_addr_iid
                0x0000000000005c20       0x14 build/sky/contiki-ng-sky.a(uip-ds6.o)
                0x0000000000005c20                uip_ds6_set_addr_iid
 .text.uip_ds6_set_lladdr_from_iid
                0x0000000000005c34       0x14 build/sky/contiki-ng-sky.a(uip-ds6.o)
                0x0000000000005c34                uip_ds6_set_lladdr_from_iid
 .text.get_match_length
                0x0000000000005c48       0x3e build/sky/contiki-ng-sky.a(uip-ds6.o)
                0x0000000000005c48                get_match_length
 .text.uip_ds6_select_src
                0x0000000000005c86       0xaa build/sky/contiki-ng-sky.a(uip-ds6.o)
                0x0000000000005c86                uip_ds6_select_src
 .text.uip_ds6_compute_reachable_time
                0x0000000000005d30       0x3e build/sky/contiki-ng-sky.a(uip-ds6.o)
                0x0000000000005d30                uip_ds6_compute_reachable_time
 .text.uip_ds6_init
                0x0000000000005d6e      0x164 build/sky/contiki-ng-sky.a(uip-ds6.o)
                0x0000000000005d6e                uip_ds6_init
 .text.uip_ds6_route_init
                0x0000000000005ed2       0x12 build/sky/contiki-ng-sky.a(uip-ds6-route.o)
                0x0000000000005ed2                uip_ds6_route_init
 .text.uip_ds6_route_nexthop
                0x0000000000005ee4        0x4 build/sky/contiki-ng-sky.a(uip-ds6-route.o)
                0x0000000000005ee4                uip_ds6_route_nexthop
 .text.uip_ds6_route_lookup
                0x0000000000005ee8        0x4 build/sky/contiki-ng-sky.a(uip-ds6-route.o)
                0x0000000000005ee8                uip_ds6_route_lookup
 .text.uip_ds6_route_rm
                0x0000000000005eec        0x2 build/sky/contiki-ng-sky.a(uip-ds6-route.o)
                0x0000000000005eec                uip_ds6_route_rm
 .text.uip_ds6_defrt_rm
                0x0000000000005eee       0x3c build/sky/contiki-ng-sky.a(uip-ds6-route.o)
                0x0000000000005eee                uip_ds6_defrt_rm
 .text.uip_ds6_defrt_lookup
                0x0000000000005f2a       0x3e build/sky/contiki-ng-sky.a(uip-ds6-route.o)
                0x0000000000005f2a                uip_ds6_defrt_lookup
 .text.uip_ds6_defrt_add
                0x0000000000005f68       0x72 build/sky/contiki-ng-sky.a(uip-ds6-route.o)
                0x0000000000005f68                uip_ds6_defrt_add
 .text.uip_ds6_defrt_choose
                0x0000000000005fda       0x3a build/sky/contiki-ng-sky.a(uip-ds6-route.o)
                0x0000000000005fda                uip_ds6_defrt_choose
 .text.uip_ds6_defrt_periodic
                0x0000000000006014       0x38 build/sky/contiki-ng-sky.a(uip-ds6-route.o)
                0x0000000000006014                uip_ds6_defrt_periodic
 .text.uip_ds6_nbr_rm
                0x000000000000604c       0x1e build/sky/contiki-ng-sky.a(uip-ds6-nbr.o)
                0x000000000000604c                uip_ds6_nbr_rm
 .text.uip_ds6_neighbors_init
                0x000000000000606a       0x12 build/sky/contiki-ng-sky.a(uip-ds6-nbr.o)
                0x000000000000606a                uip_ds6_neighbors_init
 .text.uip_ds6_nbr_add
                0x000000000000607c       0x3e build/sky/contiki-ng-sky.a(uip-ds6-nbr.o)
                0x000000000000607c                uip_ds6_nbr_add
 .text.uip_ds6_nbr_get_ll
                0x00000000000060ba        0xc build/sky/contiki-ng-sky.a(uip-ds6-nbr.o)
                0x00000000000060ba                uip_ds6_nbr_get_ll
 .text.uip_ds6_nbr_head
                0x00000000000060c6        0xa build/sky/contiki-ng-sky.a(uip-ds6-nbr.o)
                0x00000000000060c6                uip_ds6_nbr_head
 .text.uip_ds6_nbr_next
                0x00000000000060d0        0xc build/sky/contiki-ng-sky.a(uip-ds6-nbr.o)
                0x00000000000060d0                uip_ds6_nbr_next
 .text.uip_ds6_nbr_lookup
                0x00000000000060dc       0x38 build/sky/contiki-ng-sky.a(uip-ds6-nbr.o)
                0x00000000000060dc                uip_ds6_nbr_lookup
 .text.uip_ds6_nbr_ll_lookup
                0x0000000000006114        0xc build/sky/contiki-ng-sky.a(uip-ds6-nbr.o)
                0x0000000000006114                uip_ds6_nbr_ll_lookup
 .text.uip_ds6_nbr_update_ll
                0x0000000000006120       0x76 build/sky/contiki-ng-sky.a(uip-ds6-nbr.o)
                0x0000000000006120                uip_ds6_nbr_update_ll
 .text.uip_ds6_nbr_ipaddr_from_lladdr
                0x0000000000006196        0x6 build/sky/contiki-ng-sky.a(uip-ds6-nbr.o)
                0x0000000000006196                uip_ds6_nbr_ipaddr_from_lladdr
 .text.uip_ds6_nbr_lladdr_from_ipaddr
                0x000000000000619c       0x12 build/sky/contiki-ng-sky.a(uip-ds6-nbr.o)
                0x000000000000619c                uip_ds6_nbr_lladdr_from_ipaddr
 .text.uip_ds6_link_callback
                0x00000000000061ae        0x2 build/sky/contiki-ng-sky.a(uip-ds6-nbr.o)
                0x00000000000061ae                uip_ds6_link_callback
 .text.tcpip_output
                0x00000000000061b0       0x22 build/sky/contiki-ng-sky.a(tcpip.o)
                0x00000000000061b0                tcpip_output
 .text.udp_new  0x00000000000061d2       0x1a build/sky/contiki-ng-sky.a(tcpip.o)
                0x00000000000061d2                udp_new
 .text.tcpip_input
                0x00000000000061ec       0x1e build/sky/contiki-ng-sky.a(tcpip.o)
                0x00000000000061ec                tcpip_input
 .text.tcpip_ipv6_output
                0x000000000000620a      0x10a build/sky/contiki-ng-sky.a(tcpip.o)
                0x000000000000620a                tcpip_ipv6_output
 .text.packet_input.part.4
                0x0000000000006314       0x12 build/sky/contiki-ng-sky.a(tcpip.o)
 .text.process_thread_tcpip_process
                0x0000000000006326       0xc8 build/sky/contiki-ng-sky.a(tcpip.o)
 .text.tcpip_uipcall
                0x00000000000063ee       0x2a build/sky/contiki-ng-sky.a(tcpip.o)
                0x00000000000063ee                tcpip_uipcall
 .text.chksum   0x0000000000006418       0x32 build/sky/contiki-ng-sky.a(uip6.o)
 .text.upper_layer_chksum
                0x000000000000644a       0x5a build/sky/contiki-ng-sky.a(uip6.o)
 .text.unlikely.ext_hdr_options_process
                0x00000000000064a4       0xb4 build/sky/contiki-ng-sky.a(uip6.o)
 .text.unlikely.uip_update_ttl
                0x0000000000006558       0x24 build/sky/contiki-ng-sky.a(uip6.o)
 .text.uip_icmp6chksum
                0x000000000000657c        0xa build/sky/contiki-ng-sky.a(uip6.o)
                0x000000000000657c                uip_icmp6chksum
 .text.uip_udpchksum
                0x0000000000006586        0xa build/sky/contiki-ng-sky.a(uip6.o)
                0x0000000000006586                uip_udpchksum
 .text.uip_init
                0x0000000000006590       0x3c build/sky/contiki-ng-sky.a(uip6.o)
                0x0000000000006590                uip_init
 .text.uip_remove_ext_hdr
                0x00000000000065cc       0x5e build/sky/contiki-ng-sky.a(uip6.o)
                0x00000000000065cc                uip_remove_ext_hdr
 .text.uip_udp_new
                0x000000000000662a       0xaa build/sky/contiki-ng-sky.a(uip6.o)
                0x000000000000662a                uip_udp_new
 .text.uip_process
                0x00000000000066d4      0x514 build/sky/contiki-ng-sky.a(uip6.o)
                0x00000000000066d4                uip_process
 .text.uip_htonl
                0x0000000000006be8       0x2e build/sky/contiki-ng-sky.a(uip6.o)
                0x0000000000006be8                uip_htonl
 .text.ns_input
                0x0000000000006c16      0x284 build/sky/contiki-ng-sky.a(uip-nd6.o)
 .text.uip_nd6_init
                0x0000000000006e9a        0xa build/sky/contiki-ng-sky.a(uip-nd6.o)
                0x0000000000006e9a                uip_nd6_init
 .text.process_thread_simple_udp_process
                0x0000000000006ea4       0xba build/sky/contiki-ng-sky.a(simple-udp.o)
 .text.simple_udp_sendto
                0x0000000000006f5e       0x30 build/sky/contiki-ng-sky.a(simple-udp.o)
                0x0000000000006f5e                simple_udp_sendto
 .text.simple_udp_register
                0x0000000000006f8e       0x9e build/sky/contiki-ng-sky.a(simple-udp.o)
                0x0000000000006f8e                simple_udp_register
 .text.clear_fragments
                0x000000000000702c       0x42 build/sky/contiki-ng-sky.a(sicslowpan.o)
 .text.addr_context_lookup_by_number
                0x000000000000706e       0x1a build/sky/contiki-ng-sky.a(sicslowpan.o)
 .text.sicslowpan_init
                0x0000000000007088       0x18 build/sky/contiki-ng-sky.a(sicslowpan.o)
                0x0000000000007088                sicslowpan_init
 .text.set_packet_attrs
                0x00000000000070a0       0x66 build/sky/contiki-ng-sky.a(sicslowpan.o)
 .text.compress_addr_64
                0x0000000000007106       0xae build/sky/contiki-ng-sky.a(sicslowpan.o)
 .text.addr_context_lookup_by_prefix
                0x00000000000071b4       0x24 build/sky/contiki-ng-sky.a(sicslowpan.o)
 .text.send_packet
                0x00000000000071d8       0x1a build/sky/contiki-ng-sky.a(sicslowpan.o)
 .text.packet_sent
                0x00000000000071f2       0x56 build/sky/contiki-ng-sky.a(sicslowpan.o)
 .text.store_fragment
                0x0000000000007248       0xba build/sky/contiki-ng-sky.a(sicslowpan.o)
 .text.add_fragment
                0x0000000000007302      0x200 build/sky/contiki-ng-sky.a(sicslowpan.o)
 .text.uncompress_addr
                0x0000000000007502       0xb4 build/sky/contiki-ng-sky.a(sicslowpan.o)
 .text.fragment_copy_payload_and_send
                0x00000000000075b6       0x64 build/sky/contiki-ng-sky.a(sicslowpan.o)
 .text.output   0x000000000000761a      0x806 build/sky/contiki-ng-sky.a(sicslowpan.o)
 .text.input    0x0000000000007e20      0x9a4 build/sky/contiki-ng-sky.a(sicslowpan.o)
 .text.uiplib_ipaddr_snprint
                0x00000000000087c4      0x12a build/sky/contiki-ng-sky.a(uiplib.o)
                0x00000000000087c4                uiplib_ipaddr_snprint
 .text.rpl_has_joined
                0x00000000000088ee       0x16 build/sky/contiki-ng-sky.a(rpl.o)
                0x00000000000088ee                rpl_has_joined
 .text.rpl_is_reachable
                0x0000000000008904       0x16 build/sky/contiki-ng-sky.a(rpl.o)
                0x0000000000008904                rpl_is_reachable
 .text.neighbor_state_changed
                0x000000000000891a        0x2 build/sky/contiki-ng-sky.a(rpl.o)
 .text.drop_route
                0x000000000000891c        0x2 build/sky/contiki-ng-sky.a(rpl.o)
 .text.rpl_get_leaf_only
                0x000000000000891e        0x6 build/sky/contiki-ng-sky.a(rpl.o)
                0x000000000000891e                rpl_get_leaf_only
 .text.get_sr_node_ipaddr
                0x0000000000008924       0x34 build/sky/contiki-ng-sky.a(rpl.o)
 .text.init     0x0000000000008958       0x42 build/sky/contiki-ng-sky.a(rpl.o)
 .text.set_ip_from_prefix
                0x000000000000899a       0x38 build/sky/contiki-ng-sky.a(rpl.o)
 .text.rpl_link_callback
                0x00000000000089d2       0x1e build/sky/contiki-ng-sky.a(rpl.o)
                0x00000000000089d2                rpl_link_callback
 .text.rpl_lollipop_greater_than
                0x00000000000089f0       0x44 build/sky/contiki-ng-sky.a(rpl.o)
                0x00000000000089f0                rpl_lollipop_greater_than
 .text.rpl_get_global_address
                0x0000000000008a34       0xba build/sky/contiki-ng-sky.a(rpl.o)
                0x0000000000008a34                rpl_get_global_address
 .text.rpl_reset_prefix
                0x0000000000008aee       0x24 build/sky/contiki-ng-sky.a(rpl.o)
                0x0000000000008aee                rpl_reset_prefix
 .text.rpl_set_prefix_from_addr
                0x0000000000008b12       0x92 build/sky/contiki-ng-sky.a(rpl.o)
                0x0000000000008b12                rpl_set_prefix_from_addr
 .text.get32    0x0000000000008ba4       0x46 build/sky/contiki-ng-sky.a(rpl-icmp6.o)
 .text.set32    0x0000000000008bea       0x2a build/sky/contiki-ng-sky.a(rpl-icmp6.o)
 .text.get16    0x0000000000008c14        0xe build/sky/contiki-ng-sky.a(rpl-icmp6.o)
 .text.set16    0x0000000000008c22       0x10 build/sky/contiki-ng-sky.a(rpl-icmp6.o)
 .text.dao_ack_input
                0x0000000000008c32       0x2a build/sky/contiki-ng-sky.a(rpl-icmp6.o)
 .text.dao_input
                0x0000000000008c5c      0x14c build/sky/contiki-ng-sky.a(rpl-icmp6.o)
 .text.dio_input
                0x0000000000008da8      0x2a0 build/sky/contiki-ng-sky.a(rpl-icmp6.o)
 .text.dis_input
                0x0000000000009048       0x1e build/sky/contiki-ng-sky.a(rpl-icmp6.o)
 .text.rpl_icmp6_update_nbr_table
                0x0000000000009066       0x36 build/sky/contiki-ng-sky.a(rpl-icmp6.o)
                0x0000000000009066                rpl_icmp6_update_nbr_table
 .text.rpl_icmp6_dis_output
                0x000000000000909c       0x34 build/sky/contiki-ng-sky.a(rpl-icmp6.o)
                0x000000000000909c                rpl_icmp6_dis_output
 .text.rpl_icmp6_dio_output
                0x00000000000090d0      0x232 build/sky/contiki-ng-sky.a(rpl-icmp6.o)
                0x00000000000090d0                rpl_icmp6_dio_output
 .text.rpl_icmp6_dao_output
                0x0000000000009302       0xe4 build/sky/contiki-ng-sky.a(rpl-icmp6.o)
                0x0000000000009302                rpl_icmp6_dao_output
 .text.rpl_icmp6_dao_ack_output
                0x00000000000093e6       0x44 build/sky/contiki-ng-sky.a(rpl-icmp6.o)
                0x00000000000093e6                rpl_icmp6_dao_ack_output
 .text.rpl_icmp6_init
                0x000000000000942a       0x22 build/sky/contiki-ng-sky.a(rpl-icmp6.o)
                0x000000000000942a                rpl_icmp6_init
 .text.rpl_dag_root_set_prefix
                0x000000000000944c       0x62 build/sky/contiki-ng-sky.a(rpl-dag-root.o)
                0x000000000000944c                rpl_dag_root_set_prefix
 .text.rpl_dag_root_start
                0x00000000000094ae       0x8c build/sky/contiki-ng-sky.a(rpl-dag-root.o)
                0x00000000000094ae                rpl_dag_root_start
 .text.rpl_dag_root_is_root
                0x000000000000953a       0x18 build/sky/contiki-ng-sky.a(rpl-dag-root.o)
                0x000000000000953a                rpl_dag_root_is_root
 .text.init_platform
                0x0000000000009552        0xc build/sky/contiki-ng-sky.a(contiki-sky-pla)
                0x0000000000009552                init_platform
 .text.status   0x000000000000955e       0x16 build/sky/contiki-ng-sky.a(button-sensor.o)
 .text.configure
                0x0000000000009574       0x52 build/sky/contiki-ng-sky.a(button-sensor.o)
 .text.value    0x00000000000095c6       0x22 build/sky/contiki-ng-sky.a(button-sensor.o)
 .text.irq_p2   0x00000000000095e8       0x48 build/sky/contiki-ng-sky.a(button-sensor.o)
                0x00000000000095e8                irq_p2
                0x00000000000095e8                __isr_1
 .text.owreadb  0x0000000000009630       0x52 build/sky/contiki-ng-sky.a(ds2411.o)
 .text.ds2411_init
                0x0000000000009682      0x122 build/sky/contiki-ng-sky.a(ds2411.o)
                0x0000000000009682                ds2411_init
 .text.xmem_init
                0x00000000000097a4       0x3e build/sky/contiki-ng-sky.a(xmem.o)
                0x00000000000097a4                xmem_init
 .text.process_thread_sensors_process
                0x00000000000097e2       0xbe build/sky/contiki-ng-sky.a(sensors.o)
 .text.sensors_changed
                0x00000000000098a0       0x2a build/sky/contiki-ng-sky.a(sensors.o)
                0x00000000000098a0                sensors_changed
 .text.get_object
                0x00000000000098ca        0x4 build/sky/contiki-ng-sky.a(cc2420.o)
 .text.set_object
                0x00000000000098ce        0x4 build/sky/contiki-ng-sky.a(cc2420.o)
 .text.strobe   0x00000000000098d2       0x20 build/sky/contiki-ng-sky.a(cc2420.o)
 .text.getreg   0x00000000000098f2       0x54 build/sky/contiki-ng-sky.a(cc2420.o)
 .text.setreg   0x0000000000009946       0x52 build/sky/contiki-ng-sky.a(cc2420.o)
 .text.write_ram
                0x0000000000009998       0x80 build/sky/contiki-ng-sky.a(cc2420.o)
 .text.write_fifo_buf
                0x0000000000009a18       0x40 build/sky/contiki-ng-sky.a(cc2420.o)
 .text.get_status
                0x0000000000009a58       0x24 build/sky/contiki-ng-sky.a(cc2420.o)
 .text.on       0x0000000000009a7c       0x1a build/sky/contiki-ng-sky.a(cc2420.o)
 .text.cc2420_receiving_packet
                0x0000000000009a96        0xe build/sky/contiki-ng-sky.a(cc2420.o)
 .text.pending_packet
                0x0000000000009aa4        0x8 build/sky/contiki-ng-sky.a(cc2420.o)
 .text.wait_for_transmission
                0x0000000000009aac       0x22 build/sky/contiki-ng-sky.a(cc2420.o)
 .text.wait_for_status
                0x0000000000009ace       0x2a build/sky/contiki-ng-sky.a(cc2420.o)
 .text.getrxdata
                0x0000000000009af8       0x56 build/sky/contiki-ng-sky.a(cc2420.o)
 .text.flushrx  0x0000000000009b4e       0x1a build/sky/contiki-ng-sky.a(cc2420.o)
 .text.off      0x0000000000009b68       0x2c build/sky/contiki-ng-sky.a(cc2420.o)
 .text.RELEASE_LOCK
                0x0000000000009b94       0x28 build/sky/contiki-ng-sky.a(cc2420.o)
 .text.set_key  0x0000000000009bbc       0x18 build/sky/contiki-ng-sky.a(cc2420.o)
 .text.set_frame_filtering
                0x0000000000009bd4       0x30 build/sky/contiki-ng-sky.a(cc2420.o)
 .text.set_auto_ack
                0x0000000000009c04       0x30 build/sky/contiki-ng-sky.a(cc2420.o)
 .text.set_poll_mode
                0x0000000000009c34       0x36 build/sky/contiki-ng-sky.a(cc2420.o)
 .text.cc2420_prepare
                0x0000000000009c6a       0x46 build/sky/contiki-ng-sky.a(cc2420.o)
 .text.cc2420_on
                0x0000000000009cb0       0x22 build/sky/contiki-ng-sky.a(cc2420.o)
                0x0000000000009cb0                cc2420_on
 .text.cc2420_transmit
                0x0000000000009cd2       0x66 build/sky/contiki-ng-sky.a(cc2420.o)
 .text.cc2420_send
                0x0000000000009d38       0x12 build/sky/contiki-ng-sky.a(cc2420.o)
 .text.cc2420_off
                0x0000000000009d4a       0x30 build/sky/contiki-ng-sky.a(cc2420.o)
                0x0000000000009d4a                cc2420_off
 .text.cc2420_cca
                0x0000000000009d7a       0x5e build/sky/contiki-ng-sky.a(cc2420.o)
 .text.cc2420_read
                0x0000000000009dd8       0xc2 build/sky/contiki-ng-sky.a(cc2420.o)
 .text.process_thread_cc2420_process
                0x0000000000009e9a       0x5e build/sky/contiki-ng-sky.a(cc2420.o)
 .text.encrypt  0x0000000000009ef8       0x8e build/sky/contiki-ng-sky.a(cc2420.o)
 .text.cc2420_set_channel
                0x0000000000009f86       0x3c build/sky/contiki-ng-sky.a(cc2420.o)
                0x0000000000009f86                cc2420_set_channel
 .text.cc2420_set_pan_addr
                0x0000000000009fc2       0x4c build/sky/contiki-ng-sky.a(cc2420.o)
                0x0000000000009fc2                cc2420_set_pan_addr
 .text.cc2420_interrupt
                0x000000000000a00e       0x18 build/sky/contiki-ng-sky.a(cc2420.o)
                0x000000000000a00e                cc2420_interrupt
 .text.cc2420_set_txpower
                0x000000000000a026       0x2e build/sky/contiki-ng-sky.a(cc2420.o)
                0x000000000000a026                cc2420_set_txpower
 .text.cc2420_get_txpower
                0x000000000000a054       0x1e build/sky/contiki-ng-sky.a(cc2420.o)
                0x000000000000a054                cc2420_get_txpower
 .text.cc2420_rssi
                0x000000000000a072       0x4c build/sky/contiki-ng-sky.a(cc2420.o)
                0x000000000000a072                cc2420_rssi
 .text.get_value
                0x000000000000a0be      0x122 build/sky/contiki-ng-sky.a(cc2420.o)
 .text.cc2420_set_cca_threshold
                0x000000000000a1e0       0x16 build/sky/contiki-ng-sky.a(cc2420.o)
                0x000000000000a1e0                cc2420_set_cca_threshold
 .text.set_value
                0x000000000000a1f6      0x152 build/sky/contiki-ng-sky.a(cc2420.o)
 .text.cc2420_init
                0x000000000000a348       0xf0 build/sky/contiki-ng-sky.a(cc2420.o)
                0x000000000000a348                cc2420_init
 .text.cc2420_port1_interrupt
                0x000000000000a438       0x20 build/sky/contiki-ng-sky.a(cc2420-arch.o)
                0x000000000000a438                __isr_4
                0x000000000000a438                cc2420_port1_interrupt
 .text.cc2420_arch_init
                0x000000000000a458       0x1a build/sky/contiki-ng-sky.a(cc2420-arch.o)
                0x000000000000a458                cc2420_arch_init
 .text.uart1_active
                0x000000000000a472       0x1a build/sky/contiki-ng-sky.a(uart1.o)
                0x000000000000a472                uart1_active
 .text.uart1_writeb
                0x000000000000a48c       0x1a build/sky/contiki-ng-sky.a(uart1.o)
                0x000000000000a48c                uart1_writeb
 .text.uart1_init
                0x000000000000a4a6       0xf6 build/sky/contiki-ng-sky.a(uart1.o)
                0x000000000000a4a6                uart1_init
 .text.timera0  0x000000000000a59c       0x2e build/sky/contiki-ng-sky.a(rtimer-arch.o)
                0x000000000000a59c                __isr_6
                0x000000000000a59c                timera0
 .text.rtimer_arch_init
                0x000000000000a5ca        0xe build/sky/contiki-ng-sky.a(rtimer-arch.o)
                0x000000000000a5ca                rtimer_arch_init
 .text.rtimer_arch_now
                0x000000000000a5d8        0xe build/sky/contiki-ng-sky.a(rtimer-arch.o)
                0x000000000000a5d8                rtimer_arch_now
 .text.rtimer_arch_schedule
                0x000000000000a5e6        0x6 build/sky/contiki-ng-sky.a(rtimer-arch.o)
                0x000000000000a5e6                rtimer_arch_schedule
 .text.stimer_set
                0x000000000000a5ec       0x1c build/sky/contiki-ng-sky.a(stimer.o)
                0x000000000000a5ec                stimer_set
 .text.stimer_expired
                0x000000000000a608       0x30 build/sky/contiki-ng-sky.a(stimer.o)
                0x000000000000a608                stimer_expired
 .text.memb_init
                0x000000000000a638       0x36 build/sky/contiki-ng-sky.a(memb.o)
                0x000000000000a638                memb_init
 .text.memb_alloc
                0x000000000000a66e       0x3e build/sky/contiki-ng-sky.a(memb.o)
                0x000000000000a66e                memb_alloc
 .text.memb_free
                0x000000000000a6ac       0x32 build/sky/contiki-ng-sky.a(memb.o)
                0x000000000000a6ac                memb_free
 .text.memb_inmemb
                0x000000000000a6de       0x2e build/sky/contiki-ng-sky.a(memb.o)
                0x000000000000a6de                memb_inmemb
 .text.memb_numfree
                0x000000000000a70c       0x26 build/sky/contiki-ng-sky.a(memb.o)
                0x000000000000a70c                memb_numfree
 .text.index_from_key
                0x000000000000a732       0x48 build/sky/contiki-ng-sky.a(nbr-table.o)
 .text.item_from_key
                0x000000000000a77a       0x34 build/sky/contiki-ng-sky.a(nbr-table.o)
 .text.nbr_set_bit
                0x000000000000a7ae       0x8e build/sky/contiki-ng-sky.a(nbr-table.o)
 .text.index_from_lladdr
                0x000000000000a83c       0x42 build/sky/contiki-ng-sky.a(nbr-table.o)
 .text.nbr_get_bit.constprop.0
                0x000000000000a87e       0x62 build/sky/contiki-ng-sky.a(nbr-table.o)
 .text.nbr_table_is_registered
                0x000000000000a8e0       0x26 build/sky/contiki-ng-sky.a(nbr-table.o)
                0x000000000000a8e0                nbr_table_is_registered
 .text.nbr_table_register
                0x000000000000a906       0x42 build/sky/contiki-ng-sky.a(nbr-table.o)
                0x000000000000a906                nbr_table_register
 .text.nbr_table_next
                0x000000000000a948       0x90 build/sky/contiki-ng-sky.a(nbr-table.o)
                0x000000000000a948                nbr_table_next
 .text.nbr_table_head
                0x000000000000a9d8       0x36 build/sky/contiki-ng-sky.a(nbr-table.o)
                0x000000000000a9d8                nbr_table_head
 .text.nbr_table_add_lladdr
                0x000000000000aa0e      0x180 build/sky/contiki-ng-sky.a(nbr-table.o)
                0x000000000000aa0e                nbr_table_add_lladdr
 .text.nbr_table_get_from_lladdr
                0x000000000000ab8e       0x48 build/sky/contiki-ng-sky.a(nbr-table.o)
                0x000000000000ab8e                nbr_table_get_from_lladdr
 .text.nbr_table_remove
                0x000000000000abd6       0x32 build/sky/contiki-ng-sky.a(nbr-table.o)
                0x000000000000abd6                nbr_table_remove
 .text.nbr_table_lock
                0x000000000000ac08       0x10 build/sky/contiki-ng-sky.a(nbr-table.o)
                0x000000000000ac08                nbr_table_lock
 .text.nbr_table_unlock
                0x000000000000ac18       0x10 build/sky/contiki-ng-sky.a(nbr-table.o)
                0x000000000000ac18                nbr_table_unlock
 .text.nbr_table_get_lladdr
                0x000000000000ac28       0x5a build/sky/contiki-ng-sky.a(nbr-table.o)
                0x000000000000ac28                nbr_table_get_lladdr
 .text.periodic
                0x000000000000ac82       0x28 build/sky/contiki-ng-sky.a(link-stats.o)
 .text.link_stats_from_lladdr
                0x000000000000acaa        0xc build/sky/contiki-ng-sky.a(link-stats.o)
                0x000000000000acaa                link_stats_from_lladdr
 .text.link_stats_is_fresh
                0x000000000000acb6       0x2e build/sky/contiki-ng-sky.a(link-stats.o)
                0x000000000000acb6                link_stats_is_fresh
 .text.guess_etx_from_rssi
                0x000000000000ace4       0x42 build/sky/contiki-ng-sky.a(link-stats.o)
                0x000000000000ace4                guess_etx_from_rssi
 .text.link_stats_packet_sent
                0x000000000000ad26       0xde build/sky/contiki-ng-sky.a(link-stats.o)
                0x000000000000ad26                link_stats_packet_sent
 .text.link_stats_input_callback
                0x000000000000ae04       0xb6 build/sky/contiki-ng-sky.a(link-stats.o)
                0x000000000000ae04                link_stats_input_callback
 .text.link_stats_reset
                0x000000000000aeba       0x2a build/sky/contiki-ng-sky.a(link-stats.o)
                0x000000000000aeba                link_stats_reset
 .text.link_stats_init
                0x000000000000aee4       0x22 build/sky/contiki-ng-sky.a(link-stats.o)
                0x000000000000aee4                link_stats_init
 .text.mac_sequence_is_duplicate
                0x000000000000af06       0x78 build/sky/contiki-ng-sky.a(mac-sequence.o)
                0x000000000000af06                mac_sequence_is_duplicate
 .text.mac_sequence_register_seqno
                0x000000000000af7e       0x98 build/sky/contiki-ng-sky.a(mac-sequence.o)
                0x000000000000af7e                mac_sequence_register_seqno
 .text.mac_call_sent_callback
                0x000000000000b016       0x14 build/sky/contiki-ng-sky.a(mac.o)
                0x000000000000b016                mac_call_sent_callback
 .text.parse    0x000000000000b02a       0xa0 build/sky/contiki-ng-sky.a(framer-802154.o)
 .text.framer_802154_setup_params
                0x000000000000b0ca       0xb8 build/sky/contiki-ng-sky.a(framer-802154.o)
                0x000000000000b0ca                framer_802154_setup_params
 .text.create_frame
                0x000000000000b182       0xde build/sky/contiki-ng-sky.a(framer-802154.o)
 .text.create   0x000000000000b260        0x8 build/sky/contiki-ng-sky.a(framer-802154.o)
 .text.hdr_length
                0x000000000000b268        0x8 build/sky/contiki-ng-sky.a(framer-802154.o)
 .text.frame802154_get_pan_id
                0x000000000000b270        0x6 build/sky/contiki-ng-sky.a(frame802154.o)
                0x000000000000b270                frame802154_get_pan_id
 .text.frame802154_has_panid
                0x000000000000b276       0xdc build/sky/contiki-ng-sky.a(frame802154.o)
                0x000000000000b276                frame802154_has_panid
 .text.field_len
                0x000000000000b352       0xb2 build/sky/contiki-ng-sky.a(frame802154.o)
 .text.frame802154_is_broadcast_addr
                0x000000000000b404       0x24 build/sky/contiki-ng-sky.a(frame802154.o)
                0x000000000000b404                frame802154_is_broadcast_addr
 .text.frame802154_hdrlen
                0x000000000000b428       0x32 build/sky/contiki-ng-sky.a(frame802154.o)
                0x000000000000b428                frame802154_hdrlen
 .text.frame802154_create_fcf
                0x000000000000b45a       0x96 build/sky/contiki-ng-sky.a(frame802154.o)
                0x000000000000b45a                frame802154_create_fcf
 .text.frame802154_create
                0x000000000000b4f0       0xe4 build/sky/contiki-ng-sky.a(frame802154.o)
                0x000000000000b4f0                frame802154_create
 .text.frame802154_parse_fcf
                0x000000000000b5d4       0xbe build/sky/contiki-ng-sky.a(frame802154.o)
                0x000000000000b5d4                frame802154_parse_fcf
 .text.frame802154_parse
                0x000000000000b692      0x18c build/sky/contiki-ng-sky.a(frame802154.o)
                0x000000000000b692                frame802154_parse
 .text.csma_security_create_frame
                0x000000000000b81e       0x10 build/sky/contiki-ng-sky.a(csma-security.o)
                0x000000000000b81e                csma_security_create_frame
 .text.csma_security_parse_frame
                0x000000000000b82e        0x6 build/sky/contiki-ng-sky.a(csma-security.o)
                0x000000000000b82e                csma_security_parse_frame
 .text.uipbuf_add_ext_hdr
                0x000000000000b834       0x1c build/sky/contiki-ng-sky.a(uipbuf.o)
                0x000000000000b834                uipbuf_add_ext_hdr
 .text.uipbuf_set_len
                0x000000000000b850       0x12 build/sky/contiki-ng-sky.a(uipbuf.o)
                0x000000000000b850                uipbuf_set_len
 .text.uipbuf_set_len_field
                0x000000000000b862        0xe build/sky/contiki-ng-sky.a(uipbuf.o)
                0x000000000000b862                uipbuf_set_len_field
 .text.uipbuf_get_len_field
                0x000000000000b870        0xe build/sky/contiki-ng-sky.a(uipbuf.o)
                0x000000000000b870                uipbuf_get_len_field
 .text.uipbuf_get_next_header
                0x000000000000b87e       0x62 build/sky/contiki-ng-sky.a(uipbuf.o)
                0x000000000000b87e                uipbuf_get_next_header
 .text.uipbuf_get_last_header
                0x000000000000b8e0       0x7a build/sky/contiki-ng-sky.a(uipbuf.o)
                0x000000000000b8e0                uipbuf_get_last_header
 .text.uipbuf_search_header
                0x000000000000b95a       0x88 build/sky/contiki-ng-sky.a(uipbuf.o)
                0x000000000000b95a                uipbuf_search_header
 .text.uipbuf_get_attr
                0x000000000000b9e2       0x14 build/sky/contiki-ng-sky.a(uipbuf.o)
                0x000000000000b9e2                uipbuf_get_attr
 .text.uipbuf_clear_attr
                0x000000000000b9f6       0x12 build/sky/contiki-ng-sky.a(uipbuf.o)
                0x000000000000b9f6                uipbuf_clear_attr
 .text.uipbuf_clear
                0x000000000000ba08       0x12 build/sky/contiki-ng-sky.a(uipbuf.o)
                0x000000000000ba08                uipbuf_clear
 .text.uipbuf_init
                0x000000000000ba1a       0x1a build/sky/contiki-ng-sky.a(uipbuf.o)
                0x000000000000ba1a                uipbuf_init
 .text.echo_reply_input
                0x000000000000ba34       0x68 build/sky/contiki-ng-sky.a(uip-icmp6.o)
 .text.echo_request_input
                0x000000000000ba9c       0x86 build/sky/contiki-ng-sky.a(uip-icmp6.o)
 .text.uip_icmp6_input
                0x000000000000bb22       0x44 build/sky/contiki-ng-sky.a(uip-icmp6.o)
                0x000000000000bb22                uip_icmp6_input
 .text.uip_icmp6_register_input_handler
                0x000000000000bb66        0xc build/sky/contiki-ng-sky.a(uip-icmp6.o)
                0x000000000000bb66                uip_icmp6_register_input_handler
 .text.uip_icmp6_error_output
                0x000000000000bb72      0x146 build/sky/contiki-ng-sky.a(uip-icmp6.o)
                0x000000000000bb72                uip_icmp6_error_output
 .text.uip_icmp6_send
                0x000000000000bcb8       0x8e build/sky/contiki-ng-sky.a(uip-icmp6.o)
                0x000000000000bcb8                uip_icmp6_send
 .text.uip_icmp6_init
                0x000000000000bd46       0x12 build/sky/contiki-ng-sky.a(uip-icmp6.o)
                0x000000000000bd46                uip_icmp6_init
 .text.uip_sr_get_node
                0x000000000000bd58       0x54 build/sky/contiki-ng-sky.a(uip-sr.o)
                0x000000000000bd58                uip_sr_get_node
 .text.uip_sr_is_addr_reachable
                0x000000000000bdac       0x4e build/sky/contiki-ng-sky.a(uip-sr.o)
                0x000000000000bdac                uip_sr_is_addr_reachable
 .text.uip_sr_expire_parent
                0x000000000000bdfa       0x56 build/sky/contiki-ng-sky.a(uip-sr.o)
                0x000000000000bdfa                uip_sr_expire_parent
 .text.uip_sr_update_node
                0x000000000000be50       0xbc build/sky/contiki-ng-sky.a(uip-sr.o)
                0x000000000000be50                uip_sr_update_node
 .text.uip_sr_init
                0x000000000000bf0c       0x16 build/sky/contiki-ng-sky.a(uip-sr.o)
                0x000000000000bf0c                uip_sr_init
 .text.uip_sr_periodic
                0x000000000000bf22       0x9a build/sky/contiki-ng-sky.a(uip-sr.o)
                0x000000000000bf22                uip_sr_periodic
 .text.uip_sr_free_all
                0x000000000000bfbc       0x3c build/sky/contiki-ng-sky.a(uip-sr.o)
                0x000000000000bfbc                uip_sr_free_all
 .text.uip_udp_packet_send
                0x000000000000bff8       0x2a build/sky/contiki-ng-sky.a(uip-udp-packet.)
                0x000000000000bff8                uip_udp_packet_send
 .text.uip_udp_packet_sendto
                0x000000000000c022       0x66 build/sky/contiki-ng-sky.a(uip-udp-packet.)
                0x000000000000c022                uip_udp_packet_sendto
 .text.init_dag
                0x000000000000c088       0x80 build/sky/contiki-ng-sky.a(rpl-dag.o)
 .text.init_dag_from_dio
                0x000000000000c108       0x94 build/sky/contiki-ng-sky.a(rpl-dag.o)
 .text.rpl_dag_get_root_ipaddr
                0x000000000000c19c       0x22 build/sky/contiki-ng-sky.a(rpl-dag.o)
                0x000000000000c19c                rpl_dag_get_root_ipaddr
 .text.rpl_dag_leave
                0x000000000000c1be       0x4c build/sky/contiki-ng-sky.a(rpl-dag.o)
                0x000000000000c1be                rpl_dag_leave
 .text.rpl_dag_poison_and_leave
                0x000000000000c20a        0xc build/sky/contiki-ng-sky.a(rpl-dag.o)
                0x000000000000c20a                rpl_dag_poison_and_leave
 .text.rpl_dag_periodic
                0x000000000000c216       0x6a build/sky/contiki-ng-sky.a(rpl-dag.o)
                0x000000000000c216                rpl_dag_periodic
 .text.rpl_is_addr_in_our_dag
                0x000000000000c280       0x34 build/sky/contiki-ng-sky.a(rpl-dag.o)
                0x000000000000c280                rpl_is_addr_in_our_dag
 .text.rpl_local_repair
                0x000000000000c2b4       0x2a build/sky/contiki-ng-sky.a(rpl-dag.o)
                0x000000000000c2b4                rpl_local_repair
 .text.rpl_global_repair
                0x000000000000c2de       0x2e build/sky/contiki-ng-sky.a(rpl-dag.o)
                0x000000000000c2de                rpl_global_repair
 .text.rpl_dag_ready_to_advertise
                0x000000000000c30c       0x26 build/sky/contiki-ng-sky.a(rpl-dag.o)
                0x000000000000c30c                rpl_dag_ready_to_advertise
 .text.rpl_dag_update_state
                0x000000000000c332      0x140 build/sky/contiki-ng-sky.a(rpl-dag.o)
                0x000000000000c332                rpl_dag_update_state
 .text.rpl_process_dio
                0x000000000000c472      0x1ea build/sky/contiki-ng-sky.a(rpl-dag.o)
                0x000000000000c472                rpl_process_dio
 .text.rpl_process_dis
                0x000000000000c65c       0x2a build/sky/contiki-ng-sky.a(rpl-dag.o)
                0x000000000000c65c                rpl_process_dis
 .text.rpl_process_dao
                0x000000000000c686       0x66 build/sky/contiki-ng-sky.a(rpl-dag.o)
                0x000000000000c686                rpl_process_dao
 .text.rpl_process_dao_ack
                0x000000000000c6ec       0x54 build/sky/contiki-ng-sky.a(rpl-dag.o)
                0x000000000000c6ec                rpl_process_dao_ack
 .text.rpl_process_hbh
                0x000000000000c740       0x2e build/sky/contiki-ng-sky.a(rpl-dag.o)
                0x000000000000c740                rpl_process_hbh
 .text.rpl_dag_init_root
                0x000000000000c76e       0xbc build/sky/contiki-ng-sky.a(rpl-dag.o)
                0x000000000000c76e                rpl_dag_init_root
 .text.rpl_dag_init
                0x000000000000c82a       0x10 build/sky/contiki-ng-sky.a(rpl-dag.o)
                0x000000000000c82a                rpl_dag_init
 .text.acceptable_rank
                0x000000000000c83a       0x3c build/sky/contiki-ng-sky.a(rpl-neighbor.o)
 .text.remove_neighbor
                0x000000000000c876       0x24 build/sky/contiki-ng-sky.a(rpl-neighbor.o)
 .text.rpl_neighbor_get_from_lladdr
                0x000000000000c89a        0xc build/sky/contiki-ng-sky.a(rpl-neighbor.o)
                0x000000000000c89a                rpl_neighbor_get_from_lladdr
 .text.rpl_neighbor_rank_via_nbr
                0x000000000000c8a6       0x1c build/sky/contiki-ng-sky.a(rpl-neighbor.o)
                0x000000000000c8a6                rpl_neighbor_rank_via_nbr
 .text.rpl_neighbor_get_lladdr
                0x000000000000c8c2        0xc build/sky/contiki-ng-sky.a(rpl-neighbor.o)
                0x000000000000c8c2                rpl_neighbor_get_lladdr
 .text.rpl_neighbor_get_ipaddr
                0x000000000000c8ce        0xa build/sky/contiki-ng-sky.a(rpl-neighbor.o)
                0x000000000000c8ce                rpl_neighbor_get_ipaddr
 .text.rpl_neighbor_get_link_stats
                0x000000000000c8d8        0xa build/sky/contiki-ng-sky.a(rpl-neighbor.o)
                0x000000000000c8d8                rpl_neighbor_get_link_stats
 .text.rpl_neighbor_is_fresh
                0x000000000000c8e2        0xa build/sky/contiki-ng-sky.a(rpl-neighbor.o)
                0x000000000000c8e2                rpl_neighbor_is_fresh
 .text.best_parent
                0x000000000000c8ec       0x72 build/sky/contiki-ng-sky.a(rpl-neighbor.o)
 .text.rpl_neighbor_is_parent
                0x000000000000c95e       0x18 build/sky/contiki-ng-sky.a(rpl-neighbor.o)
                0x000000000000c95e                rpl_neighbor_is_parent
 .text.rpl_neighbor_set_preferred_parent
                0x000000000000c976       0x48 build/sky/contiki-ng-sky.a(rpl-neighbor.o)
                0x000000000000c976                rpl_neighbor_set_preferred_parent
 .text.rpl_neighbor_remove_all
                0x000000000000c9be       0x30 build/sky/contiki-ng-sky.a(rpl-neighbor.o)
                0x000000000000c9be                rpl_neighbor_remove_all
 .text.rpl_neighbor_get_from_ipaddr
                0x000000000000c9ee       0x14 build/sky/contiki-ng-sky.a(rpl-neighbor.o)
                0x000000000000c9ee                rpl_neighbor_get_from_ipaddr
 .text.rpl_neighbor_select_best
                0x000000000000ca02       0x52 build/sky/contiki-ng-sky.a(rpl-neighbor.o)
                0x000000000000ca02                rpl_neighbor_select_best
 .text.rpl_neighbor_init
                0x000000000000ca54        0xe build/sky/contiki-ng-sky.a(rpl-neighbor.o)
                0x000000000000ca54                rpl_neighbor_init
 .text.handle_state_update
                0x000000000000ca62        0x6 build/sky/contiki-ng-sky.a(rpl-timers.o)
 .text.handle_leaving_timer
                0x000000000000ca68        0xc build/sky/contiki-ng-sky.a(rpl-timers.o)
 .text.schedule_dao_retransmission
                0x000000000000ca74       0x34 build/sky/contiki-ng-sky.a(rpl-timers.o)
 .text.new_dio_interval
                0x000000000000caa8       0x8a build/sky/contiki-ng-sky.a(rpl-timers.o)
 .text.handle_unicast_dio_timer
                0x000000000000cb32       0x12 build/sky/contiki-ng-sky.a(rpl-timers.o)
 .text.send_new_dao
                0x000000000000cb44       0x28 build/sky/contiki-ng-sky.a(rpl-timers.o)
 .text.resend_dao
                0x000000000000cb6c       0x24 build/sky/contiki-ng-sky.a(rpl-timers.o)
 .text.handle_dao_ack_timer
                0x000000000000cb90       0x12 build/sky/contiki-ng-sky.a(rpl-timers.o)
 .text.handle_dio_timer
                0x000000000000cba2       0x6e build/sky/contiki-ng-sky.a(rpl-timers.o)
 .text.rpl_timers_schedule_periodic_dis
                0x000000000000cc10       0x40 build/sky/contiki-ng-sky.a(rpl-timers.o)
                0x000000000000cc10                rpl_timers_schedule_periodic_dis
 .text.handle_periodic_timer
                0x000000000000cc50       0x3a build/sky/contiki-ng-sky.a(rpl-timers.o)
 .text.handle_dis_timer
                0x000000000000cc8a       0x26 build/sky/contiki-ng-sky.a(rpl-timers.o)
 .text.rpl_timers_dio_reset
                0x000000000000ccb0       0x2e build/sky/contiki-ng-sky.a(rpl-timers.o)
                0x000000000000ccb0                rpl_timers_dio_reset
 .text.rpl_timers_schedule_unicast_dio
                0x000000000000ccde       0x20 build/sky/contiki-ng-sky.a(rpl-timers.o)
                0x000000000000ccde                rpl_timers_schedule_unicast_dio
 .text.rpl_timers_schedule_dao
                0x000000000000ccfe       0x3a build/sky/contiki-ng-sky.a(rpl-timers.o)
                0x000000000000ccfe                rpl_timers_schedule_dao
 .text.rpl_timers_schedule_dao_ack
                0x000000000000cd38       0x34 build/sky/contiki-ng-sky.a(rpl-timers.o)
                0x000000000000cd38                rpl_timers_schedule_dao_ack
 .text.rpl_timers_notify_dao_ack
                0x000000000000cd6c       0x74 build/sky/contiki-ng-sky.a(rpl-timers.o)
                0x000000000000cd6c                rpl_timers_notify_dao_ack
 .text.get_probing_delay
                0x000000000000cde0       0x1c build/sky/contiki-ng-sky.a(rpl-timers.o)
                0x000000000000cde0                get_probing_delay
 .text.get_probing_target
                0x000000000000cdfc       0xec build/sky/contiki-ng-sky.a(rpl-timers.o)
                0x000000000000cdfc                get_probing_target
 .text.rpl_schedule_probing
                0x000000000000cee8       0x20 build/sky/contiki-ng-sky.a(rpl-timers.o)
                0x000000000000cee8                rpl_schedule_probing
 .text.handle_probing_timer
                0x000000000000cf08       0x2a build/sky/contiki-ng-sky.a(rpl-timers.o)
 .text.rpl_schedule_probing_now
                0x000000000000cf32       0x32 build/sky/contiki-ng-sky.a(rpl-timers.o)
                0x000000000000cf32                rpl_schedule_probing_now
 .text.rpl_timers_unschedule_leaving
                0x000000000000cf64       0x1c build/sky/contiki-ng-sky.a(rpl-timers.o)
                0x000000000000cf64                rpl_timers_unschedule_leaving
 .text.rpl_timers_schedule_leaving
                0x000000000000cf80       0x2a build/sky/contiki-ng-sky.a(rpl-timers.o)
                0x000000000000cf80                rpl_timers_schedule_leaving
 .text.rpl_timers_init
                0x000000000000cfaa       0x1c build/sky/contiki-ng-sky.a(rpl-timers.o)
                0x000000000000cfaa                rpl_timers_init
 .text.rpl_timers_stop_dag_timers
                0x000000000000cfc6       0x4c build/sky/contiki-ng-sky.a(rpl-timers.o)
                0x000000000000cfc6                rpl_timers_stop_dag_timers
 .text.rpl_timers_unschedule_state_update
                0x000000000000d012       0x10 build/sky/contiki-ng-sky.a(rpl-timers.o)
                0x000000000000d012                rpl_timers_unschedule_state_update
 .text.rpl_timers_schedule_state_update
                0x000000000000d022       0x1c build/sky/contiki-ng-sky.a(rpl-timers.o)
                0x000000000000d022                rpl_timers_schedule_state_update
 .text.update_hbh_header
                0x000000000000d03e       0x4e build/sky/contiki-ng-sky.a(rpl-ext-header.)
 .text.rpl_ext_header_srh_get_next_hop
                0x000000000000d08c       0x86 build/sky/contiki-ng-sky.a(rpl-ext-header.)
                0x000000000000d08c                rpl_ext_header_srh_get_next_hop
 .text.rpl_ext_header_srh_update
                0x000000000000d112      0x104 build/sky/contiki-ng-sky.a(rpl-ext-header.)
                0x000000000000d112                rpl_ext_header_srh_update
 .text.rpl_ext_header_hbh_update
                0x000000000000d216       0x98 build/sky/contiki-ng-sky.a(rpl-ext-header.)
                0x000000000000d216                rpl_ext_header_hbh_update
 .text.rpl_ext_header_remove
                0x000000000000d2ae      0x164 build/sky/contiki-ng-sky.a(rpl-ext-header.)
                0x000000000000d2ae                rpl_ext_header_remove
 .text.rpl_ext_header_update
                0x000000000000d412      0x2c8 build/sky/contiki-ng-sky.a(rpl-ext-header.)
                0x000000000000d412                rpl_ext_header_update
 .text.update_state
                0x000000000000d6da       0x78 build/sky/contiki-ng-sky.a(rpl-nbr-policy.)
 .text.rpl_nbr_policy_find_removable
                0x000000000000d752       0x50 build/sky/contiki-ng-sky.a(rpl-nbr-policy.)
                0x000000000000d752                rpl_nbr_policy_find_removable
 .text.reset    0x000000000000d7a2        0x2 build/sky/contiki-ng-sky.a(rpl-mrhof.o)
 .text.update_metric_container
                0x000000000000d7a4        0x6 build/sky/contiki-ng-sky.a(rpl-mrhof.o)
 .text.nbr_link_metric
                0x000000000000d7aa       0x12 build/sky/contiki-ng-sky.a(rpl-mrhof.o)
 .text.nbr_has_usable_link
                0x000000000000d7bc       0x14 build/sky/contiki-ng-sky.a(rpl-mrhof.o)
 .text.nbr_path_cost
                0x000000000000d7d0       0x38 build/sky/contiki-ng-sky.a(rpl-mrhof.o)
 .text.within_hysteresis
                0x000000000000d808       0x5a build/sky/contiki-ng-sky.a(rpl-mrhof.o)
 .text.nbr_is_acceptable_parent
                0x000000000000d862       0x2c build/sky/contiki-ng-sky.a(rpl-mrhof.o)
 .text.rank_via_nbr
                0x000000000000d88e       0x48 build/sky/contiki-ng-sky.a(rpl-mrhof.o)
 .text.best_parent
                0x000000000000d8d6       0x7e build/sky/contiki-ng-sky.a(rpl-mrhof.o)
 .text.spi_init
                0x000000000000d954       0x32 build/sky/contiki-ng-sky.a(spi-legacy.o)
                0x000000000000d954                spi_init
 .text.libgcc   0x000000000000d986       0x2c /usr/lib/gcc/msp430/4.6.3/mmpy-16/libgcc.a(_mulsi3.o)
                0x000000000000d986                __mulsi3
 .text.libgcc   0x000000000000d9b2       0x22 /usr/lib/gcc/msp430/4.6.3/mmpy-16/libgcc.a(_udivmod16.o)
                0x000000000000d9b2                __udivhi3
                0x000000000000d9b2                __ext_udivmod16
                0x000000000000d9cc                __umodhi3
 .text.libgcc   0x000000000000d9d4       0x3a /usr/lib/gcc/msp430/4.6.3/mmpy-16/libgcc.a(_divmod16.o)
                0x000000000000d9d4                __ext_divmod16
                0x000000000000d9d4                __divhi3
                0x000000000000da06                __modhi3
 .text.libgcc   0x000000000000da0e       0x40 /usr/lib/gcc/msp430/4.6.3/mmpy-16/libgcc.a(_udivmod32.o)
                0x000000000000da0e                __udivsi3
                0x000000000000da0e                __ext_udivmod32
                0x000000000000da44                __umodsi3
 .text.libgcc   0x000000000000da4e       0x4c /usr/lib/gcc/msp430/4.6.3/mmpy-16/libgcc.a(_divmod32.o)
                0x000000000000da4e                __ext_divmod32
                0x000000000000da4e                __divsi3
                0x000000000000da90                __modsi3
 .text          0x000000000000da9a       0x1e /usr/lib/gcc/msp430/4.6.3/../../../../msp430/lib/mmpy-16/libc.a(strcmp.o)
                0x000000000000da9a                strcmp
 .text          0x000000000000dab8       0x20 /usr/lib/gcc/msp430/4.6.3/../../../../msp430/lib/mmpy-16/libc.a(memcmp.o)
                0x000000000000dab8                memcmp
 .text          0x000000000000dad8       0xfa /usr/lib/gcc/msp430/4.6.3/../../../../msp430/lib/mmpy-16/libc.a(memcpy.o)
                0x000000000000dad8                memcpy
 .text          0x000000000000dbd2       0xfa /usr/lib/gcc/msp430/4.6.3/../../../../msp430/lib/mmpy-16/libc.a(memmove.o)
                0x000000000000dbd2                memmove
 .text          0x000000000000dccc       0x6a /usr/lib/gcc/msp430/4.6.3/../../../../msp430/lib/mmpy-16/libc.a(memset.o)
                0x000000000000dccc                memset
 .text          0x000000000000dd36       0x1e /usr/lib/gcc/msp430/4.6.3/../../../../msp430/lib/mmpy-16/libc.a(printf.o)
                0x000000000000dd36                printf
                0x000000000000dd46                vprintf
 .text          0x000000000000dd54       0xbc /usr/lib/gcc/msp430/4.6.3/../../../../msp430/lib/mmpy-16/libc.a(sprintf.o)
                0x000000000000ddb2                sprintf
                0x000000000000ddce                snprintf
                0x000000000000dde8                vsprintf
                0x000000000000ddfe                vsnprintf
 .text          0x000000000000de10      0x836 /usr/lib/gcc/msp430/4.6.3/../../../../msp430/lib/mmpy-16/libc.a(vuprintf.o)
                0x000000000000dfa8                vuprintf
 .text          0x000000000000e646       0x2c /usr/lib/gcc/msp430/4.6.3/../../../../msp430/lib/mmpy-16/libc.a(puts.o)
                0x000000000000e646                puts
 .text          0x000000000000e672       0x54 /usr/lib/gcc/msp430/4.6.3/../../../../msp430/lib/mmpy-16/libc.a(rand.o)
                0x000000000000e672                rand_r
                0x000000000000e696                rand
                0x000000000000e6bc                srand
 .text.libgcc   0x000000000000e6c6       0xf0 /usr/lib/gcc/msp430/4.6.3/mmpy-16/libgcc.a(_udivmod64.o)
                0x000000000000e6c6                __xabi_udivmod64
                0x000000000000e724                __udivdi3
                0x000000000000e74a                __umoddi3
                0x000000000000e778                __udivmoddi4
 .text.crt0     0x000000000000e7b6        0x2 /usr/lib/gcc/msp430/4.6.3/mmpy-16/libcrt0.a(_unexpected_.o)
                0x000000000000e7b6                _unexpected_
                0x000000000000e7b8                . = ALIGN (0x2)

.rodata         0x000000000000e7b8      0x486
                0x000000000000e7b8                . = ALIGN (0x2)
 *(.rodata .rodata.* .gnu.linkonce.r.*)
 .rodata        0x000000000000e7b8       0x3e udp-server.o
                0x000000000000e7e6                autostart_processes
 .rodata        0x000000000000e7f6       0xed build/sky/obj/contiki-main.o
 .rodata        0x000000000000e8e3       0x31 build/sky/contiki-ng-sky.a(platform.o)
 .rodata        0x000000000000e914        0xc build/sky/contiki-ng-sky.a(etimer.o)
 .rodata        0x000000000000e920       0xb6 build/sky/contiki-ng-sky.a(log.o)
 .rodata        0x000000000000e9d6        0xf build/sky/contiki-ng-sky.a(ctimer.o)
 *fill*         0x000000000000e9e5        0x1 00
 .rodata        0x000000000000e9e6        0x8 build/sky/contiki-ng-sky.a(linkaddr.o)
                0x000000000000e9e6                linkaddr_null
 .rodata        0x000000000000e9ee       0x14 build/sky/contiki-ng-sky.a(csma.o)
                0x000000000000e9f4                csma_driver
 .rodata        0x000000000000ea02        0xd build/sky/contiki-ng-sky.a(tcpip.o)
 .rodata        0x000000000000ea0f       0x13 build/sky/contiki-ng-sky.a(simple-udp.o)
 .rodata        0x000000000000ea22       0x26 build/sky/contiki-ng-sky.a(sicslowpan.o)
                0x000000000000ea2e                sicslowpan_driver
                0x000000000000ea36                llprefix
                0x000000000000ea38                unc_mxconf
                0x000000000000ea3c                unc_ctxconf
                0x000000000000ea40                unc_llconf
 .rodata        0x000000000000ea48       0x2d build/sky/contiki-ng-sky.a(uiplib.o)
 *fill*         0x000000000000ea75        0x1 00
 .rodata        0x000000000000ea76       0x34 build/sky/contiki-ng-sky.a(rpl.o)
                0x000000000000ea80                rpl_lite_driver
 .rodata        0x000000000000eaaa       0x10 build/sky/contiki-ng-sky.a(button-sensor.o)
                0x000000000000eab2                button_sensor
 .rodata        0x000000000000eaba        0x8 build/sky/contiki-ng-sky.a(sensors.o)
 .rodata        0x000000000000eac2       0x80 build/sky/contiki-ng-sky.a(cc2420.o)
                0x000000000000eb04                cc2420_aes_128_driver
                0x000000000000eb08                cc2420_driver
 .rodata        0x000000000000eb42        0x6 build/sky/contiki-ng-sky.a(framer-802154.o)
                0x000000000000eb42                framer_802154
 .rodata        0x000000000000eb48        0x2 build/sky/contiki-ng-sky.a(frame802154.o)
 .rodata        0x000000000000eb4a       0xe0 build/sky/contiki-ng-sky.a(rpl-dag.o)
 .rodata        0x000000000000ec2a        0xc build/sky/contiki-ng-sky.a(rpl-timers.o)
 .rodata        0x000000000000ec36        0x7 /usr/lib/gcc/msp430/4.6.3/../../../../msp430/lib/mmpy-16/libc.a(vuprintf.o)
                0x000000000000ec3e                . = ALIGN (0x2)
 *fill*         0x000000000000ec3d        0x1 00
                0x000000000000ec3e                _etext = .

.data           0x0000000000001100      0x13a load address 0x000000000000ec3e
                0x0000000000001100                . = ALIGN (0x2)
                0x0000000000001100                PROVIDE (__data_start, .)
 *(.data .data.* .gnu.linkonce.d.*)
 .data          0x0000000000001100        0xa udp-server.o
                0x0000000000001100                udp_server_process
 .data          0x000000000000110a        0x2 build/sky/contiki-ng-sky.a(msp430.o)
 .data          0x000000000000110c        0xa build/sky/contiki-ng-sky.a(etimer.o)
                0x000000000000110c                etimer_process
 .data          0x0000000000001116       0x50 build/sky/contiki-ng-sky.a(log.o)
                0x0000000000001116                all_modules
                0x0000000000001164                curr_log_level_main
 .data          0x0000000000001166        0xa build/sky/contiki-ng-sky.a(ctimer.o)
                0x0000000000001166                ctimer_process
 .data          0x0000000000001170       0x10 build/sky/contiki-ng-sky.a(queuebuf.o)
 .data          0x0000000000001180       0x18 build/sky/contiki-ng-sky.a(csma-output.o)
 .data          0x0000000000001198        0x8 build/sky/contiki-ng-sky.a(uip-ds6-route.o)
 .data          0x00000000000011a0        0x8 build/sky/contiki-ng-sky.a(uip-ds6-nbr.o)
 .data          0x00000000000011a8        0xa build/sky/contiki-ng-sky.a(tcpip.o)
                0x00000000000011a8                tcpip_process
 .data          0x00000000000011b2        0x6 build/sky/contiki-ng-sky.a(uip-nd6.o)
 .data          0x00000000000011b8        0xa build/sky/contiki-ng-sky.a(simple-udp.o)
                0x00000000000011b8                simple_udp_process
 .data          0x00000000000011c2       0x18 build/sky/contiki-ng-sky.a(rpl-icmp6.o)
 .data          0x00000000000011da        0x4 build/sky/contiki-ng-sky.a(contiki-sky-pla)
                0x00000000000011da                sensors
 .data          0x00000000000011de        0xa build/sky/contiki-ng-sky.a(sensors.o)
                0x00000000000011de                sensors_process