Archive member included because of file (symbol)

build/sky/contiki-ng-sky.a(sht11-sensor.o)
                              udp-client.o (sht11_sensor)
build/sky/contiki-ng-sky.a(uart1-putchar.o)
                              udp-client.o (putchar)
build/sky/contiki-ng-sky.a(platform.o)
                              build/sky/obj/contiki-main.o (platform_init_stage_one)
build/sky/contiki-ng-sky.a(msp430.o)
                              build/sky/contiki-ng-sky.a(platform.o) (msp430_dco_required)
build/sky/contiki-ng-sky.a(clock.o)
                              build/sky/obj/contiki-main.o (clock_init)
build/sky/contiki-ng-sky.a(leds.o)
                              build/sky/contiki-ng-sky.a(platform.o) (leds_init)
build/sky/contiki-ng-sky.a(leds-arch.o)
                              build/sky/contiki-ng-sky.a(leds.o) (leds_arch_init)
build/sky/contiki-ng-sky.a(watchdog.o)
                              build/sky/obj/contiki-main.o (watchdog_start)
build/sky/contiki-ng-sky.a(lpm.o)
                              udp-client.o (lpm_on)
build/sky/contiki-ng-sky.a(rtimer-arch.o)
                              build/sky/contiki-ng-sky.a(sht11-sensor.o) (rtimer_arch_now)
build/sky/contiki-ng-sky.a(autostart.o)
                              build/sky/obj/contiki-main.o (autostart_start)
build/sky/contiki-ng-sky.a(energest.o)
                              build/sky/obj/contiki-main.o (energest_init)
build/sky/contiki-ng-sky.a(etimer.o)
                              build/sky/contiki-ng-sky.a(clock.o) (etimer_request_poll)
build/sky/contiki-ng-sky.a(log.o)
                              udp-client.o (log_6addr)
build/sky/contiki-ng-sky.a(ctimer.o)
                              build/sky/obj/contiki-main.o (ctimer_init)
build/sky/contiki-ng-sky.a(rtimer.o)
                              build/sky/obj/contiki-main.o (rtimer_init)
build/sky/contiki-ng-sky.a(node-id.o)
                              build/sky/obj/contiki-main.o (node_id_init)
build/sky/contiki-ng-sky.a(process.o)
                              build/sky/contiki-ng-sky.a(etimer.o) (process_current)
build/sky/contiki-ng-sky.a(timer.o)
                              build/sky/contiki-ng-sky.a(platform.o) (timer_set)
build/sky/contiki-ng-sky.a(list.o)
                              build/sky/contiki-ng-sky.a(ctimer.o) (list_init)
build/sky/contiki-ng-sky.a(random.o)
                              build/sky/contiki-ng-sky.a(platform.o) (random_init)
build/sky/contiki-ng-sky.a(queuebuf.o)
                              build/sky/obj/contiki-main.o (queuebuf_init)
build/sky/contiki-ng-sky.a(packetbuf.o)
                              build/sky/contiki-ng-sky.a(queuebuf.o) (packetbuf_copyto)
build/sky/contiki-ng-sky.a(netstack.o)
                              build/sky/obj/contiki-main.o (netstack_init)
build/sky/contiki-ng-sky.a(linkaddr.o)
                              build/sky/contiki-ng-sky.a(platform.o) (linkaddr_copy)
build/sky/contiki-ng-sky.a(csma.o)
                              build/sky/obj/contiki-main.o (csma_driver)
build/sky/contiki-ng-sky.a(csma-output.o)
                              build/sky/contiki-ng-sky.a(csma.o) (csma_output_packet)
build/sky/contiki-ng-sky.a(uip-ds6.o)
                              build/sky/obj/contiki-main.o (uip_ds6_get_link_local)
build/sky/contiki-ng-sky.a(uip-ds6-route.o)
                              build/sky/contiki-ng-sky.a(uip-ds6.o) (uip_ds6_route_init)
build/sky/contiki-ng-sky.a(uip-ds6-nbr.o)
                              build/sky/contiki-ng-sky.a(uip-ds6.o) (uip_ds6_neighbors_init)
build/sky/contiki-ng-sky.a(tcpip.o)
                              build/sky/obj/contiki-main.o (tcpip_process)
build/sky/contiki-ng-sky.a(uip6.o)
                              build/sky/contiki-ng-sky.a(tcpip.o) (uip_aligned_buf)
build/sky/contiki-ng-sky.a(uip-nd6.o)
                              build/sky/contiki-ng-sky.a(uip6.o) (uip_nd6_init)
build/sky/contiki-ng-sky.a(simple-udp.o)
                              udp-client.o (simple_udp_sendto)
build/sky/contiki-ng-sky.a(sicslowpan.o)
                              build/sky/obj/contiki-main.o (sicslowpan_driver)
build/sky/contiki-ng-sky.a(uiplib.o)
                              build/sky/contiki-ng-sky.a(log.o) (uiplib_ipaddr_snprint)
build/sky/contiki-ng-sky.a(rpl.o)
                              udp-client.o (rpl_lite_driver)
build/sky/contiki-ng-sky.a(rpl-icmp6.o)
                              build/sky/contiki-ng-sky.a(rpl.o) (rpl_icmp6_init)
build/sky/contiki-ng-sky.a(rpl-dag-root.o)
                              build/sky/contiki-ng-sky.a(rpl.o) (rpl_dag_root_set_prefix)
build/sky/contiki-ng-sky.a(contiki-sky-pla)
                              build/sky/contiki-ng-sky.a(platform.o) (init_platform)
build/sky/contiki-ng-sky.a(sht11.o)
                              build/sky/contiki-ng-sky.a(sht11-sensor.o) (sht11_init)
build/sky/contiki-ng-sky.a(button-sensor.o)
                              build/sky/contiki-ng-sky.a(contiki-sky-pla) (button_sensor)
[...]
Memory Configuration

Name             Origin             Length             Attributes
sfr              0x0000000000000000 0x0000000000000010
peripheral_8bit  0x0000000000000010 0x00000000000000f0
peripheral_16bit 0x0000000000000100 0x0000000000000100
ram_mirror       0x0000000000000200 0x0000000000000800 xw
infomem          0x0000000000001000 0x0000000000000100
infob            0x0000000000001000 0x0000000000000080
infoa            0x0000000000001080 0x0000000000000080
ram              0x0000000000001100 0x0000000000002800 xw
rom              0x0000000000004000 0x000000000000bfe0 xr
vectors          0x000000000000ffe0 0x0000000000000020
bsl              0x0000000000000000 0x0000000000000000
infoc            0x0000000000000000 0x0000000000000000
infod            0x0000000000000000 0x0000000000000000
ram2             0x0000000000000000 0x0000000000000000 xw
usbram           0x0000000000000000 0x0000000000000000 xw
far_rom          0x0000000000000000 0x0000000000000000
*default*        0x0000000000000000 0xffffffffffffffff

Linker script and memory map

LOAD /usr/lib/gcc/msp430/4.6.3/mmpy-16/crt0ivtbl16.o
                0x0000000000002dc8                _stack = _end
LOAD udp-client.o
LOAD build/sky/obj/contiki-main.o
LOAD build/sky/contiki-ng-sky.a
LOAD /usr/lib/gcc/msp430/4.6.3/mmpy-16/libgcc.a
LOAD /usr/lib/gcc/msp430/4.6.3/../../../../msp430/lib/mmpy-16/libc.a
LOAD /usr/lib/gcc/msp430/4.6.3/mmpy-16/libgcc.a
LOAD /usr/lib/gcc/msp430/4.6.3/mmpy-16/libcrt0.a
                0x0000000000000080                PROVIDE (__info_segment_size, 0x80)
                0x0000000000001000                PROVIDE (__infob, 0x1000)
                0x0000000000001080                PROVIDE (__infoa, 0x1080)
                0x0000000000000000                __IE1 = 0x0
                0x0000000000000002                __IFG1 = 0x2
                0x0000000000000004                __ME1 = 0x4
                0x0000000000000001                __IE2 = 0x1
                0x0000000000000003                __IFG2 = 0x3
                0x0000000000000005                __ME2 = 0x5
                0x0000000000000120                __WDTCTL = 0x120
                0x0000000000000130                __MPY = 0x130
                0x0000000000000132                __MPYS = 0x132
                0x0000000000000134                __MAC = 0x134
                0x0000000000000136                __MACS = 0x136
                0x0000000000000138                __OP2 = 0x138
                0x000000000000013a                __RESLO = 0x13a
                0x000000000000013c                __RESHI = 0x13c
                0x000000000000013e                __SUMEXT = 0x13e
                0x0000000000000020                __P1IN = 0x20
                0x0000000000000021                __P1OUT = 0x21
                0x0000000000000022                __P1DIR = 0x22
                0x0000000000000023                __P1IFG = 0x23
                0x0000000000000024                __P1IES = 0x24
                0x0000000000000025                __P1IE = 0x25
                0x0000000000000026                __P1SEL = 0x26
                0x0000000000000028                __P2IN = 0x28
                0x0000000000000029                __P2OUT = 0x29
                0x000000000000002a                __P2DIR = 0x2a
                0x000000000000002b                __P2IFG = 0x2b
                0x000000000000002c                __P2IES = 0x2c
                0x000000000000002d                __P2IE = 0x2d
                0x000000000000002e                __P2SEL = 0x2e
                0x0000000000000018                __P3IN = 0x18
                0x0000000000000019                __P3OUT = 0x19
                0x000000000000001a                __P3DIR = 0x1a
                0x000000000000001b                __P3SEL = 0x1b
                0x000000000000001c                __P4IN = 0x1c
                0x000000000000001d                __P4OUT = 0x1d
                0x000000000000001e                __P4DIR = 0x1e
                0x000000000000001f                __P4SEL = 0x1f
                0x0000000000000030                __P5IN = 0x30
                0x0000000000000031                __P5OUT = 0x31
                0x0000000000000032                __P5DIR = 0x32
                0x0000000000000033                __P5SEL = 0x33
                0x0000000000000034                __P6IN = 0x34
                0x0000000000000035                __P6OUT = 0x35
                0x0000000000000036                __P6DIR = 0x36
                0x0000000000000037                __P6SEL = 0x37
                0x0000000000000070                __U0CTL = 0x70
                0x0000000000000071                __U0TCTL = 0x71
                0x0000000000000072                __U0RCTL = 0x72
                0x0000000000000073                __U0MCTL = 0x73
                0x0000000000000074                __U0BR0 = 0x74
                0x0000000000000075                __U0BR1 = 0x75
                0x0000000000000076                __U0RXBUF = 0x76
                0x0000000000000077                __U0TXBUF = 0x77
                0x0000000000000078                __U1CTL = 0x78
                0x0000000000000079                __U1TCTL = 0x79
                0x000000000000007a                __U1RCTL = 0x7a
                0x000000000000007b                __U1MCTL = 0x7b
                0x000000000000007c                __U1BR0 = 0x7c
                0x000000000000007d                __U1BR1 = 0x7d
                0x000000000000007e                __U1RXBUF = 0x7e
                0x000000000000007f                __U1TXBUF = 0x7f
                0x0000000000000050                __I2CIE = 0x50
                0x0000000000000051                __I2CIFG = 0x51
                0x0000000000000052                __I2CNDAT = 0x52
                0x0000000000000071                __I2CTCTL = 0x71
                0x0000000000000072                __I2CDCTL = 0x72
                0x0000000000000073                __I2CPSC = 0x73
                0x0000000000000074                __I2CSCLH = 0x74
                0x0000000000000075                __I2CSCLL = 0x75
                0x0000000000000076                __I2CDRB = 0x76
                0x0000000000000076                __I2CDRW = 0x76
                0x0000000000000118                __I2COA = 0x118
                0x000000000000011a                __I2CSA = 0x11a
                0x000000000000011c                __I2CIV = 0x11c
                0x000000000000012e                __TAIV = 0x12e
                0x0000000000000160                __TACTL = 0x160
                0x0000000000000162                __TACCTL0 = 0x162
                0x0000000000000164                __TACCTL1 = 0x164
                0x0000000000000166                __TACCTL2 = 0x166
                0x0000000000000170                __TAR = 0x170
                0x0000000000000172                __TACCR0 = 0x172
                0x0000000000000174                __TACCR1 = 0x174
                0x0000000000000176                __TACCR2 = 0x176
                0x000000000000011e                __TBIV = 0x11e
                0x0000000000000180                __TBCTL = 0x180
                0x0000000000000182                __TBCCTL0 = 0x182
                0x0000000000000184                __TBCCTL1 = 0x184
                0x0000000000000186                __TBCCTL2 = 0x186
                0x0000000000000188                __TBCCTL3 = 0x188
                0x000000000000018a                __TBCCTL4 = 0x18a
                0x000000000000018c                __TBCCTL5 = 0x18c
                0x000000000000018e                __TBCCTL6 = 0x18e
                0x0000000000000190                __TBR = 0x190
                0x0000000000000192                __TBCCR0 = 0x192
                0x0000000000000194                __TBCCR1 = 0x194
                0x0000000000000196                __TBCCR2 = 0x196
                0x0000000000000198                __TBCCR3 = 0x198
                0x000000000000019a                __TBCCR4 = 0x19a
                0x000000000000019c                __TBCCR5 = 0x19c
                0x000000000000019e                __TBCCR6 = 0x19e
                0x0000000000000056                __DCOCTL = 0x56
                0x0000000000000057                __BCSCTL1 = 0x57
                0x0000000000000058                __BCSCTL2 = 0x58
                0x0000000000000055                __SVSCTL = 0x55
                0x0000000000000128                __FCTL1 = 0x128
                0x000000000000012a                __FCTL2 = 0x12a
                0x000000000000012c                __FCTL3 = 0x12c
                0x0000000000000059                __CACTL1 = 0x59
                0x000000000000005a                __CACTL2 = 0x5a
                0x000000000000005b                __CAPD = 0x5b
                0x00000000000001a0                __ADC12CTL0 = 0x1a0
                0x00000000000001a2                __ADC12CTL1 = 0x1a2
                0x00000000000001a4                __ADC12IFG = 0x1a4
                0x00000000000001a6                __ADC12IE = 0x1a6
                0x00000000000001a8                __ADC12IV = 0x1a8
                0x0000000000000140                __ADC12MEM0 = 0x140
                0x0000000000000142                __ADC12MEM1 = 0x142
                0x0000000000000144                __ADC12MEM2 = 0x144
                0x0000000000000146                __ADC12MEM3 = 0x146
                0x0000000000000148                __ADC12MEM4 = 0x148
                0x000000000000014a                __ADC12MEM5 = 0x14a
                0x000000000000014c                __ADC12MEM6 = 0x14c
                0x000000000000014e                __ADC12MEM7 = 0x14e
                0x0000000000000150                __ADC12MEM8 = 0x150
                0x0000000000000152                __ADC12MEM9 = 0x152
                0x0000000000000154                __ADC12MEM10 = 0x154
                0x0000000000000156                __ADC12MEM11 = 0x156
                0x0000000000000158                __ADC12MEM12 = 0x158
                0x000000000000015a                __ADC12MEM13 = 0x15a
                0x000000000000015c                __ADC12MEM14 = 0x15c
                0x000000000000015e                __ADC12MEM15 = 0x15e
                0x0000000000000080                __ADC12MCTL0 = 0x80
                0x0000000000000081                __ADC12MCTL1 = 0x81
                0x0000000000000082                __ADC12MCTL2 = 0x82
                0x0000000000000083                __ADC12MCTL3 = 0x83
                0x0000000000000084                __ADC12MCTL4 = 0x84
                0x0000000000000085                __ADC12MCTL5 = 0x85
                0x0000000000000086                __ADC12MCTL6 = 0x86
                0x0000000000000087                __ADC12MCTL7 = 0x87
                0x0000000000000088                __ADC12MCTL8 = 0x88
                0x0000000000000089                __ADC12MCTL9 = 0x89
                0x000000000000008a                __ADC12MCTL10 = 0x8a
                0x000000000000008b                __ADC12MCTL11 = 0x8b
                0x000000000000008c                __ADC12MCTL12 = 0x8c
                0x000000000000008d                __ADC12MCTL13 = 0x8d
                0x000000000000008e                __ADC12MCTL14 = 0x8e
                0x000000000000008f                __ADC12MCTL15 = 0x8f
                0x00000000000001c0                __DAC12_0CTL = 0x1c0
                0x00000000000001c2                __DAC12_1CTL = 0x1c2
                0x00000000000001c8                __DAC12_0DAT = 0x1c8
                0x00000000000001ca                __DAC12_1DAT = 0x1ca
                0x0000000000000122                __DMACTL0 = 0x122
                0x0000000000000124                __DMACTL1 = 0x124
                0x00000000000001e0                __DMA0CTL = 0x1e0
                0x00000000000001e8                __DMA1CTL = 0x1e8
                0x00000000000001f0                __DMA2CTL = 0x1f0
                0x00000000000001e2                __DMA0SA = 0x1e2
                0x00000000000001e4                __DMA0DA = 0x1e4
                0x00000000000001e6                __DMA0SZ = 0x1e6
                0x00000000000001ea                __DMA1SA = 0x1ea
                0x00000000000001ec                __DMA1DA = 0x1ec
                0x00000000000001ee                __DMA1SZ = 0x1ee
                0x00000000000001f2                __DMA2SA = 0x1f2
                0x00000000000001f4                __DMA2DA = 0x1f4
                0x00000000000001f6                __DMA2SZ = 0x1f6

.hash
 *(.hash)

.dynsym
 *(.dynsym)

.dynstr
 *(.dynstr)

.gnu.version
 *(.gnu.version)

.gnu.version_d
 *(.gnu.version_d)

.gnu.version_r
 *(.gnu.version_r)

.rel.init
 *(.rel.init)

.rela.init
 *(.rela.init)

.rel.fini
 *(.rel.fini)

.rela.fini
 *(.rela.fini)

.rel.text
 *(.rel.text .rel.text.* .rel.gnu.linkonce.t.*)

.rela.text
 *(.rela.text .rela.text.* .rela.gnu.linkonce.t.*)

.rel.rodata
 *(.rel.rodata .rel.rodata.* .rel.gnu.linkonce.r.*)

.rela.rodata
 *(.rela.rodata .rela.rodata.* .rela.gnu.linkonce.r.*)

.rel.data
 *(.rel.data .rel.data.* .rel.gnu.linkonce.d.*)

.rela.data
 *(.rela.data .rela.data.* .rela.gnu.linkonce.d.*)

.rel.bss
 *(.rel.bss .rel.bss.* .rel.gnu.linkonce.b.*)

.rela.bss
 *(.rela.bss .rela.bss.* .rela.gnu.linkonce.b.*)

.rel.ctors
 *(.rel.ctors)

.rela.ctors
 *(.rela.ctors)

.rel.dtors
 *(.rel.dtors)

.rela.dtors
 *(.rela.dtors)

.rel.got
 *(.rel.got)

.rela.got
 *(.rela.got)

.rel.plt
 *(.rel.plt)

.rela.plt
 *(.rela.plt)

.text           0x0000000000004000     0xac5e
                0x0000000000004000                . = ALIGN (0x2)
 *(.init .init.*)
 *(.init0)
 .init0         0x0000000000004000        0x0 /usr/lib/gcc/msp430/4.6.3/mmpy-16/libcrt0.a(_reset_vector__.o)
                0x0000000000004000                _reset_vector__
 *(.init1)
 .init1         0x0000000000004000        0xc /usr/lib/gcc/msp430/4.6.3/mmpy-16/libcrt0.a(__watchdog_support.o)
                0x0000000000004000                __watchdog_support
 *(.init2)
 .init2         0x000000000000400c        0x4 /usr/lib/gcc/msp430/4.6.3/mmpy-16/libcrt0.a(__init_stack.o)
                0x000000000000400c                __init_stack
 *(.init3)
 .init3         0x0000000000004010        0x0 /usr/lib/gcc/msp430/4.6.3/mmpy-16/libcrt0.a(__low_level_init.o)
                0x0000000000004010                __low_level_init
 *(.init4)
 .init4         0x0000000000004010       0x18 /usr/lib/gcc/msp430/4.6.3/mmpy-16/libcrt0.a(_copy_data.o)
                0x0000000000004010                __do_copy_data
 .init4         0x0000000000004028       0x16 /usr/lib/gcc/msp430/4.6.3/mmpy-16/libcrt0.a(_clear_bss.o)
                0x0000000000004028                __do_clear_bss
 *(.init5)
 *(.init6)
 *(.init7)
 *(.init8)
 *(.init9)
 .init9         0x000000000000403e      0x22e build/sky/obj/contiki-main.o
                0x000000000000403e                main
 *(.fini9)
 .fini9         0x000000000000426c        0x0 /usr/lib/gcc/msp430/4.6.3/mmpy-16/libcrt0.a(__stop_progExec__.o)
                0x000000000000426c                __stop_progExec__
 *(.fini8)
 *(.fini7)
 *(.fini6)
 *(.fini5)
 *(.fini4)
 *(.fini3)
 *(.fini2)
 *(.fini1)
 *(.fini0)
 .fini0         0x000000000000426c        0x6 /usr/lib/gcc/msp430/4.6.3/mmpy-16/libcrt0.a(_endless_loop__.o)
                0x000000000000426c                _endless_loop__
 *(.fini .fini.*)
                0x0000000000004272                . = ALIGN (0x2)
                0x0000000000004272                __ctors_start = .
 *(.ctors)
                0x0000000000004272                __ctors_end = .
                0x0000000000004272                __dtors_start = .
 *(.dtors)
                0x0000000000004272                __dtors_end = .
                0x0000000000004272                . = ALIGN (0x2)
 *(.text .text.* .gnu.linkonce.t.*)
 .text          0x0000000000004272        0x4 /usr/lib/gcc/msp430/4.6.3/mmpy-16/crt0ivtbl16.o
                0x0000000000004272                __isr_14
                0x0000000000004272                __isr_11
                0x0000000000004272                __isr_2
                0x0000000000004272                __isr_7
                0x0000000000004272                __isr_0
                0x0000000000004272                __isr_8
                0x0000000000004272                __isr_3
                0x0000000000004272                __isr_12
                0x0000000000004272                __isr_13
                0x0000000000004272                __isr_9
 .text.process_thread_udp_client_process
                0x0000000000004276      0x15c udp-client.o
 .text.get_temperature
                0x00000000000043d2       0x1c udp-client.o
                0x00000000000043d2                get_temperature
 .text.udp_rx_callback
                0x00000000000043ee       0xdc udp-client.o
 .text.status   0x00000000000044ca       0x18 build/sky/contiki-ng-sky.a(sht11-sensor.o)
 .text.configure
                0x00000000000044e2       0x40 build/sky/contiki-ng-sky.a(sht11-sensor.o)
 .text.value    0x0000000000004522       0x2e build/sky/contiki-ng-sky.a(sht11-sensor.o)
 .text.putchar  0x0000000000004550       0x10 build/sky/contiki-ng-sky.a(uart1-putchar.o)
                0x0000000000004550                putchar
 .text.platform_init_stage_one
                0x0000000000004560       0x12 build/sky/contiki-ng-sky.a(platform.o)
                0x0000000000004560                platform_init_stage_one
 .text.platform_init_stage_two
                0x0000000000004572       0x66 build/sky/contiki-ng-sky.a(platform.o)
                0x0000000000004572                platform_init_stage_two
 .text.platform_init_stage_three
                0x00000000000045d8       0x7a build/sky/contiki-ng-sky.a(platform.o)
                0x00000000000045d8                platform_init_stage_three
 .text.platform_idle
                0x0000000000004652       0x54 build/sky/contiki-ng-sky.a(platform.o)
                0x0000000000004652                platform_idle
 .text.msp430_init_dco
                0x00000000000046a6       0x84 build/sky/contiki-ng-sky.a(msp430.o)
                0x00000000000046a6                msp430_init_dco
 .text.msp430_add_lpm_req
                0x000000000000472a        0xc build/sky/contiki-ng-sky.a(msp430.o)
                0x000000000000472a                msp430_add_lpm_req
 .text.msp430_cpu_init
                0x0000000000004736       0x2a build/sky/contiki-ng-sky.a(msp430.o)
                0x0000000000004736                msp430_cpu_init
 .text.splhigh_
                0x0000000000004760        0x8 build/sky/contiki-ng-sky.a(msp430.o)
                0x0000000000004760                splhigh_
 .text.msp430_sync_dco
                0x0000000000004768       0x68 build/sky/contiki-ng-sky.a(msp430.o)
                0x0000000000004768                msp430_sync_dco
 .text.timera1  0x00000000000047d0       0xdc build/sky/contiki-ng-sky.a(clock.o)
                0x00000000000047d0                __isr_5
                0x00000000000047d0                timera1
 .text.clock_time
                0x00000000000048ac       0x1a build/sky/contiki-ng-sky.a(clock.o)
                0x00000000000048ac                clock_time
 .text.clock_init
                0x00000000000048c6       0x28 build/sky/contiki-ng-sky.a(clock.o)
                0x00000000000048c6                clock_init
 .text.clock_delay
                0x00000000000048ee        0xc build/sky/contiki-ng-sky.a(clock.o)
                0x00000000000048ee                clock_delay
 .text.clock_wait
                0x00000000000048fa       0x34 build/sky/contiki-ng-sky.a(clock.o)
                0x00000000000048fa                clock_wait
 .text.clock_seconds
                0x000000000000492e       0x1a build/sky/contiki-ng-sky.a(clock.o)
                0x000000000000492e                clock_seconds
 .text.leds_init
                0x0000000000004948        0x6 build/sky/contiki-ng-sky.a(leds.o)
                0x0000000000004948                leds_init
 .text.leds_on  0x000000000000494e       0x12 build/sky/contiki-ng-sky.a(leds.o)
                0x000000000000494e                leds_on
 .text.leds_off
                0x0000000000004960       0x12 build/sky/contiki-ng-sky.a(leds.o)
                0x0000000000004960                leds_off
 .text.leds_arch_init
                0x0000000000004972        0xe build/sky/contiki-ng-sky.a(leds-arch.o)
                0x0000000000004972                leds_arch_init
 .text.leds_arch_get
                0x0000000000004980       0x36 build/sky/contiki-ng-sky.a(leds-arch.o)
                0x0000000000004980                leds_arch_get
 .text.leds_arch_set
                0x00000000000049b6       0x40 build/sky/contiki-ng-sky.a(leds-arch.o)
                0x00000000000049b6                leds_arch_set
 .text.watchdog_interrupt
                0x00000000000049f6        0x6 build/sky/contiki-ng-sky.a(watchdog.o)
                0x00000000000049f6                __isr_10
                0x00000000000049f6                watchdog_interrupt
 .text.watchdog_start
                0x00000000000049fc       0x14 build/sky/contiki-ng-sky.a(watchdog.o)
                0x00000000000049fc                watchdog_start
 .text.watchdog_periodic
                0x0000000000004a10       0x12 build/sky/contiki-ng-sky.a(watchdog.o)
                0x0000000000004a10                watchdog_periodic
 .text.watchdog_stop
                0x0000000000004a22       0x16 build/sky/contiki-ng-sky.a(watchdog.o)
                0x0000000000004a22                watchdog_stop
 .text.watchdog_init
                0x0000000000004a38       0x14 build/sky/contiki-ng-sky.a(watchdog.o)
                0x0000000000004a38                watchdog_init
 .text.lpm_on   0x0000000000004a4c        0x6 build/sky/contiki-ng-sky.a(lpm.o)
                0x0000000000004a4c                lpm_on
 .text.timera0  0x0000000000004a52       0x2e build/sky/contiki-ng-sky.a(rtimer-arch.o)
                0x0000000000004a52                __isr_6
                0x0000000000004a52                timera0
 .text.rtimer_arch_init
                0x0000000000004a80        0xe build/sky/contiki-ng-sky.a(rtimer-arch.o)
                0x0000000000004a80                rtimer_arch_init
 .text.rtimer_arch_now
                0x0000000000004a8e        0xe build/sky/contiki-ng-sky.a(rtimer-arch.o)
                0x0000000000004a8e                rtimer_arch_now
 .text.rtimer_arch_schedule
                0x0000000000004a9c        0x6 build/sky/contiki-ng-sky.a(rtimer-arch.o)
                0x0000000000004a9c                rtimer_arch_schedule
 .text.autostart_start
                0x0000000000004aa2       0x16 build/sky/contiki-ng-sky.a(autostart.o)
                0x0000000000004aa2                autostart_start
 .text.energest_init
                0x0000000000004ab8        0x2 build/sky/contiki-ng-sky.a(energest.o)
                0x0000000000004ab8                energest_init
 .text.energest_flush
                0x0000000000004aba        0x2 build/sky/contiki-ng-sky.a(energest.o)
                0x0000000000004aba                energest_flush
 .text.update_time
                0x0000000000004abc       0x78 build/sky/contiki-ng-sky.a(etimer.o)
 .text.etimer_request_poll
                0x0000000000004b34        0xa build/sky/contiki-ng-sky.a(etimer.o)
                0x0000000000004b34                etimer_request_poll
 .text.process_thread_etimer_process
                0x0000000000004b3e       0xc8 build/sky/contiki-ng-sky.a(etimer.o)
 .text.add_timer
                0x0000000000004c06       0x40 build/sky/contiki-ng-sky.a(etimer.o)
 .text.etimer_set
                0x0000000000004c46       0x12 build/sky/contiki-ng-sky.a(etimer.o)
                0x0000000000004c46                etimer_set
 .text.etimer_reset
                0x0000000000004c58       0x12 build/sky/contiki-ng-sky.a(etimer.o)
                0x0000000000004c58                etimer_reset
 .text.etimer_expired
                0x0000000000004c6a        0xe build/sky/contiki-ng-sky.a(etimer.o)
                0x0000000000004c6a                etimer_expired
 .text.etimer_pending
                0x0000000000004c78        0xc build/sky/contiki-ng-sky.a(etimer.o)
                0x0000000000004c78                etimer_pending
 .text.etimer_next_expiration_time
                0x0000000000004c84       0x16 build/sky/contiki-ng-sky.a(etimer.o)
                0x0000000000004c84                etimer_next_expiration_time
 .text.etimer_stop
                0x0000000000004c9a       0x3c build/sky/contiki-ng-sky.a(etimer.o)
                0x0000000000004c9a                etimer_stop
 .text.log_6addr
                0x0000000000004cd6       0x32 build/sky/contiki-ng-sky.a(log.o)
                0x0000000000004cd6                log_6addr
 .text.log_lladdr
                0x0000000000004d08       0x44 build/sky/contiki-ng-sky.a(log.o)
                0x0000000000004d08                log_lladdr
 .text.process_thread_ctimer_process
                0x0000000000004d4c       0xa4 build/sky/contiki-ng-sky.a(ctimer.o)
 .text.ctimer_init
                0x0000000000004df0       0x18 build/sky/contiki-ng-sky.a(ctimer.o)
                0x0000000000004df0                ctimer_init
 .text.ctimer_set_with_process
                0x0000000000004e08       0x4e build/sky/contiki-ng-sky.a(ctimer.o)
                0x0000000000004e08                ctimer_set_with_process
 .text.ctimer_set
                0x0000000000004e56       0x10 build/sky/contiki-ng-sky.a(ctimer.o)
                0x0000000000004e56                ctimer_set
 .text.ctimer_reset
                0x0000000000004e66       0x30 build/sky/contiki-ng-sky.a(ctimer.o)
                0x0000000000004e66                ctimer_reset
 .text.ctimer_stop
                0x0000000000004e96       0x28 build/sky/contiki-ng-sky.a(ctimer.o)
                0x0000000000004e96                ctimer_stop
 .text.ctimer_expired
                0x0000000000004ebe       0x32 build/sky/contiki-ng-sky.a(ctimer.o)
                0x0000000000004ebe                ctimer_expired
 .text.rtimer_init
                0x0000000000004ef0        0x6 build/sky/contiki-ng-sky.a(rtimer.o)
                0x0000000000004ef0                rtimer_init
 .text.rtimer_run_next
                0x0000000000004ef6       0x26 build/sky/contiki-ng-sky.a(rtimer.o)
                0x0000000000004ef6                rtimer_run_next
 .text.node_id_init
                0x0000000000004f1c       0x14 build/sky/contiki-ng-sky.a(node-id.o)
                0x0000000000004f1c                node_id_init
 .text.call_process
                0x0000000000004f30       0x4a build/sky/contiki-ng-sky.a(process.o)
 .text.exit_process
                0x0000000000004f7a       0x96 build/sky/contiki-ng-sky.a(process.o)
 .text.do_poll  0x0000000000005010       0x30 build/sky/contiki-ng-sky.a(process.o)
 .text.process_alloc_event
                0x0000000000005040        0xe build/sky/contiki-ng-sky.a(process.o)
                0x0000000000005040                process_alloc_event
 .text.process_init
                0x000000000000504e       0x18 build/sky/contiki-ng-sky.a(process.o)
                0x000000000000504e                process_init
 .text.process_run
                0x0000000000005066       0x92 build/sky/contiki-ng-sky.a(process.o)
                0x0000000000005066                process_run
 .text.process_nevents
                0x00000000000050f8        0xe build/sky/contiki-ng-sky.a(process.o)
                0x00000000000050f8                process_nevents
 .text.process_post
                0x0000000000005106       0x42 build/sky/contiki-ng-sky.a(process.o)
                0x0000000000005106                process_post
 .text.process_post_synch
                0x0000000000005148       0x12 build/sky/contiki-ng-sky.a(process.o)
                0x0000000000005148                process_post_synch
 .text.process_start
                0x000000000000515a       0x32 build/sky/contiki-ng-sky.a(process.o)
                0x000000000000515a                process_start
 .text.process_poll
                0x000000000000518c       0x18 build/sky/contiki-ng-sky.a(process.o)
                0x000000000000518c                process_poll
 .text.timer_set
                0x00000000000051a4       0x1c build/sky/contiki-ng-sky.a(timer.o)
                0x00000000000051a4                timer_set
 .text.timer_expired
                0x00000000000051c0       0x2a build/sky/contiki-ng-sky.a(timer.o)
                0x00000000000051c0                timer_expired
 .text.timer_reset
                0x00000000000051ea       0x1c build/sky/contiki-ng-sky.a(timer.o)
                0x00000000000051ea                timer_reset
 .text.list_init
                0x0000000000005206        0x6 build/sky/contiki-ng-sky.a(list.o)
                0x0000000000005206                list_init
 .text.list_head
                0x000000000000520c        0x4 build/sky/contiki-ng-sky.a(list.o)
                0x000000000000520c                list_head
 .text.list_tail
                0x0000000000005210       0x12 build/sky/contiki-ng-sky.a(list.o)
                0x0000000000005210                list_tail
 .text.list_remove
                0x0000000000005222       0x34 build/sky/contiki-ng-sky.a(list.o)
                0x0000000000005222                list_remove
 .text.list_push
                0x0000000000005256       0x1a build/sky/contiki-ng-sky.a(list.o)
                0x0000000000005256                list_push
 .text.list_add
                0x0000000000005270       0x2a build/sky/contiki-ng-sky.a(list.o)
                0x0000000000005270                list_add
 .text.list_length
                0x000000000000529a       0x10 build/sky/contiki-ng-sky.a(list.o)
                0x000000000000529a                list_length
 .text.list_item_next
                0x00000000000052aa        0xc build/sky/contiki-ng-sky.a(list.o)
                0x00000000000052aa                list_item_next
 .text.random_init
                0x00000000000052b6        0x6 build/sky/contiki-ng-sky.a(random.o)
                0x00000000000052b6                random_init
 .text.random_rand
                0x00000000000052bc        0x6 build/sky/contiki-ng-sky.a(random.o)
                0x00000000000052bc                random_rand
 .text.queuebuf_init
                0x00000000000052c2       0x12 build/sky/contiki-ng-sky.a(queuebuf.o)
                0x00000000000052c2                queuebuf_init
 .text.queuebuf_numfree
                0x00000000000052d4        0xa build/sky/contiki-ng-sky.a(queuebuf.o)
                0x00000000000052d4                queuebuf_numfree
 .text.queuebuf_new_from_packetbuf
                0x00000000000052de       0x52 build/sky/contiki-ng-sky.a(queuebuf.o)
                0x00000000000052de                queuebuf_new_from_packetbuf
 .text.queuebuf_update_attr_from_packetbuf
                0x0000000000005330       0x12 build/sky/contiki-ng-sky.a(queuebuf.o)
                0x0000000000005330                queuebuf_update_attr_from_packetbuf
 .text.queuebuf_free
                0x0000000000005342       0x2a build/sky/contiki-ng-sky.a(queuebuf.o)
                0x0000000000005342                queuebuf_free
 .text.queuebuf_to_packetbuf
                0x000000000000536c       0x32 build/sky/contiki-ng-sky.a(queuebuf.o)
                0x000000000000536c                queuebuf_to_packetbuf
 .text.packetbuf_hdrreduce
                0x000000000000539e       0x1a build/sky/contiki-ng-sky.a(packetbuf.o)
                0x000000000000539e                packetbuf_hdrreduce
 .text.packetbuf_set_datalen
                0x00000000000053b8        0x6 build/sky/contiki-ng-sky.a(packetbuf.o)
                0x00000000000053b8                packetbuf_set_datalen
 .text.packetbuf_hdrptr
                0x00000000000053be        0x6 build/sky/contiki-ng-sky.a(packetbuf.o)
                0x00000000000053be                packetbuf_hdrptr
 .text.packetbuf_datalen
                0x00000000000053c4        0x6 build/sky/contiki-ng-sky.a(packetbuf.o)
                0x00000000000053c4                packetbuf_datalen
 .text.packetbuf_hdrlen
                0x00000000000053ca        0xa build/sky/contiki-ng-sky.a(packetbuf.o)
                0x00000000000053ca                packetbuf_hdrlen
 .text.packetbuf_dataptr
                0x00000000000053d4        0xc build/sky/contiki-ng-sky.a(packetbuf.o)
                0x00000000000053d4                packetbuf_dataptr
 .text.packetbuf_copyto
                0x00000000000053e0       0x46 build/sky/contiki-ng-sky.a(packetbuf.o)
                0x00000000000053e0                packetbuf_copyto
 .text.packetbuf_totlen
                0x0000000000005426        0xc build/sky/contiki-ng-sky.a(packetbuf.o)
                0x0000000000005426                packetbuf_totlen
 .text.packetbuf_hdralloc
                0x0000000000005432       0x3a build/sky/contiki-ng-sky.a(packetbuf.o)
                0x0000000000005432                packetbuf_hdralloc
 .text.packetbuf_attr_clear
                0x000000000000546c       0x28 build/sky/contiki-ng-sky.a(packetbuf.o)
                0x000000000000546c                packetbuf_attr_clear
 .text.packetbuf_clear
                0x0000000000005494       0x12 build/sky/contiki-ng-sky.a(packetbuf.o)
                0x0000000000005494                packetbuf_clear
 .text.packetbuf_copyfrom
                0x00000000000054a6       0x2e build/sky/contiki-ng-sky.a(packetbuf.o)
                0x00000000000054a6                packetbuf_copyfrom
 .text.packetbuf_attr_copyto
                0x00000000000054d4       0x22 build/sky/contiki-ng-sky.a(packetbuf.o)
                0x00000000000054d4                packetbuf_attr_copyto
 .text.packetbuf_attr_copyfrom
                0x00000000000054f6       0x24 build/sky/contiki-ng-sky.a(packetbuf.o)
                0x00000000000054f6                packetbuf_attr_copyfrom
 .text.packetbuf_set_attr
                0x000000000000551a        0xc build/sky/contiki-ng-sky.a(packetbuf.o)
                0x000000000000551a                packetbuf_set_attr
 .text.packetbuf_attr
                0x0000000000005526        0xa build/sky/contiki-ng-sky.a(packetbuf.o)
                0x0000000000005526                packetbuf_attr
 .text.packetbuf_set_addr
                0x0000000000005530       0x18 build/sky/contiki-ng-sky.a(packetbuf.o)
                0x0000000000005530                packetbuf_set_addr
 .text.packetbuf_addr
                0x0000000000005548       0x12 build/sky/contiki-ng-sky.a(packetbuf.o)
                0x0000000000005548                packetbuf_addr
 .text.packetbuf_holds_broadcast
                0x000000000000555a        0xe build/sky/contiki-ng-sky.a(packetbuf.o)
                0x000000000000555a                packetbuf_holds_broadcast
 .text.netstack_process_ip_callback
                0x0000000000005568       0x52 build/sky/contiki-ng-sky.a(netstack.o)
                0x0000000000005568                netstack_process_ip_callback
 .text.netstack_init
                0x00000000000055ba        0xe build/sky/contiki-ng-sky.a(netstack.o)
                0x00000000000055ba                netstack_init
 .text.linkaddr_copy
                0x00000000000055c8        0x8 build/sky/contiki-ng-sky.a(linkaddr.o)
                0x00000000000055c8                linkaddr_copy
 .text.linkaddr_cmp
                0x00000000000055d0       0x12 build/sky/contiki-ng-sky.a(linkaddr.o)
                0x00000000000055d0                linkaddr_cmp
 .text.linkaddr_set_node_addr
                0x00000000000055e2        0xc build/sky/contiki-ng-sky.a(linkaddr.o)
                0x00000000000055e2                linkaddr_set_node_addr
 .text.on       0x00000000000055ee        0x6 build/sky/contiki-ng-sky.a(csma.o)
 .text.off      0x00000000000055f4        0x6 build/sky/contiki-ng-sky.a(csma.o)
 .text.max_payload
                0x00000000000055fa       0x38 build/sky/contiki-ng-sky.a(csma.o)
 .text.send_packet
                0x0000000000005632        0x6 build/sky/contiki-ng-sky.a(csma.o)
 .text.input_packet
                0x0000000000005638       0x54 build/sky/contiki-ng-sky.a(csma.o)
 .text.init     0x000000000000568c       0x1c build/sky/contiki-ng-sky.a(csma.o)
 .text.schedule_transmission
                0x00000000000056a8       0x72 build/sky/contiki-ng-sky.a(csma-output.o)
 .text.tx_done  0x000000000000571a       0x9a build/sky/contiki-ng-sky.a(csma-output.o)
 .text.transmit_from_queue
                0x00000000000057b4      0x1ae build/sky/contiki-ng-sky.a(csma-output.o)
 .text.csma_output_packet
                0x0000000000005962      0x180 build/sky/contiki-ng-sky.a(csma-output.o)
                0x0000000000005962                csma_output_packet
 .text.csma_output_init
                0x0000000000005ae2       0x1a build/sky/contiki-ng-sky.a(csma-output.o)
                0x0000000000005ae2                csma_output_init
 .text.uip_ds6_default_prefix
                0x0000000000005afc        0x6 build/sky/contiki-ng-sky.a(uip-ds6.o)
                0x0000000000005afc                uip_ds6_default_prefix
 .text.uip_ds6_list_loop
                0x0000000000005b02       0x92 build/sky/contiki-ng-sky.a(uip-ds6.o)
                0x0000000000005b02                uip_ds6_list_loop
 .text.uip_ds6_prefix_add
                0x0000000000005b94       0x80 build/sky/contiki-ng-sky.a(uip-ds6.o)
                0x0000000000005b94                uip_ds6_prefix_add
 .text.uip_ds6_is_addr_onlink
                0x0000000000005c14       0x54 build/sky/contiki-ng-sky.a(uip-ds6.o)
                0x0000000000005c14                uip_ds6_is_addr_onlink
 .text.uip_ds6_addr_lookup
                0x0000000000005c68       0x2a build/sky/contiki-ng-sky.a(uip-ds6.o)
                0x0000000000005c68                uip_ds6_addr_lookup
 .text.uip_ds6_get_link_local
                0x0000000000005c92       0x3e build/sky/contiki-ng-sky.a(uip-ds6.o)
                0x0000000000005c92                uip_ds6_get_link_local
 .text.uip_ds6_maddr_add
                0x0000000000005cd0       0x4c build/sky/contiki-ng-sky.a(uip-ds6.o)
                0x0000000000005cd0                uip_ds6_maddr_add
 .text.uip_ds6_addr_add
                0x0000000000005d1c       0xc4 build/sky/contiki-ng-sky.a(uip-ds6.o)
                0x0000000000005d1c                uip_ds6_addr_add
 .text.uip_ds6_maddr_lookup
                0x0000000000005de0       0x2a build/sky/contiki-ng-sky.a(uip-ds6.o)
                0x0000000000005de0                uip_ds6_maddr_lookup
 .text.uip_ds6_addr_rm
                0x0000000000005e0a       0x54 build/sky/contiki-ng-sky.a(uip-ds6.o)
                0x0000000000005e0a                uip_ds6_addr_rm
 .text.uip_ds6_periodic
                0x0000000000005e5e       0x46 build/sky/contiki-ng-sky.a(uip-ds6.o)
                0x0000000000005e5e                uip_ds6_periodic
 .text.uip_ds6_set_addr_iid
                0x0000000000005ea4       0x14 build/sky/contiki-ng-sky.a(uip-ds6.o)
                0x0000000000005ea4                uip_ds6_set_addr_iid
 .text.uip_ds6_set_lladdr_from_iid
                0x0000000000005eb8       0x14 build/sky/contiki-ng-sky.a(uip-ds6.o)
                0x0000000000005eb8                uip_ds6_set_lladdr_from_iid
 .text.get_match_length
                0x0000000000005ecc       0x3e build/sky/contiki-ng-sky.a(uip-ds6.o)
                0x0000000000005ecc                get_match_length
 .text.uip_ds6_select_src
                0x0000000000005f0a       0xaa build/sky/contiki-ng-sky.a(uip-ds6.o)
                0x0000000000005f0a                uip_ds6_select_src
 .text.uip_ds6_compute_reachable_time
                0x0000000000005fb4       0x3e build/sky/contiki-ng-sky.a(uip-ds6.o)
                0x0000000000005fb4                uip_ds6_compute_reachable_time
 .text.uip_ds6_init
                0x0000000000005ff2      0x164 build/sky/contiki-ng-sky.a(uip-ds6.o)
                0x0000000000005ff2                uip_ds6_init
 .text.uip_ds6_route_init
                0x0000000000006156       0x12 build/sky/contiki-ng-sky.a(uip-ds6-route.o)
                0x0000000000006156                uip_ds6_route_init
 .text.uip_ds6_route_nexthop
                0x0000000000006168        0x4 build/sky/contiki-ng-sky.a(uip-ds6-route.o)
                0x0000000000006168                uip_ds6_route_nexthop
 .text.uip_ds6_route_lookup
                0x000000000000616c        0x4 build/sky/contiki-ng-sky.a(uip-ds6-route.o)
                0x000000000000616c                uip_ds6_route_lookup
 .text.uip_ds6_route_rm
                0x0000000000006170        0x2 build/sky/contiki-ng-sky.a(uip-ds6-route.o)
                0x0000000000006170                uip_ds6_route_rm
 .text.uip_ds6_defrt_rm
                0x0000000000006172       0x3c build/sky/contiki-ng-sky.a(uip-ds6-route.o)
                0x0000000000006172                uip_ds6_defrt_rm
 .text.uip_ds6_defrt_lookup
                0x00000000000061ae       0x3e build/sky/contiki-ng-sky.a(uip-ds6-route.o)
                0x00000000000061ae                uip_ds6_defrt_lookup
 .text.uip_ds6_defrt_add
                0x00000000000061ec       0x72 build/sky/contiki-ng-sky.a(uip-ds6-route.o)
                0x00000000000061ec                uip_ds6_defrt_add
 .text.uip_ds6_defrt_choose
                0x000000000000625e       0x3a build/sky/contiki-ng-sky.a(uip-ds6-route.o)
                0x000000000000625e                uip_ds6_defrt_choose
 .text.uip_ds6_defrt_periodic
                0x0000000000006298       0x38 build/sky/contiki-ng-sky.a(uip-ds6-route.o)
                0x0000000000006298                uip_ds6_defrt_periodic
 .text.uip_ds6_nbr_rm
                0x00000000000062d0       0x1e build/sky/contiki-ng-sky.a(uip-ds6-nbr.o)
                0x00000000000062d0                uip_ds6_nbr_rm
 .text.uip_ds6_neighbors_init
                0x00000000000062ee       0x12 build/sky/contiki-ng-sky.a(uip-ds6-nbr.o)
                0x00000000000062ee                uip_ds6_neighbors_init
 .text.uip_ds6_nbr_add
                0x0000000000006300       0x3e build/sky/contiki-ng-sky.a(uip-ds6-nbr.o)
                0x0000000000006300                uip_ds6_nbr_add
 .text.uip_ds6_nbr_get_ll
                0x000000000000633e        0xc build/sky/contiki-ng-sky.a(uip-ds6-nbr.o)
                0x000000000000633e                uip_ds6_nbr_get_ll
 .text.uip_ds6_nbr_head
                0x000000000000634a        0xa build/sky/contiki-ng-sky.a(uip-ds6-nbr.o)
                0x000000000000634a                uip_ds6_nbr_head
 .text.uip_ds6_nbr_next
                0x0000000000006354        0xc build/sky/contiki-ng-sky.a(uip-ds6-nbr.o)
                0x0000000000006354                uip_ds6_nbr_next
 .text.uip_ds6_nbr_lookup
                0x0000000000006360       0x38 build/sky/contiki-ng-sky.a(uip-ds6-nbr.o)
                0x0000000000006360                uip_ds6_nbr_lookup
 .text.uip_ds6_nbr_ll_lookup
                0x0000000000006398        0xc build/sky/contiki-ng-sky.a(uip-ds6-nbr.o)
                0x0000000000006398                uip_ds6_nbr_ll_lookup
 .text.uip_ds6_nbr_update_ll
                0x00000000000063a4       0x76 build/sky/contiki-ng-sky.a(uip-ds6-nbr.o)
                0x00000000000063a4                uip_ds6_nbr_update_ll
 .text.uip_ds6_nbr_ipaddr_from_lladdr
                0x000000000000641a        0x6 build/sky/contiki-ng-sky.a(uip-ds6-nbr.o)
                0x000000000000641a                uip_ds6_nbr_ipaddr_from_lladdr
 .text.uip_ds6_nbr_lladdr_from_ipaddr
                0x0000000000006420       0x12 build/sky/contiki-ng-sky.a(uip-ds6-nbr.o)
                0x0000000000006420                uip_ds6_nbr_lladdr_from_ipaddr
 .text.uip_ds6_link_callback
                0x0000000000006432        0x2 build/sky/contiki-ng-sky.a(uip-ds6-nbr.o)
                0x0000000000006432                uip_ds6_link_callback
 .text.tcpip_output
                0x0000000000006434       0x22 build/sky/contiki-ng-sky.a(tcpip.o)
                0x0000000000006434                tcpip_output
 .text.udp_new  0x0000000000006456       0x1a build/sky/contiki-ng-sky.a(tcpip.o)
                0x0000000000006456                udp_new
 .text.tcpip_input
                0x0000000000006470       0x1e build/sky/contiki-ng-sky.a(tcpip.o)
                0x0000000000006470                tcpip_input
 .text.tcpip_ipv6_output
                0x000000000000648e      0x10a build/sky/contiki-ng-sky.a(tcpip.o)
                0x000000000000648e                tcpip_ipv6_output
 .text.packet_input.part.4
                0x0000000000006598       0x12 build/sky/contiki-ng-sky.a(tcpip.o)
 .text.process_thread_tcpip_process
                0x00000000000065aa       0xc8 build/sky/contiki-ng-sky.a(tcpip.o)
 .text.tcpip_uipcall
                0x0000000000006672       0x2a build/sky/contiki-ng-sky.a(tcpip.o)
                0x0000000000006672                tcpip_uipcall
 .text.chksum   0x000000000000669c       0x32 build/sky/contiki-ng-sky.a(uip6.o)
 .text.upper_layer_chksum
                0x00000000000066ce       0x5a build/sky/contiki-ng-sky.a(uip6.o)
 .text.unlikely.ext_hdr_options_process
                0x0000000000006728       0xb4 build/sky/contiki-ng-sky.a(uip6.o)
 .text.unlikely.uip_update_ttl
                0x00000000000067dc       0x24 build/sky/contiki-ng-sky.a(uip6.o)
 .text.uip_icmp6chksum
                0x0000000000006800        0xa build/sky/contiki-ng-sky.a(uip6.o)
                0x0000000000006800                uip_icmp6chksum
 .text.uip_udpchksum
                0x000000000000680a        0xa build/sky/contiki-ng-sky.a(uip6.o)
                0x000000000000680a                uip_udpchksum
 .text.uip_init
                0x0000000000006814       0x3c build/sky/contiki-ng-sky.a(uip6.o)
                0x0000000000006814                uip_init
 .text.uip_remove_ext_hdr
                0x0000000000006850       0x5e build/sky/contiki-ng-sky.a(uip6.o)
                0x0000000000006850                uip_remove_ext_hdr
 .text.uip_udp_new
                0x00000000000068ae       0xaa build/sky/contiki-ng-sky.a(uip6.o)
                0x00000000000068ae                uip_udp_new
 .text.uip_process
                0x0000000000006958      0x514 build/sky/contiki-ng-sky.a(uip6.o)
                0x0000000000006958                uip_process
 .text.uip_htonl
                0x0000000000006e6c       0x2e build/sky/contiki-ng-sky.a(uip6.o)
                0x0000000000006e6c                uip_htonl
 .text.ns_input
                0x0000000000006e9a      0x284 build/sky/contiki-ng-sky.a(uip-nd6.o)
 .text.uip_nd6_init
                0x000000000000711e        0xa build/sky/contiki-ng-sky.a(uip-nd6.o)
                0x000000000000711e                uip_nd6_init
 .text.process_thread_simple_udp_process
                0x0000000000007128       0xba build/sky/contiki-ng-sky.a(simple-udp.o)
 .text.simple_udp_sendto
                0x00000000000071e2       0x30 build/sky/contiki-ng-sky.a(simple-udp.o)
                0x00000000000071e2                simple_udp_sendto
 .text.simple_udp_register
                0x0000000000007212       0x9e build/sky/contiki-ng-sky.a(simple-udp.o)
                0x0000000000007212                simple_udp_register
 .text.clear_fragments
                0x00000000000072b0       0x42 build/sky/contiki-ng-sky.a(sicslowpan.o)
 .text.addr_context_lookup_by_number
                0x00000000000072f2       0x1a build/sky/contiki-ng-sky.a(sicslowpan.o)
 .text.sicslowpan_init
                0x000000000000730c       0x18 build/sky/contiki-ng-sky.a(sicslowpan.o)
                0x000000000000730c                sicslowpan_init
 .text.set_packet_attrs
                0x0000000000007324       0x66 build/sky/contiki-ng-sky.a(sicslowpan.o)
 .text.compress_addr_64
                0x000000000000738a       0xae build/sky/contiki-ng-sky.a(sicslowpan.o)
 .text.addr_context_lookup_by_prefix
                0x0000000000007438       0x24 build/sky/contiki-ng-sky.a(sicslowpan.o)
 .text.send_packet
                0x000000000000745c       0x1a build/sky/contiki-ng-sky.a(sicslowpan.o)
 .text.packet_sent
                0x0000000000007476       0x56 build/sky/contiki-ng-sky.a(sicslowpan.o)
 .text.store_fragment
                0x00000000000074cc       0xba build/sky/contiki-ng-sky.a(sicslowpan.o)
 .text.add_fragment
                0x0000000000007586      0x200 build/sky/contiki-ng-sky.a(sicslowpan.o)
 .text.uncompress_addr
                0x0000000000007786       0xb4 build/sky/contiki-ng-sky.a(sicslowpan.o)
 .text.fragment_copy_payload_and_send
                0x000000000000783a       0x64 build/sky/contiki-ng-sky.a(sicslowpan.o)
 .text.output   0x000000000000789e      0x806 build/sky/contiki-ng-sky.a(sicslowpan.o)
 .text.input    0x00000000000080a4      0x9a4 build/sky/contiki-ng-sky.a(sicslowpan.o)
 .text.uiplib_ipaddr_snprint
                0x0000000000008a48      0x12a build/sky/contiki-ng-sky.a(uiplib.o)
                0x0000000000008a48                uiplib_ipaddr_snprint
 .text.rpl_has_joined
                0x0000000000008b72       0x16 build/sky/contiki-ng-sky.a(rpl.o)
                0x0000000000008b72                rpl_has_joined
 .text.rpl_is_reachable
                0x0000000000008b88       0x16 build/sky/contiki-ng-sky.a(rpl.o)
                0x0000000000008b88                rpl_is_reachable
 .text.neighbor_state_changed
                0x0000000000008b9e        0x2 build/sky/contiki-ng-sky.a(rpl.o)
 .text.drop_route
                0x0000000000008ba0        0x2 build/sky/contiki-ng-sky.a(rpl.o)
 .text.rpl_get_leaf_only
                0x0000000000008ba2        0x6 build/sky/contiki-ng-sky.a(rpl.o)
                0x0000000000008ba2                rpl_get_leaf_only
 .text.get_sr_node_ipaddr
                0x0000000000008ba8       0x34 build/sky/contiki-ng-sky.a(rpl.o)
 .text.init     0x0000000000008bdc       0x42 build/sky/contiki-ng-sky.a(rpl.o)
 .text.set_ip_from_prefix
                0x0000000000008c1e       0x38 build/sky/contiki-ng-sky.a(rpl.o)
 .text.rpl_link_callback
                0x0000000000008c56       0x1e build/sky/contiki-ng-sky.a(rpl.o)
                0x0000000000008c56                rpl_link_callback
 .text.rpl_lollipop_greater_than
                0x0000000000008c74       0x44 build/sky/contiki-ng-sky.a(rpl.o)
                0x0000000000008c74                rpl_lollipop_greater_than
 .text.rpl_get_global_address
                0x0000000000008cb8       0xba build/sky/contiki-ng-sky.a(rpl.o)
                0x0000000000008cb8                rpl_get_global_address
 .text.rpl_reset_prefix
                0x0000000000008d72       0x24 build/sky/contiki-ng-sky.a(rpl.o)
                0x0000000000008d72                rpl_reset_prefix
 .text.rpl_set_prefix_from_addr
                0x0000000000008d96       0x92 build/sky/contiki-ng-sky.a(rpl.o)
                0x0000000000008d96                rpl_set_prefix_from_addr
 .text.get32    0x0000000000008e28       0x46 build/sky/contiki-ng-sky.a(rpl-icmp6.o)
 .text.set32    0x0000000000008e6e       0x2a build/sky/contiki-ng-sky.a(rpl-icmp6.o)
 .text.get16    0x0000000000008e98        0xe build/sky/contiki-ng-sky.a(rpl-icmp6.o)
 .text.set16    0x0000000000008ea6       0x10 build/sky/contiki-ng-sky.a(rpl-icmp6.o)
 .text.dao_ack_input
                0x0000000000008eb6       0x2a build/sky/contiki-ng-sky.a(rpl-icmp6.o)
 .text.dao_input
                0x0000000000008ee0      0x14c build/sky/contiki-ng-sky.a(rpl-icmp6.o)
 .text.dio_input
                0x000000000000902c      0x2a0 build/sky/contiki-ng-sky.a(rpl-icmp6.o)
 .text.dis_input
                0x00000000000092cc       0x1e build/sky/contiki-ng-sky.a(rpl-icmp6.o)
 .text.rpl_icmp6_update_nbr_table
                0x00000000000092ea       0x36 build/sky/contiki-ng-sky.a(rpl-icmp6.o)
                0x00000000000092ea                rpl_icmp6_update_nbr_table
 .text.rpl_icmp6_dis_output
                0x0000000000009320       0x34 build/sky/contiki-ng-sky.a(rpl-icmp6.o)
                0x0000000000009320                rpl_icmp6_dis_output
 .text.rpl_icmp6_dio_output
                0x0000000000009354      0x232 build/sky/contiki-ng-sky.a(rpl-icmp6.o)
                0x0000000000009354                rpl_icmp6_dio_output
 .text.rpl_icmp6_dao_output
                0x0000000000009586       0xe4 build/sky/contiki-ng-sky.a(rpl-icmp6.o)
                0x0000000000009586                rpl_icmp6_dao_output
 .text.rpl_icmp6_dao_ack_output
                0x000000000000966a       0x44 build/sky/contiki-ng-sky.a(rpl-icmp6.o)
                0x000000000000966a                rpl_icmp6_dao_ack_output
 .text.rpl_icmp6_init
                0x00000000000096ae       0x22 build/sky/contiki-ng-sky.a(rpl-icmp6.o)
                0x00000000000096ae                rpl_icmp6_init
 .text.rpl_dag_root_set_prefix
                0x00000000000096d0       0x62 build/sky/contiki-ng-sky.a(rpl-dag-root.o)
                0x00000000000096d0                rpl_dag_root_set_prefix
 .text.rpl_dag_root_start
                0x0000000000009732       0x8c build/sky/contiki-ng-sky.a(rpl-dag-root.o)
                0x0000000000009732                rpl_dag_root_start
 .text.rpl_dag_root_is_root
                0x00000000000097be       0x18 build/sky/contiki-ng-sky.a(rpl-dag-root.o)
                0x00000000000097be                rpl_dag_root_is_root
 .text.init_platform
                0x00000000000097d6        0xc build/sky/contiki-ng-sky.a(contiki-sky-pla)
                0x00000000000097d6                init_platform
 .text.crc8_add
                0x00000000000097e2       0x1c build/sky/contiki-ng-sky.a(sht11.o)
 .text.sstart   0x00000000000097fe       0x3e build/sky/contiki-ng-sky.a(sht11.o)
 .text.swrite   0x000000000000983c       0x52 build/sky/contiki-ng-sky.a(sht11.o)
 .text.sread    0x000000000000988e       0x4e build/sky/contiki-ng-sky.a(sht11.o)
 .text.sreset   0x00000000000098dc       0x2a build/sky/contiki-ng-sky.a(sht11.o)
 .text.scmd.part.0
                0x0000000000009906       0xb0 build/sky/contiki-ng-sky.a(sht11.o)
 .text.sht11_init
                0x00000000000099b6       0x1a build/sky/contiki-ng-sky.a(sht11.o)
                0x00000000000099b6                sht11_init
 .text.sht11_off
                0x00000000000099d0       0x14 build/sky/contiki-ng-sky.a(sht11.o)
                0x00000000000099d0                sht11_off
 .text.sht11_temp
                0x00000000000099e4        0xa build/sky/contiki-ng-sky.a(sht11.o)
                0x00000000000099e4                sht11_temp
 .text.sht11_humidity
                0x00000000000099ee        0xa build/sky/contiki-ng-sky.a(sht11.o)
                0x00000000000099ee                sht11_humidity
 .text.sht11_sreg
                0x00000000000099f8       0x7a build/sky/contiki-ng-sky.a(sht11.o)
                0x00000000000099f8                sht11_sreg
 .text.status   0x0000000000009a72       0x16 build/sky/contiki-ng-sky.a(button-sensor.o)
 .text.configure
                0x0000000000009a88       0x52 build/sky/contiki-ng-sky.a(button-sensor.o)
 .text.value    0x0000000000009ada       0x22 build/sky/contiki-ng-sky.a(button-sensor.o)
 .text.irq_p2   0x0000000000009afc       0x48 build/sky/contiki-ng-sky.a(button-sensor.o)
                0x0000000000009afc                irq_p2
                0x0000000000009afc                __isr_1
 .text.owreadb  0x0000000000009b44       0x52 build/sky/contiki-ng-sky.a(ds2411.o)
 .text.ds2411_init
                0x0000000000009b96      0x122 build/sky/contiki-ng-sky.a(ds2411.o)
                0x0000000000009b96                ds2411_init
 .text.xmem_init
                0x0000000000009cb8       0x3e build/sky/contiki-ng-sky.a(xmem.o)
                0x0000000000009cb8                xmem_init
 .text.process_thread_sensors_process
                0x0000000000009cf6       0xbe build/sky/contiki-ng-sky.a(sensors.o)
 .text.sensors_changed
                0x0000000000009db4       0x2a build/sky/contiki-ng-sky.a(sensors.o)
                0x0000000000009db4                sensors_changed
 .text.get_object
                0x0000000000009dde        0x4 build/sky/contiki-ng-sky.a(cc2420.o)
 .text.set_object
                0x0000000000009de2        0x4 build/sky/contiki-ng-sky.a(cc2420.o)
 .text.strobe   0x0000000000009de6       0x20 build/sky/contiki-ng-sky.a(cc2420.o)
 .text.getreg   0x0000000000009e06       0x54 build/sky/contiki-ng-sky.a(cc2420.o)
 .text.setreg   0x0000000000009e5a       0x52 build/sky/contiki-ng-sky.a(cc2420.o)
 .text.write_ram
                0x0000000000009eac       0x80 build/sky/contiki-ng-sky.a(cc2420.o)
 .text.write_fifo_buf
                0x0000000000009f2c       0x40 build/sky/contiki-ng-sky.a(cc2420.o)
 .text.get_status
                0x0000000000009f6c       0x24 build/sky/contiki-ng-sky.a(cc2420.o)
 .text.on       0x0000000000009f90       0x1a build/sky/contiki-ng-sky.a(cc2420.o)
 .text.cc2420_receiving_packet
                0x0000000000009faa        0xe build/sky/contiki-ng-sky.a(cc2420.o)
 .text.pending_packet
                0x0000000000009fb8        0x8 build/sky/contiki-ng-sky.a(cc2420.o)
 .text.wait_for_transmission
                0x0000000000009fc0       0x22 build/sky/contiki-ng-sky.a(cc2420.o)
 .text.wait_for_status
                0x0000000000009fe2       0x2a build/sky/contiki-ng-sky.a(cc2420.o)
 .text.getrxdata
                0x000000000000a00c       0x56 build/sky/contiki-ng-sky.a(cc2420.o)
 .text.flushrx  0x000000000000a062       0x1a build/sky/contiki-ng-sky.a(cc2420.o)
 .text.off      0x000000000000a07c       0x2c build/sky/contiki-ng-sky.a(cc2420.o)
 .text.RELEASE_LOCK
                0x000000000000a0a8       0x28 build/sky/contiki-ng-sky.a(cc2420.o)
 .text.set_key  0x000000000000a0d0       0x18 build/sky/contiki-ng-sky.a(cc2420.o)
 .text.set_frame_filtering
                0x000000000000a0e8       0x30 build/sky/contiki-ng-sky.a(cc2420.o)
 .text.set_auto_ack
                0x000000000000a118       0x30 build/sky/contiki-ng-sky.a(cc2420.o)
 .text.set_poll_mode
                0x000000000000a148       0x36 build/sky/contiki-ng-sky.a(cc2420.o)
 .text.cc2420_prepare
                0x000000000000a17e       0x46 build/sky/contiki-ng-sky.a(cc2420.o)
 .text.cc2420_on
                0x000000000000a1c4       0x22 build/sky/contiki-ng-sky.a(cc2420.o)
                0x000000000000a1c4                cc2420_on
 .text.cc2420_transmit
                0x000000000000a1e6       0x66 build/sky/contiki-ng-sky.a(cc2420.o)
 .text.cc2420_send
                0x000000000000a24c       0x12 build/sky/contiki-ng-sky.a(cc2420.o)
 .text.cc2420_off
                0x000000000000a25e       0x30 build/sky/contiki-ng-sky.a(cc2420.o)
                0x000000000000a25e                cc2420_off
 .text.cc2420_cca
                0x000000000000a28e       0x5e build/sky/contiki-ng-sky.a(cc2420.o)
 .text.cc2420_read
                0x000000000000a2ec       0xc2 build/sky/contiki-ng-sky.a(cc2420.o)
 .text.process_thread_cc2420_process
                0x000000000000a3ae       0x5e build/sky/contiki-ng-sky.a(cc2420.o)
 .text.encrypt  0x000000000000a40c       0x8e build/sky/contiki-ng-sky.a(cc2420.o)
 .text.cc2420_set_channel
                0x000000000000a49a       0x3c build/sky/contiki-ng-sky.a(cc2420.o)
                0x000000000000a49a                cc2420_set_channel
 .text.cc2420_set_pan_addr
                0x000000000000a4d6       0x4c build/sky/contiki-ng-sky.a(cc2420.o)
                0x000000000000a4d6                cc2420_set_pan_addr
 .text.cc2420_interrupt
                0x000000000000a522       0x18 build/sky/contiki-ng-sky.a(cc2420.o)
                0x000000000000a522                cc2420_interrupt
 .text.cc2420_set_txpower
                0x000000000000a53a       0x2e build/sky/contiki-ng-sky.a(cc2420.o)
                0x000000000000a53a                cc2420_set_txpower
 .text.cc2420_get_txpower
                0x000000000000a568       0x1e build/sky/contiki-ng-sky.a(cc2420.o)
                0x000000000000a568                cc2420_get_txpower
 .text.cc2420_rssi
                0x000000000000a586       0x4c build/sky/contiki-ng-sky.a(cc2420.o)
                0x000000000000a586                cc2420_rssi
 .text.get_value
                0x000000000000a5d2      0x122 build/sky/contiki-ng-sky.a(cc2420.o)
 .text.cc2420_set_cca_threshold
                0x000000000000a6f4       0x16 build/sky/contiki-ng-sky.a(cc2420.o)
                0x000000000000a6f4                cc2420_set_cca_threshold
 .text.set_value
                0x000000000000a70a      0x152 build/sky/contiki-ng-sky.a(cc2420.o)
 .text.cc2420_init
                0x000000000000a85c       0xf0 build/sky/contiki-ng-sky.a(cc2420.o)
                0x000000000000a85c                cc2420_init
 .text.cc2420_port1_interrupt
                0x000000000000a94c       0x20 build/sky/contiki-ng-sky.a(cc2420-arch.o)
                0x000000000000a94c                __isr_4
                0x000000000000a94c                cc2420_port1_interrupt
 .text.cc2420_arch_init
                0x000000000000a96c       0x1a build/sky/contiki-ng-sky.a(cc2420-arch.o)
                0x000000000000a96c                cc2420_arch_init
 .text.uart1_active
                0x000000000000a986       0x1a build/sky/contiki-ng-sky.a(uart1.o)
                0x000000000000a986                uart1_active
 .text.uart1_writeb
                0x000000000000a9a0       0x1a build/sky/contiki-ng-sky.a(uart1.o)
                0x000000000000a9a0                uart1_writeb
 .text.uart1_init
                0x000000000000a9ba       0xf6 build/sky/contiki-ng-sky.a(uart1.o)
                0x000000000000a9ba                uart1_init
 .text.stimer_set
                0x000000000000aab0       0x1c build/sky/contiki-ng-sky.a(stimer.o)
                0x000000000000aab0                stimer_set
 .text.stimer_expired
                0x000000000000aacc       0x30 build/sky/contiki-ng-sky.a(stimer.o)
                0x000000000000aacc                stimer_expired
 .text.memb_init
                0x000000000000aafc       0x36 build/sky/contiki-ng-sky.a(memb.o)
                0x000000000000aafc                memb_init
 .text.memb_alloc
                0x000000000000ab32       0x3e build/sky/contiki-ng-sky.a(memb.o)
                0x000000000000ab32                memb_alloc
 .text.memb_free
                0x000000000000ab70       0x32 build/sky/contiki-ng-sky.a(memb.o)
                0x000000000000ab70                memb_free
 .text.memb_inmemb
                0x000000000000aba2       0x2e build/sky/contiki-ng-sky.a(memb.o)
                0x000000000000aba2                memb_inmemb
 .text.memb_numfree
                0x000000000000abd0       0x26 build/sky/contiki-ng-sky.a(memb.o)
                0x000000000000abd0                memb_numfree
 .text.index_from_key
                0x000000000000abf6       0x48 build/sky/contiki-ng-sky.a(nbr-table.o)
 .text.item_from_key
                0x000000000000ac3e       0x34 build/sky/contiki-ng-sky.a(nbr-table.o)
 .text.nbr_set_bit
                0x000000000000ac72       0x8e build/sky/contiki-ng-sky.a(nbr-table.o)
 .text.index_from_lladdr
                0x000000000000ad00       0x42 build/sky/contiki-ng-sky.a(nbr-table.o)
 .text.nbr_get_bit.constprop.0
                0x000000000000ad42       0x62 build/sky/contiki-ng-sky.a(nbr-table.o)
 .text.nbr_table_is_registered
                0x000000000000ada4       0x26 build/sky/contiki-ng-sky.a(nbr-table.o)
                0x000000000000ada4                nbr_table_is_registered
 .text.nbr_table_register
                0x000000000000adca       0x42 build/sky/contiki-ng-sky.a(nbr-table.o)
                0x000000000000adca                nbr_table_register
 .text.nbr_table_next
                0x000000000000ae0c       0x90 build/sky/contiki-ng-sky.a(nbr-table.o)
                0x000000000000ae0c                nbr_table_next
 .text.nbr_table_head
                0x000000000000ae9c       0x36 build/sky/contiki-ng-sky.a(nbr-table.o)
                0x000000000000ae9c                nbr_table_head
 .text.nbr_table_add_lladdr
                0x000000000000aed2      0x180 build/sky/contiki-ng-sky.a(nbr-table.o)
                0x000000000000aed2                nbr_table_add_lladdr
 .text.nbr_table_get_from_lladdr
                0x000000000000b052       0x48 build/sky/contiki-ng-sky.a(nbr-table.o)
                0x000000000000b052                nbr_table_get_from_lladdr
 .text.nbr_table_remove
                0x000000000000b09a       0x32 build/sky/contiki-ng-sky.a(nbr-table.o)
                0x000000000000b09a                nbr_table_remove
 .text.nbr_table_lock
                0x000000000000b0cc       0x10 build/sky/contiki-ng-sky.a(nbr-table.o)
                0x000000000000b0cc                nbr_table_lock
 .text.nbr_table_unlock
                0x000000000000b0dc       0x10 build/sky/contiki-ng-sky.a(nbr-table.o)
                0x000000000000b0dc                nbr_table_unlock
 .text.nbr_table_get_lladdr
                0x000000000000b0ec       0x5a build/sky/contiki-ng-sky.a(nbr-table.o)
                0x000000000000b0ec                nbr_table_get_lladdr
 .text.periodic
                0x000000000000b146       0x28 build/sky/contiki-ng-sky.a(link-stats.o)
 .text.link_stats_from_lladdr
                0x000000000000b16e        0xc build/sky/contiki-ng-sky.a(link-stats.o)
                0x000000000000b16e                link_stats_from_lladdr
 .text.link_stats_is_fresh
                0x000000000000b17a       0x2e build/sky/contiki-ng-sky.a(link-stats.o)
                0x000000000000b17a                link_stats_is_fresh
 .text.guess_etx_from_rssi
                0x000000000000b1a8       0x42 build/sky/contiki-ng-sky.a(link-stats.o)
                0x000000000000b1a8                guess_etx_from_rssi
 .text.link_stats_packet_sent
                0x000000000000b1ea       0xde build/sky/contiki-ng-sky.a(link-stats.o)
                0x000000000000b1ea                link_stats_packet_sent
 .text.link_stats_input_callback
                0x000000000000b2c8       0xb6 build/sky/contiki-ng-sky.a(link-stats.o)
                0x000000000000b2c8                link_stats_input_callback
 .text.link_stats_reset
                0x000000000000b37e       0x2a build/sky/contiki-ng-sky.a(link-stats.o)
                0x000000000000b37e                link_stats_reset
 .text.link_stats_init
                0x000000000000b3a8       0x22 build/sky/contiki-ng-sky.a(link-stats.o)
                0x000000000000b3a8                link_stats_init
 .text.mac_sequence_is_duplicate
                0x000000000000b3ca       0x78 build/sky/contiki-ng-sky.a(mac-sequence.o)
                0x000000000000b3ca                mac_sequence_is_duplicate
 .text.mac_sequence_register_seqno
                0x000000000000b442       0x98 build/sky/contiki-ng-sky.a(mac-sequence.o)
                0x000000000000b442                mac_sequence_register_seqno
 .text.mac_call_sent_callback
                0x000000000000b4da       0x14 build/sky/contiki-ng-sky.a(mac.o)
                0x000000000000b4da                mac_call_sent_callback
 .text.parse    0x000000000000b4ee       0xa0 build/sky/contiki-ng-sky.a(framer-802154.o)
 .text.framer_802154_setup_params
                0x000000000000b58e       0xb8 build/sky/contiki-ng-sky.a(framer-802154.o)
                0x000000000000b58e                framer_802154_setup_params
 .text.create_frame
                0x000000000000b646       0xde build/sky/contiki-ng-sky.a(framer-802154.o)
 .text.create   0x000000000000b724        0x8 build/sky/contiki-ng-sky.a(framer-802154.o)
 .text.hdr_length
                0x000000000000b72c        0x8 build/sky/contiki-ng-sky.a(framer-802154.o)
 .text.frame802154_get_pan_id
                0x000000000000b734        0x6 build/sky/contiki-ng-sky.a(frame802154.o)
                0x000000000000b734                frame802154_get_pan_id
 .text.frame802154_has_panid
                0x000000000000b73a       0xdc build/sky/contiki-ng-sky.a(frame802154.o)
                0x000000000000b73a                frame802154_has_panid
 .text.field_len
                0x000000000000b816       0xb2 build/sky/contiki-ng-sky.a(frame802154.o)
 .text.frame802154_is_broadcast_addr
                0x000000000000b8c8       0x24 build/sky/contiki-ng-sky.a(frame802154.o)
                0x000000000000b8c8                frame802154_is_broadcast_addr
 .text.frame802154_hdrlen
                0x000000000000b8ec       0x32 build/sky/contiki-ng-sky.a(frame802154.o)
                0x000000000000b8ec                frame802154_hdrlen
 .text.frame802154_create_fcf
                0x000000000000b91e       0x96 build/sky/contiki-ng-sky.a(frame802154.o)
                0x000000000000b91e                frame802154_create_fcf
 .text.frame802154_create
                0x000000000000b9b4       0xe4 build/sky/contiki-ng-sky.a(frame802154.o)
                0x000000000000b9b4                frame802154_create
 .text.frame802154_parse_fcf
                0x000000000000ba98       0xbe build/sky/contiki-ng-sky.a(frame802154.o)
                0x000000000000ba98                frame802154_parse_fcf
 .text.frame802154_parse
                0x000000000000bb56      0x18c build/sky/contiki-ng-sky.a(frame802154.o)
                0x000000000000bb56                frame802154_parse
 .text.csma_security_create_frame
                0x000000000000bce2       0x10 build/sky/contiki-ng-sky.a(csma-security.o)
                0x000000000000bce2                csma_security_create_frame
 .text.csma_security_parse_frame
                0x000000000000bcf2        0x6 build/sky/contiki-ng-sky.a(csma-security.o)
                0x000000000000bcf2                csma_security_parse_frame
 .text.uipbuf_add_ext_hdr
                0x000000000000bcf8       0x1c build/sky/contiki-ng-sky.a(uipbuf.o)
                0x000000000000bcf8                uipbuf_add_ext_hdr
 .text.uipbuf_set_len
                0x000000000000bd14       0x12 build/sky/contiki-ng-sky.a(uipbuf.o)
                0x000000000000bd14                uipbuf_set_len
 .text.uipbuf_set_len_field
                0x000000000000bd26        0xe build/sky/contiki-ng-sky.a(uipbuf.o)
                0x000000000000bd26                uipbuf_set_len_field
 .text.uipbuf_get_len_field
                0x000000000000bd34        0xe build/sky/contiki-ng-sky.a(uipbuf.o)
                0x000000000000bd34                uipbuf_get_len_field
 .text.uipbuf_get_next_header
                0x000000000000bd42       0x62 build/sky/contiki-ng-sky.a(uipbuf.o)
                0x000000000000bd42                uipbuf_get_next_header
 .text.uipbuf_get_last_header
                0x000000000000bda4       0x7a build/sky/contiki-ng-sky.a(uipbuf.o)
                0x000000000000bda4                uipbuf_get_last_header
 .text.uipbuf_search_header
                0x000000000000be1e       0x88 build/sky/contiki-ng-sky.a(uipbuf.o)
                0x000000000000be1e                uipbuf_search_header
 .text.uipbuf_get_attr
                0x000000000000bea6       0x14 build/sky/contiki-ng-sky.a(uipbuf.o)
                0x000000000000bea6                uipbuf_get_attr
 .text.uipbuf_clear_attr
                0x000000000000beba       0x12 build/sky/contiki-ng-sky.a(uipbuf.o)
                0x000000000000beba                uipbuf_clear_attr
 .text.uipbuf_clear
                0x000000000000becc       0x12 build/sky/contiki-ng-sky.a(uipbuf.o)
                0x000000000000becc                uipbuf_clear
 .text.uipbuf_init
                0x000000000000bede       0x1a build/sky/contiki-ng-sky.a(uipbuf.o)
                0x000000000000bede                uipbuf_init
 .text.echo_reply_input
                0x000000000000bef8       0x68 build/sky/contiki-ng-sky.a(uip-icmp6.o)
 .text.echo_request_input
                0x000000000000bf60       0x86 build/sky/contiki-ng-sky.a(uip-icmp6.o)
 .text.uip_icmp6_input
                0x000000000000bfe6       0x44 build/sky/contiki-ng-sky.a(uip-icmp6.o)
                0x000000000000bfe6                uip_icmp6_input
 .text.uip_icmp6_register_input_handler
                0x000000000000c02a        0xc build/sky/contiki-ng-sky.a(uip-icmp6.o)
                0x000000000000c02a                uip_icmp6_register_input_handler
 .text.uip_icmp6_error_output
                0x000000000000c036      0x146 build/sky/contiki-ng-sky.a(uip-icmp6.o)
                0x000000000000c036                uip_icmp6_error_output
 .text.uip_icmp6_send
                0x000000000000c17c       0x8e build/sky/contiki-ng-sky.a(uip-icmp6.o)
                0x000000000000c17c                uip_icmp6_send
 .text.uip_icmp6_init
                0x000000000000c20a       0x12 build/sky/contiki-ng-sky.a(uip-icmp6.o)
                0x000000000000c20a                uip_icmp6_init
 .text.uip_sr_get_node
                0x000000000000c21c       0x54 build/sky/contiki-ng-sky.a(uip-sr.o)
                0x000000000000c21c                uip_sr_get_node
 .text.uip_sr_is_addr_reachable
                0x000000000000c270       0x4e build/sky/contiki-ng-sky.a(uip-sr.o)
                0x000000000000c270                uip_sr_is_addr_reachable
 .text.uip_sr_expire_parent
                0x000000000000c2be       0x56 build/sky/contiki-ng-sky.a(uip-sr.o)
                0x000000000000c2be                uip_sr_expire_parent
 .text.uip_sr_update_node
                0x000000000000c314       0xbc build/sky/contiki-ng-sky.a(uip-sr.o)
                0x000000000000c314                uip_sr_update_node
 .text.uip_sr_init
                0x000000000000c3d0       0x16 build/sky/contiki-ng-sky.a(uip-sr.o)
                0x000000000000c3d0                uip_sr_init
 .text.uip_sr_periodic
                0x000000000000c3e6       0x9a build/sky/contiki-ng-sky.a(uip-sr.o)
                0x000000000000c3e6                uip_sr_periodic
 .text.uip_sr_free_all
                0x000000000000c480       0x3c build/sky/contiki-ng-sky.a(uip-sr.o)
                0x000000000000c480                uip_sr_free_all
 .text.uip_udp_packet_send
                0x000000000000c4bc       0x2a build/sky/contiki-ng-sky.a(uip-udp-packet.)
                0x000000000000c4bc                uip_udp_packet_send
 .text.uip_udp_packet_sendto
                0x000000000000c4e6       0x66 build/sky/contiki-ng-sky.a(uip-udp-packet.)
                0x000000000000c4e6                uip_udp_packet_sendto
 .text.init_dag
                0x000000000000c54c       0x80 build/sky/contiki-ng-sky.a(rpl-dag.o)
 .text.init_dag_from_dio
                0x000000000000c5cc       0x94 build/sky/contiki-ng-sky.a(rpl-dag.o)
 .text.rpl_dag_get_root_ipaddr
                0x000000000000c660       0x22 build/sky/contiki-ng-sky.a(rpl-dag.o)
                0x000000000000c660                rpl_dag_get_root_ipaddr
 .text.rpl_dag_leave
                0x000000000000c682       0x4c build/sky/contiki-ng-sky.a(rpl-dag.o)
                0x000000000000c682                rpl_dag_leave
 .text.rpl_dag_poison_and_leave
                0x000000000000c6ce        0xc build/sky/contiki-ng-sky.a(rpl-dag.o)
                0x000000000000c6ce                rpl_dag_poison_and_leave
 .text.rpl_dag_periodic
                0x000000000000c6da       0x6a build/sky/contiki-ng-sky.a(rpl-dag.o)
                0x000000000000c6da                rpl_dag_periodic
 .text.rpl_is_addr_in_our_dag
                0x000000000000c744       0x34 build/sky/contiki-ng-sky.a(rpl-dag.o)
                0x000000000000c744                rpl_is_addr_in_our_dag
 .text.rpl_local_repair
                0x000000000000c778       0x2a build/sky/contiki-ng-sky.a(rpl-dag.o)
                0x000000000000c778                rpl_local_repair
 .text.rpl_global_repair
                0x000000000000c7a2       0x2e build/sky/contiki-ng-sky.a(rpl-dag.o)
                0x000000000000c7a2                rpl_global_repair
 .text.rpl_dag_ready_to_advertise
                0x000000000000c7d0       0x26 build/sky/contiki-ng-sky.a(rpl-dag.o)
                0x000000000000c7d0                rpl_dag_ready_to_advertise
 .text.rpl_dag_update_state
                0x000000000000c7f6      0x140 build/sky/contiki-ng-sky.a(rpl-dag.o)
                0x000000000000c7f6                rpl_dag_update_state
 .text.rpl_process_dio
                0x000000000000c936      0x1ea build/sky/contiki-ng-sky.a(rpl-dag.o)
                0x000000000000c936                rpl_process_dio
 .text.rpl_process_dis
                0x000000000000cb20       0x2a build/sky/contiki-ng-sky.a(rpl-dag.o)
                0x000000000000cb20                rpl_process_dis
 .text.rpl_process_dao
                0x000000000000cb4a       0x66 build/sky/contiki-ng-sky.a(rpl-dag.o)
                0x000000000000cb4a                rpl_process_dao
 .text.rpl_process_dao_ack
                0x000000000000cbb0       0x54 build/sky/contiki-ng-sky.a(rpl-dag.o)
                0x000000000000cbb0                rpl_process_dao_ack
 .text.rpl_process_hbh
                0x000000000000cc04       0x2e build/sky/contiki-ng-sky.a(rpl-dag.o)
                0x000000000000cc04                rpl_process_hbh
 .text.rpl_dag_init_root
                0x000000000000cc32       0xbc build/sky/contiki-ng-sky.a(rpl-dag.o)
                0x000000000000cc32                rpl_dag_init_root
 .text.rpl_dag_init
                0x000000000000ccee       0x10 build/sky/contiki-ng-sky.a(rpl-dag.o)
                0x000000000000ccee                rpl_dag_init
 .text.acceptable_rank
                0x000000000000ccfe       0x3c build/sky/contiki-ng-sky.a(rpl-neighbor.o)
 .text.remove_neighbor
                0x000000000000cd3a       0x24 build/sky/contiki-ng-sky.a(rpl-neighbor.o)
 .text.rpl_neighbor_get_from_lladdr
                0x000000000000cd5e        0xc build/sky/contiki-ng-sky.a(rpl-neighbor.o)
                0x000000000000cd5e                rpl_neighbor_get_from_lladdr
 .text.rpl_neighbor_rank_via_nbr
                0x000000000000cd6a       0x1c build/sky/contiki-ng-sky.a(rpl-neighbor.o)
                0x000000000000cd6a                rpl_neighbor_rank_via_nbr
 .text.rpl_neighbor_get_lladdr
                0x000000000000cd86        0xc build/sky/contiki-ng-sky.a(rpl-neighbor.o)
                0x000000000000cd86                rpl_neighbor_get_lladdr
 .text.rpl_neighbor_get_ipaddr
                0x000000000000cd92        0xa build/sky/contiki-ng-sky.a(rpl-neighbor.o)
                0x000000000000cd92                rpl_neighbor_get_ipaddr
 .text.rpl_neighbor_get_link_stats
                0x000000000000cd9c        0xa build/sky/contiki-ng-sky.a(rpl-neighbor.o)
                0x000000000000cd9c                rpl_neighbor_get_link_stats
 .text.rpl_neighbor_is_fresh
                0x000000000000cda6        0xa build/sky/contiki-ng-sky.a(rpl-neighbor.o)
                0x000000000000cda6                rpl_neighbor_is_fresh
 .text.best_parent
                0x000000000000cdb0       0x72 build/sky/contiki-ng-sky.a(rpl-neighbor.o)
 .text.rpl_neighbor_is_parent
                0x000000000000ce22       0x18 build/sky/contiki-ng-sky.a(rpl-neighbor.o)
                0x000000000000ce22                rpl_neighbor_is_parent
 .text.rpl_neighbor_set_preferred_parent
                0x000000000000ce3a       0x48 build/sky/contiki-ng-sky.a(rpl-neighbor.o)
                0x000000000000ce3a                rpl_neighbor_set_preferred_parent
 .text.rpl_neighbor_remove_all
                0x000000000000ce82       0x30 build/sky/contiki-ng-sky.a(rpl-neighbor.o)
                0x000000000000ce82                rpl_neighbor_remove_all
 .text.rpl_neighbor_get_from_ipaddr
                0x000000000000ceb2       0x14 build/sky/contiki-ng-sky.a(rpl-neighbor.o)
                0x000000000000ceb2                rpl_neighbor_get_from_ipaddr
 .text.rpl_neighbor_select_best
                0x000000000000cec6       0x52 build/sky/contiki-ng-sky.a(rpl-neighbor.o)
                0x000000000000cec6                rpl_neighbor_select_best
 .text.rpl_neighbor_init
                0x000000000000cf18        0xe build/sky/contiki-ng-sky.a(rpl-neighbor.o)
                0x000000000000cf18                rpl_neighbor_init
 .text.handle_state_update
                0x000000000000cf26        0x6 build/sky/contiki-ng-sky.a(rpl-timers.o)
 .text.handle_leaving_timer
                0x000000000000cf2c        0xc build/sky/contiki-ng-sky.a(rpl-timers.o)
 .text.schedule_dao_retransmission
                0x000000000000cf38       0x34 build/sky/contiki-ng-sky.a(rpl-timers.o)
 .text.new_dio_interval
                0x000000000000cf6c       0x8a build/sky/contiki-ng-sky.a(rpl-timers.o)
 .text.handle_unicast_dio_timer
                0x000000000000cff6       0x12 build/sky/contiki-ng-sky.a(rpl-timers.o)
 .text.send_new_dao
                0x000000000000d008       0x28 build/sky/contiki-ng-sky.a(rpl-timers.o)
 .text.resend_dao
                0x000000000000d030       0x24 build/sky/contiki-ng-sky.a(rpl-timers.o)
 .text.handle_dao_ack_timer
                0x000000000000d054       0x12 build/sky/contiki-ng-sky.a(rpl-timers.o)
 .text.handle_dio_timer
                0x000000000000d066       0x6e build/sky/contiki-ng-sky.a(rpl-timers.o)
 .text.rpl_timers_schedule_periodic_dis
                0x000000000000d0d4       0x40 build/sky/contiki-ng-sky.a(rpl-timers.o)
                0x000000000000d0d4                rpl_timers_schedule_periodic_dis
 .text.handle_periodic_timer
                0x000000000000d114       0x3a build/sky/contiki-ng-sky.a(rpl-timers.o)
 .text.handle_dis_timer
                0x000000000000d14e       0x26 build/sky/contiki-ng-sky.a(rpl-timers.o)
 .text.rpl_timers_dio_reset
                0x000000000000d174       0x2e build/sky/contiki-ng-sky.a(rpl-timers.o)
                0x000000000000d174                rpl_timers_dio_reset
 .text.rpl_timers_schedule_unicast_dio
                0x000000000000d1a2       0x20 build/sky/contiki-ng-sky.a(rpl-timers.o)
                0x000000000000d1a2                rpl_timers_schedule_unicast_dio
 .text.rpl_timers_schedule_dao
                0x000000000000d1c2       0x3a build/sky/contiki-ng-sky.a(rpl-timers.o)
                0x000000000000d1c2                rpl_timers_schedule_dao
 .text.rpl_timers_schedule_dao_ack
                0x000000000000d1fc       0x34 build/sky/contiki-ng-sky.a(rpl-timers.o)
                0x000000000000d1fc                rpl_timers_schedule_dao_ack
 .text.rpl_timers_notify_dao_ack
                0x000000000000d230       0x74 build/sky/contiki-ng-sky.a(rpl-timers.o)
                0x000000000000d230                rpl_timers_notify_dao_ack
 .text.get_probing_delay
                0x000000000000d2a4       0x1c build/sky/contiki-ng-sky.a(rpl-timers.o)
                0x000000000000d2a4                get_probing_delay
 .text.get_probing_target
                0x000000000000d2c0       0xec build/sky/contiki-ng-sky.a(rpl-timers.o)
                0x000000000000d2c0                get_probing_target
 .text.rpl_schedule_probing
                0x000000000000d3ac       0x20 build/sky/contiki-ng-sky.a(rpl-timers.o)
                0x000000000000d3ac                rpl_schedule_probing
 .text.handle_probing_timer
                0x000000000000d3cc       0x2a build/sky/contiki-ng-sky.a(rpl-timers.o)
 .text.rpl_schedule_probing_now
                0x000000000000d3f6       0x32 build/sky/contiki-ng-sky.a(rpl-timers.o)
                0x000000000000d3f6                rpl_schedule_probing_now
 .text.rpl_timers_unschedule_leaving
                0x000000000000d428       0x1c build/sky/contiki-ng-sky.a(rpl-timers.o)
                0x000000000000d428                rpl_timers_unschedule_leaving
 .text.rpl_timers_schedule_leaving
                0x000000000000d444       0x2a build/sky/contiki-ng-sky.a(rpl-timers.o)
                0x000000000000d444                rpl_timers_schedule_leaving
 .text.rpl_timers_init
                0x000000000000d46e       0x1c build/sky/contiki-ng-sky.a(rpl-timers.o)
                0x000000000000d46e                rpl_timers_init
 .text.rpl_timers_stop_dag_timers
                0x000000000000d48a       0x4c build/sky/contiki-ng-sky.a(rpl-timers.o)
                0x000000000000d48a                rpl_timers_stop_dag_timers
 .text.rpl_timers_unschedule_state_update
                0x000000000000d4d6       0x10 build/sky/contiki-ng-sky.a(rpl-timers.o)
                0x000000000000d4d6                rpl_timers_unschedule_state_update
 .text.rpl_timers_schedule_state_update
                0x000000000000d4e6       0x1c build/sky/contiki-ng-sky.a(rpl-timers.o)
                0x000000000000d4e6                rpl_timers_schedule_state_update
 .text.update_hbh_header
                0x000000000000d502       0x4e build/sky/contiki-ng-sky.a(rpl-ext-header.)
 .text.rpl_ext_header_srh_get_next_hop
                0x000000000000d550       0x86 build/sky/contiki-ng-sky.a(rpl-ext-header.)
                0x000000000000d550                rpl_ext_header_srh_get_next_hop
 .text.rpl_ext_header_srh_update
                0x000000000000d5d6      0x104 build/sky/contiki-ng-sky.a(rpl-ext-header.)
                0x000000000000d5d6                rpl_ext_header_srh_update
 .text.rpl_ext_header_hbh_update
                0x000000000000d6da       0x98 build/sky/contiki-ng-sky.a(rpl-ext-header.)
                0x000000000000d6da                rpl_ext_header_hbh_update
 .text.rpl_ext_header_remove
                0x000000000000d772      0x164 build/sky/contiki-ng-sky.a(rpl-ext-header.)
                0x000000000000d772                rpl_ext_header_remove
 .text.rpl_ext_header_update
                0x000000000000d8d6      0x2c8 build/sky/contiki-ng-sky.a(rpl-ext-header.)
                0x000000000000d8d6                rpl_ext_header_update
 .text.update_state
                0x000000000000db9e       0x78 build/sky/contiki-ng-sky.a(rpl-nbr-policy.)
 .text.rpl_nbr_policy_find_removable
                0x000000000000dc16       0x50 build/sky/contiki-ng-sky.a(rpl-nbr-policy.)
                0x000000000000dc16                rpl_nbr_policy_find_removable
 .text.reset    0x000000000000dc66        0x2 build/sky/contiki-ng-sky.a(rpl-mrhof.o)
 .text.update_metric_container
                0x000000000000dc68        0x6 build/sky/contiki-ng-sky.a(rpl-mrhof.o)
 .text.nbr_link_metric
                0x000000000000dc6e       0x12 build/sky/contiki-ng-sky.a(rpl-mrhof.o)
 .text.nbr_has_usable_link
                0x000000000000dc80       0x14 build/sky/contiki-ng-sky.a(rpl-mrhof.o)
 .text.nbr_path_cost
                0x000000000000dc94       0x38 build/sky/contiki-ng-sky.a(rpl-mrhof.o)
 .text.within_hysteresis
                0x000000000000dccc       0x5a build/sky/contiki-ng-sky.a(rpl-mrhof.o)
 .text.nbr_is_acceptable_parent
                0x000000000000dd26       0x2c build/sky/contiki-ng-sky.a(rpl-mrhof.o)
 .text.rank_via_nbr
                0x000000000000dd52       0x48 build/sky/contiki-ng-sky.a(rpl-mrhof.o)
 .text.best_parent
                0x000000000000dd9a       0x7e build/sky/contiki-ng-sky.a(rpl-mrhof.o)
 .text.spi_init
                0x000000000000de18       0x32 build/sky/contiki-ng-sky.a(spi-legacy.o)
                0x000000000000de18                spi_init
 .text.libgcc   0x000000000000de4a       0x2c /usr/lib/gcc/msp430/4.6.3/mmpy-16/libgcc.a(_mulsi3.o)
                0x000000000000de4a                __mulsi3
 .text.libgcc   0x000000000000de76       0x22 /usr/lib/gcc/msp430/4.6.3/mmpy-16/libgcc.a(_udivmod16.o)
                0x000000000000de76                __udivhi3
                0x000000000000de76                __ext_udivmod16
                0x000000000000de90                __umodhi3
 .text.libgcc   0x000000000000de98       0x3a /usr/lib/gcc/msp430/4.6.3/mmpy-16/libgcc.a(_divmod16.o)
                0x000000000000de98                __ext_divmod16
                0x000000000000de98                __divhi3
                0x000000000000deca                __modhi3
 .text.libgcc   0x000000000000ded2       0x40 /usr/lib/gcc/msp430/4.6.3/mmpy-16/libgcc.a(_udivmod32.o)
                0x000000000000ded2                __udivsi3
                0x000000000000ded2                __ext_udivmod32
                0x000000000000df08                __umodsi3
 .text.libgcc   0x000000000000df12       0x4c /usr/lib/gcc/msp430/4.6.3/mmpy-16/libgcc.a(_divmod32.o)
                0x000000000000df12                __ext_divmod32
                0x000000000000df12                __divsi3
                0x000000000000df54                __modsi3
 .text          0x000000000000df5e       0x20 /usr/lib/gcc/msp430/4.6.3/../../../../msp430/lib/mmpy-16/libc.a(memcmp.o)
                0x000000000000df5e                memcmp
 .text          0x000000000000df7e       0xfa /usr/lib/gcc/msp430/4.6.3/../../../../msp430/lib/mmpy-16/libc.a(memcpy.o)
                0x000000000000df7e                memcpy
 .text          0x000000000000e078       0xfa /usr/lib/gcc/msp430/4.6.3/../../../../msp430/lib/mmpy-16/libc.a(memmove.o)
                0x000000000000e078                memmove
 .text          0x000000000000e172       0x6a /usr/lib/gcc/msp430/4.6.3/../../../../msp430/lib/mmpy-16/libc.a(memset.o)
                0x000000000000e172                memset
 .text          0x000000000000e1dc       0x1e /usr/lib/gcc/msp430/4.6.3/../../../../msp430/lib/mmpy-16/libc.a(printf.o)
                0x000000000000e1dc                printf
                0x000000000000e1ec                vprintf
 .text          0x000000000000e1fa       0xbc /usr/lib/gcc/msp430/4.6.3/../../../../msp430/lib/mmpy-16/libc.a(sprintf.o)
                0x000000000000e258                sprintf
                0x000000000000e274                snprintf
                0x000000000000e28e                vsprintf
                0x000000000000e2a4                vsnprintf
 .text          0x000000000000e2b6      0x836 /usr/lib/gcc/msp430/4.6.3/../../../../msp430/lib/mmpy-16/libc.a(vuprintf.o)
                0x000000000000e44e                vuprintf
 .text          0x000000000000eaec       0x2c /usr/lib/gcc/msp430/4.6.3/../../../../msp430/lib/mmpy-16/libc.a(puts.o)
                0x000000000000eaec                puts
 .text          0x000000000000eb18       0x54 /usr/lib/gcc/msp430/4.6.3/../../../../msp430/lib/mmpy-16/libc.a(rand.o)
                0x000000000000eb18                rand_r
                0x000000000000eb3c                rand
                0x000000000000eb62                srand
 .text.libgcc   0x000000000000eb6c       0xf0 /usr/lib/gcc/msp430/4.6.3/mmpy-16/libgcc.a(_udivmod64.o)
                0x000000000000eb6c                __xabi_udivmod64
                0x000000000000ebca                __udivdi3
                0x000000000000ebf0                __umoddi3
                0x000000000000ec1e                __udivmoddi4
 .text.crt0     0x000000000000ec5c        0x2 /usr/lib/gcc/msp430/4.6.3/mmpy-16/libcrt0.a(_unexpected_.o)
                0x000000000000ec5c                _unexpected_
                0x000000000000ec5e                . = ALIGN (0x2)

.rodata         0x000000000000ec5e      0x4ea
                0x000000000000ec5e                . = ALIGN (0x2)
 *(.rodata .rodata.* .gnu.linkonce.r.*)
 .rodata        0x000000000000ec5e       0x92 udp-client.o
                0x000000000000ece0                autostart_processes
 .rodata        0x000000000000ecf0       0xed build/sky/obj/contiki-main.o
 *fill*         0x000000000000eddd        0x1 00
 .rodata        0x000000000000edde        0xe build/sky/contiki-ng-sky.a(sht11-sensor.o)
                0x000000000000ede4                sht11_sensor
 .rodata        0x000000000000edec       0x31 build/sky/contiki-ng-sky.a(platform.o)
 .rodata        0x000000000000ee1d        0xc build/sky/contiki-ng-sky.a(etimer.o)
 *fill*         0x000000000000ee29        0x1 00
 .rodata        0x000000000000ee2a       0xb6 build/sky/contiki-ng-sky.a(log.o)
 .rodata        0x000000000000eee0        0xf build/sky/contiki-ng-sky.a(ctimer.o)
 *fill*         0x000000000000eeef        0x1 00
 .rodata        0x000000000000eef0        0x8 build/sky/contiki-ng-sky.a(linkaddr.o)
                0x000000000000eef0                linkaddr_null
 .rodata        0x000000000000eef8       0x14 build/sky/contiki-ng-sky.a(csma.o)
                0x000000000000eefe                csma_driver
 .rodata        0x000000000000ef0c        0xd build/sky/contiki-ng-sky.a(tcpip.o)
 .rodata        0x000000000000ef19       0x13 build/sky/contiki-ng-sky.a(simple-udp.o)
 .rodata        0x000000000000ef2c       0x26 build/sky/contiki-ng-sky.a(sicslowpan.o)
                0x000000000000ef38                sicslowpan_driver
                0x000000000000ef40                llprefix
                0x000000000000ef42                unc_mxconf
                0x000000000000ef46                unc_ctxconf
                0x000000000000ef4a                unc_llconf
 .rodata        0x000000000000ef52       0x2d build/sky/contiki-ng-sky.a(uiplib.o)
 *fill*         0x000000000000ef7f        0x1 00
 .rodata        0x000000000000ef80       0x34 build/sky/contiki-ng-sky.a(rpl.o)
                0x000000000000ef8a                rpl_lite_driver
 .rodata        0x000000000000efb4       0x10 build/sky/contiki-ng-sky.a(button-sensor.o)
                0x000000000000efbc                button_sensor
 .rodata        0x000000000000efc4        0x8 build/sky/contiki-ng-sky.a(sensors.o)
 .rodata        0x000000000000efcc       0x80 build/sky/contiki-ng-sky.a(cc2420.o)
                0x000000000000f00e                cc2420_aes_128_driver
                0x000000000000f012                cc2420_driver
 .rodata        0x000000000000f04c        0x6 build/sky/contiki-ng-sky.a(framer-802154.o)
                0x000000000000f04c                framer_802154
 .rodata        0x000000000000f052        0x2 build/sky/contiki-ng-sky.a(frame802154.o)
 .rodata        0x000000000000f054       0xe0 build/sky/contiki-ng-sky.a(rpl-dag.o)
 .rodata        0x000000000000f134        0xc build/sky/contiki-ng-sky.a(rpl-timers.o)
 .rodata        0x000000000000f140        0x7 /usr/lib/gcc/msp430/4.6.3/../../../../msp430/lib/mmpy-16/libc.a(vuprintf.o)
                0x000000000000f148                . = ALIGN (0x2)
 *fill*         0x000000000000f147        0x1 00
                0x000000000000f148                _etext = .

.data           0x0000000000001100      0x13c load address 0x000000000000f148